/home/ricoeri/Documents/smartgram-backend/posts/infrastructure/memory_manager.py:19: FutureWarning: torch.cuda.reset_max_memory_allocated now calls torch.cuda.reset_peak_memory_stats, which resets /all/ peak memory stats.
  torch.cuda.reset_max_memory_allocated()
/home/ricoeri/Documents/smartgram-backend/venv/lib/python3.14/site-packages/huggingface_hub/utils/_validators.py:202: UserWarning: The `local_dir_use_symlinks` argument is deprecated and ignored in `hf_hub_download`. Downloading to a local directory does not use symlinks anymore.
  warnings.warn(
Some weights of the model checkpoint at xinsir/controlnet-union-sdxl-1.0 were not used when initializing ControlNetModel: 
 ['transformer_layes.0.mlp.c_proj.bias, transformer_layes.0.ln_1.bias, control_add_embedding.linear_1.bias, transformer_layes.0.attn.out_proj.bias, transformer_layes.0.ln_2.weight, transformer_layes.0.attn.out_proj.weight, transformer_layes.0.ln_2.bias, transformer_layes.0.attn.in_proj_bias, transformer_layes.0.mlp.c_proj.weight, control_add_embedding.linear_2.bias, transformer_layes.0.attn.in_proj_weight, control_add_embedding.linear_1.weight, spatial_ch_projs.bias, transformer_layes.0.ln_1.weight, task_embedding, control_add_embedding.linear_2.weight, transformer_layes.0.mlp.c_fc.bias, spatial_ch_projs.weight, transformer_layes.0.mlp.c_fc.weight']
=== Verifying ControlNet Union Implementation ===
Device: cuda

--- Test 1: AIModelManager with use_openpose=True ---
Initializing AI pipeline with maximum quality settings...
Loading pipeline components...:   0%|          | 0/7 [00:00<?, ?it/s]You are using a model of type clip_text_model to instantiate a model of type clip. This is not supported for all configurations of models and can yield errors.

Loading weights:   0%|          | 0/517 [00:00<?, ?it/s][A
Loading weights:   0%|          | 1/517 [00:00<00:00, 6403.52it/s, Materializing param=text_model.embeddings.position_embedding.weight][A
Loading weights:   0%|          | 1/517 [00:00<00:00, 1556.33it/s, Materializing param=text_model.embeddings.position_embedding.weight][A
Loading weights:   0%|          | 2/517 [00:00<01:06,  7.78it/s, Materializing param=text_model.embeddings.position_embedding.weight]  [A
Loading weights:   0%|          | 2/517 [00:00<01:06,  7.78it/s, Materializing param=text_model.embeddings.token_embedding.weight]   [A
Loading weights:   0%|          | 2/517 [00:00<01:06,  7.78it/s, Materializing param=text_model.embeddings.token_embedding.weight][A
Loading weights:   1%|          | 3/517 [00:00<01:28,  5.83it/s, Materializing param=text_model.embeddings.token_embedding.weight][A
Loading weights:   1%|          | 3/517 [00:00<01:28,  5.83it/s, Materializing param=text_model.encoder.layers.0.layer_norm1.bias][A
Loading weights:   1%|          | 3/517 [00:00<01:28,  5.83it/s, Materializing param=text_model.encoder.layers.0.layer_norm1.bias][A
Loading weights:   1%|          | 4/517 [00:00<01:27,  5.83it/s, Materializing param=text_model.encoder.layers.0.layer_norm1.weight][A
Loading weights:   1%|          | 4/517 [00:00<01:27,  5.83it/s, Materializing param=text_model.encoder.layers.0.layer_norm1.weight][A
Loading weights:   1%|          | 5/517 [00:00<01:11,  7.13it/s, Materializing param=text_model.encoder.layers.0.layer_norm1.weight][A
Loading weights:   1%|          | 5/517 [00:00<01:11,  7.13it/s, Materializing param=text_model.encoder.layers.0.layer_norm2.bias]  [A
Loading weights:   1%|          | 5/517 [00:00<01:11,  7.13it/s, Materializing param=text_model.encoder.layers.0.layer_norm2.bias][A
Loading weights:   1%|          | 6/517 [00:00<01:09,  7.39it/s, Materializing param=text_model.encoder.layers.0.layer_norm2.bias][A
Loading weights:   1%|          | 6/517 [00:00<01:09,  7.39it/s, Materializing param=text_model.encoder.layers.0.layer_norm2.weight][A
Loading weights:   1%|          | 6/517 [00:00<01:09,  7.39it/s, Materializing param=text_model.encoder.layers.0.layer_norm2.weight][A
Loading weights:   1%|▏         | 7/517 [00:00<01:09,  7.39it/s, Materializing param=text_model.encoder.layers.0.mlp.fc1.bias]      [A
Loading weights:   1%|▏         | 7/517 [00:00<01:09,  7.39it/s, Materializing param=text_model.encoder.layers.0.mlp.fc1.bias][A
Loading weights:   2%|▏         | 8/517 [00:00<01:08,  7.39it/s, Materializing param=text_model.encoder.layers.0.mlp.fc1.weight][A
Loading weights:   2%|▏         | 8/517 [00:00<01:08,  7.39it/s, Materializing param=text_model.encoder.layers.0.mlp.fc1.weight][A
Loading weights:   2%|▏         | 9/517 [00:00<01:08,  7.39it/s, Materializing param=text_model.encoder.layers.0.mlp.fc2.bias]  [A
Loading weights:   2%|▏         | 9/517 [00:01<01:08,  7.39it/s, Materializing param=text_model.encoder.layers.0.mlp.fc2.bias][A
Loading weights:   2%|▏         | 10/517 [00:01<00:44, 11.50it/s, Materializing param=text_model.encoder.layers.0.mlp.fc2.bias][A
Loading weights:   2%|▏         | 10/517 [00:01<00:44, 11.50it/s, Materializing param=text_model.encoder.layers.0.mlp.fc2.weight][A
Loading weights:   2%|▏         | 10/517 [00:01<00:44, 11.50it/s, Materializing param=text_model.encoder.layers.0.mlp.fc2.weight][A
Loading weights:   2%|▏         | 11/517 [00:01<00:44, 11.50it/s, Materializing param=text_model.encoder.layers.0.self_attn.k_proj.bias][A
Loading weights:   2%|▏         | 11/517 [00:01<00:44, 11.50it/s, Materializing param=text_model.encoder.layers.0.self_attn.k_proj.bias][A
Loading weights:   2%|▏         | 12/517 [00:01<00:40, 12.48it/s, Materializing param=text_model.encoder.layers.0.self_attn.k_proj.bias][A
Loading weights:   2%|▏         | 12/517 [00:01<00:40, 12.48it/s, Materializing param=text_model.encoder.layers.0.self_attn.k_proj.weight][A
Loading weights:   2%|▏         | 12/517 [00:01<00:40, 12.48it/s, Materializing param=text_model.encoder.layers.0.self_attn.k_proj.weight][A
Loading weights:   3%|▎         | 13/517 [00:01<00:40, 12.48it/s, Materializing param=text_model.encoder.layers.0.self_attn.out_proj.bias][A
Loading weights:   3%|▎         | 13/517 [00:01<00:40, 12.48it/s, Materializing param=text_model.encoder.layers.0.self_attn.out_proj.bias][A
Loading weights:   3%|▎         | 14/517 [00:01<00:37, 13.32it/s, Materializing param=text_model.encoder.layers.0.self_attn.out_proj.bias][A
Loading weights:   3%|▎         | 14/517 [00:01<00:37, 13.32it/s, Materializing param=text_model.encoder.layers.0.self_attn.out_proj.weight][A
Loading weights:   3%|▎         | 14/517 [00:01<00:37, 13.32it/s, Materializing param=text_model.encoder.layers.0.self_attn.out_proj.weight][A
Loading weights:   3%|▎         | 15/517 [00:01<00:37, 13.32it/s, Materializing param=text_model.encoder.layers.0.self_attn.q_proj.bias]    [A
Loading weights:   3%|▎         | 15/517 [00:01<00:37, 13.32it/s, Materializing param=text_model.encoder.layers.0.self_attn.q_proj.bias][A
Loading weights:   3%|▎         | 16/517 [00:01<00:47, 10.52it/s, Materializing param=text_model.encoder.layers.0.self_attn.q_proj.bias][A
Loading weights:   3%|▎         | 16/517 [00:01<00:47, 10.52it/s, Materializing param=text_model.encoder.layers.0.self_attn.q_proj.weight][A
Loading weights:   3%|▎         | 16/517 [00:01<00:47, 10.52it/s, Materializing param=text_model.encoder.layers.0.self_attn.q_proj.weight][A
Loading weights:   3%|▎         | 17/517 [00:01<00:47, 10.52it/s, Materializing param=text_model.encoder.layers.0.self_attn.v_proj.bias]  [A
Loading weights:   3%|▎         | 17/517 [00:01<00:47, 10.52it/s, Materializing param=text_model.encoder.layers.0.self_attn.v_proj.bias][A
Loading weights:   3%|▎         | 18/517 [00:01<00:50,  9.88it/s, Materializing param=text_model.encoder.layers.0.self_attn.v_proj.bias][A
Loading weights:   3%|▎         | 18/517 [00:01<00:50,  9.88it/s, Materializing param=text_model.encoder.layers.0.self_attn.v_proj.weight][A
Loading weights:   3%|▎         | 18/517 [00:01<00:50,  9.88it/s, Materializing param=text_model.encoder.layers.0.self_attn.v_proj.weight][A
Loading weights:   4%|▎         | 19/517 [00:01<00:50,  9.88it/s, Materializing param=text_model.encoder.layers.1.layer_norm1.bias]       [A
Loading weights:   4%|▎         | 19/517 [00:01<00:50,  9.88it/s, Materializing param=text_model.encoder.layers.1.layer_norm1.bias][A
Loading weights:   4%|▍         | 20/517 [00:02<00:52,  9.48it/s, Materializing param=text_model.encoder.layers.1.layer_norm1.bias][A
Loading weights:   4%|▍         | 20/517 [00:02<00:52,  9.48it/s, Materializing param=text_model.encoder.layers.1.layer_norm1.weight][A
Loading weights:   4%|▍         | 20/517 [00:02<00:52,  9.48it/s, Materializing param=text_model.encoder.layers.1.layer_norm1.weight][A
Loading weights:   4%|▍         | 21/517 [00:02<00:52,  9.48it/s, Materializing param=text_model.encoder.layers.1.layer_norm2.bias]  [A
Loading weights:   4%|▍         | 21/517 [00:02<00:52,  9.48it/s, Materializing param=text_model.encoder.layers.1.layer_norm2.bias][A
Loading weights:   4%|▍         | 22/517 [00:02<00:52,  9.48it/s, Materializing param=text_model.encoder.layers.1.layer_norm2.weight][A
Loading weights:   4%|▍         | 22/517 [00:02<00:52,  9.48it/s, Materializing param=text_model.encoder.layers.1.layer_norm2.weight][A
Loading weights:   4%|▍         | 23/517 [00:02<00:40, 12.30it/s, Materializing param=text_model.encoder.layers.1.layer_norm2.weight][A
Loading weights:   4%|▍         | 23/517 [00:02<00:40, 12.30it/s, Materializing param=text_model.encoder.layers.1.mlp.fc1.bias]      [A
Loading weights:   4%|▍         | 23/517 [00:02<00:40, 12.30it/s, Materializing param=text_model.encoder.layers.1.mlp.fc1.bias][A
Loading weights:   5%|▍         | 24/517 [00:02<00:40, 12.30it/s, Materializing param=text_model.encoder.layers.1.mlp.fc1.weight][A
Loading weights:   5%|▍         | 24/517 [00:02<00:40, 12.30it/s, Materializing param=text_model.encoder.layers.1.mlp.fc1.weight][A
Loading weights:   5%|▍         | 25/517 [00:02<00:40, 12.30it/s, Materializing param=text_model.encoder.layers.1.mlp.fc2.bias]  [A
Loading weights:   5%|▍         | 25/517 [00:02<00:40, 12.30it/s, Materializing param=text_model.encoder.layers.1.mlp.fc2.bias][A
Loading weights:   5%|▌         | 26/517 [00:02<00:39, 12.30it/s, Materializing param=text_model.encoder.layers.1.mlp.fc2.weight][A
Loading weights:   5%|▌         | 26/517 [00:02<00:39, 12.30it/s, Materializing param=text_model.encoder.layers.1.mlp.fc2.weight][A
Loading weights:   5%|▌         | 27/517 [00:02<00:39, 12.30it/s, Materializing param=text_model.encoder.layers.1.self_attn.k_proj.bias][A
Loading weights:   5%|▌         | 27/517 [00:02<00:39, 12.30it/s, Materializing param=text_model.encoder.layers.1.self_attn.k_proj.bias][A
Loading weights:   5%|▌         | 28/517 [00:02<00:26, 18.32it/s, Materializing param=text_model.encoder.layers.1.self_attn.k_proj.bias][A
Loading weights:   5%|▌         | 28/517 [00:02<00:26, 18.32it/s, Materializing param=text_model.encoder.layers.1.self_attn.k_proj.weight][A
Loading weights:   5%|▌         | 28/517 [00:02<00:26, 18.32it/s, Materializing param=text_model.encoder.layers.1.self_attn.k_proj.weight][A
Loading weights:   6%|▌         | 29/517 [00:02<00:26, 18.32it/s, Materializing param=text_model.encoder.layers.1.self_attn.out_proj.bias][A
Loading weights:   6%|▌         | 29/517 [00:02<00:26, 18.32it/s, Materializing param=text_model.encoder.layers.1.self_attn.out_proj.bias][A
Loading weights:   6%|▌         | 30/517 [00:02<00:26, 18.32it/s, Materializing param=text_model.encoder.layers.1.self_attn.out_proj.weight][A
Loading weights:   6%|▌         | 30/517 [00:02<00:26, 18.32it/s, Materializing param=text_model.encoder.layers.1.self_attn.out_proj.weight][A
Loading weights:   6%|▌         | 31/517 [00:02<00:25, 19.27it/s, Materializing param=text_model.encoder.layers.1.self_attn.out_proj.weight][A
Loading weights:   6%|▌         | 31/517 [00:02<00:25, 19.27it/s, Materializing param=text_model.encoder.layers.1.self_attn.q_proj.bias]    [A
Loading weights:   6%|▌         | 31/517 [00:02<00:25, 19.27it/s, Materializing param=text_model.encoder.layers.1.self_attn.q_proj.bias][A
Loading weights:   6%|▌         | 32/517 [00:02<00:25, 19.27it/s, Materializing param=text_model.encoder.layers.1.self_attn.q_proj.weight][A
Loading weights:   6%|▌         | 32/517 [00:02<00:25, 19.27it/s, Materializing param=text_model.encoder.layers.1.self_attn.q_proj.weight][A
Loading weights:   6%|▋         | 33/517 [00:02<00:25, 19.27it/s, Materializing param=text_model.encoder.layers.1.self_attn.v_proj.bias]  [A
Loading weights:   6%|▋         | 33/517 [00:02<00:25, 19.27it/s, Materializing param=text_model.encoder.layers.1.self_attn.v_proj.bias][A
Loading weights:   7%|▋         | 34/517 [00:02<00:23, 20.73it/s, Materializing param=text_model.encoder.layers.1.self_attn.v_proj.bias][A
Loading weights:   7%|▋         | 34/517 [00:02<00:23, 20.73it/s, Materializing param=text_model.encoder.layers.1.self_attn.v_proj.weight][A
Loading weights:   7%|▋         | 34/517 [00:02<00:23, 20.73it/s, Materializing param=text_model.encoder.layers.1.self_attn.v_proj.weight][A
Loading weights:   7%|▋         | 35/517 [00:02<00:23, 20.73it/s, Materializing param=text_model.encoder.layers.2.layer_norm1.bias]       [A
Loading weights:   7%|▋         | 35/517 [00:02<00:23, 20.73it/s, Materializing param=text_model.encoder.layers.2.layer_norm1.bias][A
Loading weights:   7%|▋         | 36/517 [00:02<00:23, 20.73it/s, Materializing param=text_model.encoder.layers.2.layer_norm1.weight][A
Loading weights:   7%|▋         | 36/517 [00:02<00:23, 20.73it/s, Materializing param=text_model.encoder.layers.2.layer_norm1.weight][A
Loading weights:   7%|▋         | 37/517 [00:02<00:27, 17.41it/s, Materializing param=text_model.encoder.layers.2.layer_norm1.weight][A
Loading weights:   7%|▋         | 37/517 [00:02<00:27, 17.41it/s, Materializing param=text_model.encoder.layers.2.layer_norm2.bias]  [A
Loading weights:   7%|▋         | 37/517 [00:02<00:27, 17.41it/s, Materializing param=text_model.encoder.layers.2.layer_norm2.bias][A
Loading weights:   7%|▋         | 38/517 [00:02<00:27, 17.41it/s, Materializing param=text_model.encoder.layers.2.layer_norm2.weight][A
Loading weights:   7%|▋         | 38/517 [00:02<00:27, 17.41it/s, Materializing param=text_model.encoder.layers.2.layer_norm2.weight][A
Loading weights:   8%|▊         | 39/517 [00:02<00:26, 17.75it/s, Materializing param=text_model.encoder.layers.2.layer_norm2.weight][A
Loading weights:   8%|▊         | 39/517 [00:02<00:26, 17.75it/s, Materializing param=text_model.encoder.layers.2.mlp.fc1.bias]      [A
Loading weights:   8%|▊         | 39/517 [00:02<00:26, 17.75it/s, Materializing param=text_model.encoder.layers.2.mlp.fc1.bias][A
Loading weights:   8%|▊         | 40/517 [00:02<00:26, 17.75it/s, Materializing param=text_model.encoder.layers.2.mlp.fc1.weight][A
Loading weights:   8%|▊         | 40/517 [00:02<00:26, 17.75it/s, Materializing param=text_model.encoder.layers.2.mlp.fc1.weight][A
Loading weights:   8%|▊         | 41/517 [00:02<00:26, 17.75it/s, Materializing param=text_model.encoder.layers.2.mlp.fc2.bias]  [A
Loading weights:   8%|▊         | 41/517 [00:02<00:26, 17.75it/s, Materializing param=text_model.encoder.layers.2.mlp.fc2.bias][A
Loading weights:   8%|▊         | 42/517 [00:03<00:24, 19.42it/s, Materializing param=text_model.encoder.layers.2.mlp.fc2.bias][A
Loading weights:   8%|▊         | 42/517 [00:03<00:24, 19.42it/s, Materializing param=text_model.encoder.layers.2.mlp.fc2.weight][A
Loading weights:   8%|▊         | 42/517 [00:03<00:24, 19.42it/s, Materializing param=text_model.encoder.layers.2.mlp.fc2.weight][A
Loading weights:   8%|▊         | 43/517 [00:03<00:24, 19.42it/s, Materializing param=text_model.encoder.layers.2.self_attn.k_proj.bias][A
Loading weights:   8%|▊         | 43/517 [00:03<00:24, 19.42it/s, Materializing param=text_model.encoder.layers.2.self_attn.k_proj.bias][A
Loading weights:   9%|▊         | 44/517 [00:03<00:24, 19.42it/s, Materializing param=text_model.encoder.layers.2.self_attn.k_proj.weight][A
Loading weights:   9%|▊         | 44/517 [00:03<00:24, 19.42it/s, Materializing param=text_model.encoder.layers.2.self_attn.k_proj.weight][A
Loading weights:   9%|▊         | 45/517 [00:03<00:29, 16.19it/s, Materializing param=text_model.encoder.layers.2.self_attn.k_proj.weight][A
Loading weights:   9%|▊         | 45/517 [00:03<00:29, 16.19it/s, Materializing param=text_model.encoder.layers.2.self_attn.out_proj.bias][A
Loading weights:   9%|▊         | 45/517 [00:03<00:29, 16.19it/s, Materializing param=text_model.encoder.layers.2.self_attn.out_proj.bias][A
Loading weights:   9%|▉         | 46/517 [00:03<00:29, 16.19it/s, Materializing param=text_model.encoder.layers.2.self_attn.out_proj.weight][A
Loading weights:   9%|▉         | 46/517 [00:03<00:29, 16.19it/s, Materializing param=text_model.encoder.layers.2.self_attn.out_proj.weight][A
Loading weights:   9%|▉         | 47/517 [00:03<00:28, 16.42it/s, Materializing param=text_model.encoder.layers.2.self_attn.out_proj.weight][A
Loading weights:   9%|▉         | 47/517 [00:03<00:28, 16.42it/s, Materializing param=text_model.encoder.layers.2.self_attn.q_proj.bias]    [A
Loading weights:   9%|▉         | 47/517 [00:03<00:28, 16.42it/s, Materializing param=text_model.encoder.layers.2.self_attn.q_proj.bias][A
Loading weights:   9%|▉         | 48/517 [00:03<00:28, 16.42it/s, Materializing param=text_model.encoder.layers.2.self_attn.q_proj.weight][A
Loading weights:   9%|▉         | 48/517 [00:03<00:28, 16.42it/s, Materializing param=text_model.encoder.layers.2.self_attn.q_proj.weight][A
Loading weights:   9%|▉         | 49/517 [00:03<00:28, 16.42it/s, Materializing param=text_model.encoder.layers.2.self_attn.v_proj.bias]  [A
Loading weights:   9%|▉         | 49/517 [00:03<00:28, 16.42it/s, Materializing param=text_model.encoder.layers.2.self_attn.v_proj.bias][A
Loading weights:  10%|▉         | 50/517 [00:03<00:25, 18.64it/s, Materializing param=text_model.encoder.layers.2.self_attn.v_proj.bias][A
Loading weights:  10%|▉         | 50/517 [00:03<00:25, 18.64it/s, Materializing param=text_model.encoder.layers.2.self_attn.v_proj.weight][A
Loading weights:  10%|▉         | 50/517 [00:03<00:25, 18.64it/s, Materializing param=text_model.encoder.layers.2.self_attn.v_proj.weight][A
Loading weights:  10%|▉         | 51/517 [00:03<00:24, 18.64it/s, Materializing param=text_model.encoder.layers.3.layer_norm1.bias]       [A
Loading weights:  10%|▉         | 51/517 [00:03<00:24, 18.64it/s, Materializing param=text_model.encoder.layers.3.layer_norm1.bias][A
Loading weights:  10%|█         | 52/517 [00:03<00:24, 18.64it/s, Materializing param=text_model.encoder.layers.3.layer_norm1.weight][A
Loading weights:  10%|█         | 52/517 [00:03<00:24, 18.64it/s, Materializing param=text_model.encoder.layers.3.layer_norm1.weight][A
Loading weights:  10%|█         | 53/517 [00:03<00:24, 18.64it/s, Materializing param=text_model.encoder.layers.3.layer_norm2.bias]  [A
Loading weights:  10%|█         | 53/517 [00:03<00:24, 18.64it/s, Materializing param=text_model.encoder.layers.3.layer_norm2.bias][A
Loading weights:  10%|█         | 54/517 [00:03<00:21, 21.46it/s, Materializing param=text_model.encoder.layers.3.layer_norm2.bias][A
Loading weights:  10%|█         | 54/517 [00:03<00:21, 21.46it/s, Materializing param=text_model.encoder.layers.3.layer_norm2.weight][A
Loading weights:  10%|█         | 54/517 [00:03<00:21, 21.46it/s, Materializing param=text_model.encoder.layers.3.layer_norm2.weight][A
Loading weights:  11%|█         | 55/517 [00:03<00:21, 21.46it/s, Materializing param=text_model.encoder.layers.3.mlp.fc1.bias]      [A
Loading weights:  11%|█         | 55/517 [00:03<00:21, 21.46it/s, Materializing param=text_model.encoder.layers.3.mlp.fc1.bias][A
Loading weights:  11%|█         | 56/517 [00:03<00:21, 21.46it/s, Materializing param=text_model.encoder.layers.3.mlp.fc1.weight][A
Loading weights:  11%|█         | 56/517 [00:03<00:21, 21.46it/s, Materializing param=text_model.encoder.layers.3.mlp.fc1.weight][A
Loading weights:  11%|█         | 57/517 [00:03<00:20, 22.85it/s, Materializing param=text_model.encoder.layers.3.mlp.fc1.weight][A
Loading weights:  11%|█         | 57/517 [00:03<00:20, 22.85it/s, Materializing param=text_model.encoder.layers.3.mlp.fc2.bias]  [A
Loading weights:  11%|█         | 57/517 [00:03<00:20, 22.85it/s, Materializing param=text_model.encoder.layers.3.mlp.fc2.bias][A
Loading weights:  11%|█         | 58/517 [00:03<00:20, 22.85it/s, Materializing param=text_model.encoder.layers.3.mlp.fc2.weight][A
Loading weights:  11%|█         | 58/517 [00:03<00:20, 22.85it/s, Materializing param=text_model.encoder.layers.3.mlp.fc2.weight][A
Loading weights:  11%|█▏        | 59/517 [00:03<00:20, 22.85it/s, Materializing param=text_model.encoder.layers.3.self_attn.k_proj.bias][A
Loading weights:  11%|█▏        | 59/517 [00:03<00:20, 22.85it/s, Materializing param=text_model.encoder.layers.3.self_attn.k_proj.bias][A
Loading weights:  12%|█▏        | 60/517 [00:03<00:20, 22.85it/s, Materializing param=text_model.encoder.layers.3.self_attn.k_proj.weight][A
Loading weights:  12%|█▏        | 60/517 [00:03<00:20, 22.85it/s, Materializing param=text_model.encoder.layers.3.self_attn.k_proj.weight][A
Loading weights:  12%|█▏        | 61/517 [00:03<00:19, 22.85it/s, Materializing param=text_model.encoder.layers.3.self_attn.out_proj.bias][A
Loading weights:  12%|█▏        | 61/517 [00:03<00:19, 22.85it/s, Materializing param=text_model.encoder.layers.3.self_attn.out_proj.bias][A
Loading weights:  12%|█▏        | 62/517 [00:03<00:19, 22.85it/s, Materializing param=text_model.encoder.layers.3.self_attn.out_proj.weight][A
Loading weights:  12%|█▏        | 62/517 [00:03<00:19, 22.85it/s, Materializing param=text_model.encoder.layers.3.self_attn.out_proj.weight][A
Loading weights:  12%|█▏        | 63/517 [00:03<00:19, 22.85it/s, Materializing param=text_model.encoder.layers.3.self_attn.q_proj.bias]    [A
Loading weights:  12%|█▏        | 63/517 [00:03<00:19, 22.85it/s, Materializing param=text_model.encoder.layers.3.self_attn.q_proj.bias][A
Loading weights:  12%|█▏        | 64/517 [00:03<00:19, 22.85it/s, Materializing param=text_model.encoder.layers.3.self_attn.q_proj.weight][A
Loading weights:  12%|█▏        | 64/517 [00:03<00:19, 22.85it/s, Materializing param=text_model.encoder.layers.3.self_attn.q_proj.weight][A
Loading weights:  13%|█▎        | 65/517 [00:03<00:19, 22.85it/s, Materializing param=text_model.encoder.layers.3.self_attn.v_proj.bias]  [A
Loading weights:  13%|█▎        | 65/517 [00:03<00:19, 22.85it/s, Materializing param=text_model.encoder.layers.3.self_attn.v_proj.bias][A
Loading weights:  13%|█▎        | 66/517 [00:03<00:19, 22.85it/s, Materializing param=text_model.encoder.layers.3.self_attn.v_proj.weight][A
Loading weights:  13%|█▎        | 66/517 [00:03<00:19, 22.85it/s, Materializing param=text_model.encoder.layers.3.self_attn.v_proj.weight][A
Loading weights:  13%|█▎        | 67/517 [00:03<00:19, 22.85it/s, Materializing param=text_model.encoder.layers.4.layer_norm1.bias]       [A
Loading weights:  13%|█▎        | 67/517 [00:03<00:19, 22.85it/s, Materializing param=text_model.encoder.layers.4.layer_norm1.bias][A
Loading weights:  13%|█▎        | 68/517 [00:03<00:19, 22.85it/s, Materializing param=text_model.encoder.layers.4.layer_norm1.weight][A
Loading weights:  13%|█▎        | 68/517 [00:03<00:19, 22.85it/s, Materializing param=text_model.encoder.layers.4.layer_norm1.weight][A
Loading weights:  13%|█▎        | 69/517 [00:03<00:19, 22.85it/s, Materializing param=text_model.encoder.layers.4.layer_norm2.bias]  [A
Loading weights:  13%|█▎        | 69/517 [00:03<00:19, 22.85it/s, Materializing param=text_model.encoder.layers.4.layer_norm2.bias][A
Loading weights:  14%|█▎        | 70/517 [00:03<00:19, 22.85it/s, Materializing param=text_model.encoder.layers.4.layer_norm2.weight][A
Loading weights:  14%|█▎        | 70/517 [00:03<00:19, 22.85it/s, Materializing param=text_model.encoder.layers.4.layer_norm2.weight][A
Loading weights:  14%|█▎        | 71/517 [00:03<00:19, 22.85it/s, Materializing param=text_model.encoder.layers.4.mlp.fc1.bias]      [A
Loading weights:  14%|█▎        | 71/517 [00:03<00:19, 22.85it/s, Materializing param=text_model.encoder.layers.4.mlp.fc1.bias][A
Loading weights:  14%|█▍        | 72/517 [00:03<00:19, 22.85it/s, Materializing param=text_model.encoder.layers.4.mlp.fc1.weight][A
Loading weights:  14%|█▍        | 72/517 [00:03<00:19, 22.85it/s, Materializing param=text_model.encoder.layers.4.mlp.fc1.weight][A
Loading weights:  14%|█▍        | 73/517 [00:03<00:19, 22.85it/s, Materializing param=text_model.encoder.layers.4.mlp.fc2.bias]  [A
Loading weights:  14%|█▍        | 73/517 [00:03<00:19, 22.85it/s, Materializing param=text_model.encoder.layers.4.mlp.fc2.bias][A
Loading weights:  14%|█▍        | 74/517 [00:03<00:19, 22.85it/s, Materializing param=text_model.encoder.layers.4.mlp.fc2.weight][A
Loading weights:  14%|█▍        | 74/517 [00:03<00:19, 22.85it/s, Materializing param=text_model.encoder.layers.4.mlp.fc2.weight][A
Loading weights:  15%|█▍        | 75/517 [00:03<00:19, 22.85it/s, Materializing param=text_model.encoder.layers.4.self_attn.k_proj.bias][A
Loading weights:  15%|█▍        | 75/517 [00:03<00:19, 22.85it/s, Materializing param=text_model.encoder.layers.4.self_attn.k_proj.bias][A
Loading weights:  15%|█▍        | 76/517 [00:03<00:19, 22.85it/s, Materializing param=text_model.encoder.layers.4.self_attn.k_proj.weight][A
Loading weights:  15%|█▍        | 76/517 [00:03<00:19, 22.85it/s, Materializing param=text_model.encoder.layers.4.self_attn.k_proj.weight][A
Loading weights:  15%|█▍        | 77/517 [00:03<00:19, 22.85it/s, Materializing param=text_model.encoder.layers.4.self_attn.out_proj.bias][A
Loading weights:  15%|█▍        | 77/517 [00:03<00:19, 22.85it/s, Materializing param=text_model.encoder.layers.4.self_attn.out_proj.bias][A
Loading weights:  15%|█▌        | 78/517 [00:03<00:19, 22.85it/s, Materializing param=text_model.encoder.layers.4.self_attn.out_proj.weight][A
Loading weights:  15%|█▌        | 78/517 [00:03<00:19, 22.85it/s, Materializing param=text_model.encoder.layers.4.self_attn.out_proj.weight][A
Loading weights:  15%|█▌        | 79/517 [00:03<00:19, 22.85it/s, Materializing param=text_model.encoder.layers.4.self_attn.q_proj.bias]    [A
Loading weights:  15%|█▌        | 79/517 [00:03<00:19, 22.85it/s, Materializing param=text_model.encoder.layers.4.self_attn.q_proj.bias][A
Loading weights:  15%|█▌        | 80/517 [00:03<00:19, 22.85it/s, Materializing param=text_model.encoder.layers.4.self_attn.q_proj.weight][A
Loading weights:  15%|█▌        | 80/517 [00:03<00:19, 22.85it/s, Materializing param=text_model.encoder.layers.4.self_attn.q_proj.weight][A
Loading weights:  16%|█▌        | 81/517 [00:03<00:19, 22.85it/s, Materializing param=text_model.encoder.layers.4.self_attn.v_proj.bias]  [A
Loading weights:  16%|█▌        | 81/517 [00:03<00:19, 22.85it/s, Materializing param=text_model.encoder.layers.4.self_attn.v_proj.bias][A
Loading weights:  16%|█▌        | 82/517 [00:03<00:19, 22.85it/s, Materializing param=text_model.encoder.layers.4.self_attn.v_proj.weight][A
Loading weights:  16%|█▌        | 82/517 [00:03<00:19, 22.85it/s, Materializing param=text_model.encoder.layers.4.self_attn.v_proj.weight][A
Loading weights:  16%|█▌        | 83/517 [00:03<00:18, 22.85it/s, Materializing param=text_model.encoder.layers.5.layer_norm1.bias]       [A
Loading weights:  16%|█▌        | 83/517 [00:03<00:18, 22.85it/s, Materializing param=text_model.encoder.layers.5.layer_norm1.bias][A
Loading weights:  16%|█▌        | 84/517 [00:03<00:18, 22.85it/s, Materializing param=text_model.encoder.layers.5.layer_norm1.weight][A
Loading weights:  16%|█▌        | 84/517 [00:03<00:18, 22.85it/s, Materializing param=text_model.encoder.layers.5.layer_norm1.weight][A
Loading weights:  16%|█▋        | 85/517 [00:03<00:18, 22.85it/s, Materializing param=text_model.encoder.layers.5.layer_norm2.bias]  [A
Loading weights:  16%|█▋        | 85/517 [00:03<00:18, 22.85it/s, Materializing param=text_model.encoder.layers.5.layer_norm2.bias][A
Loading weights:  17%|█▋        | 86/517 [00:03<00:18, 22.85it/s, Materializing param=text_model.encoder.layers.5.layer_norm2.weight][A
Loading weights:  17%|█▋        | 86/517 [00:03<00:18, 22.85it/s, Materializing param=text_model.encoder.layers.5.layer_norm2.weight][A
Loading weights:  17%|█▋        | 87/517 [00:03<00:18, 22.85it/s, Materializing param=text_model.encoder.layers.5.mlp.fc1.bias]      [A
Loading weights:  17%|█▋        | 87/517 [00:03<00:18, 22.85it/s, Materializing param=text_model.encoder.layers.5.mlp.fc1.bias][A
Loading weights:  17%|█▋        | 88/517 [00:03<00:18, 22.85it/s, Materializing param=text_model.encoder.layers.5.mlp.fc1.weight][A
Loading weights:  17%|█▋        | 88/517 [00:03<00:18, 22.85it/s, Materializing param=text_model.encoder.layers.5.mlp.fc1.weight][A
Loading weights:  17%|█▋        | 89/517 [00:03<00:18, 22.85it/s, Materializing param=text_model.encoder.layers.5.mlp.fc2.bias]  [A
Loading weights:  17%|█▋        | 89/517 [00:03<00:18, 22.85it/s, Materializing param=text_model.encoder.layers.5.mlp.fc2.bias][A
Loading weights:  17%|█▋        | 90/517 [00:03<00:18, 22.85it/s, Materializing param=text_model.encoder.layers.5.mlp.fc2.weight][A
Loading weights:  17%|█▋        | 90/517 [00:03<00:18, 22.85it/s, Materializing param=text_model.encoder.layers.5.mlp.fc2.weight][A
Loading weights:  18%|█▊        | 91/517 [00:03<00:18, 22.85it/s, Materializing param=text_model.encoder.layers.5.self_attn.k_proj.bias][A
Loading weights:  18%|█▊        | 91/517 [00:03<00:18, 22.85it/s, Materializing param=text_model.encoder.layers.5.self_attn.k_proj.bias][A
Loading weights:  18%|█▊        | 92/517 [00:03<00:18, 22.85it/s, Materializing param=text_model.encoder.layers.5.self_attn.k_proj.weight][A
Loading weights:  18%|█▊        | 92/517 [00:03<00:18, 22.85it/s, Materializing param=text_model.encoder.layers.5.self_attn.k_proj.weight][A
Loading weights:  18%|█▊        | 93/517 [00:03<00:18, 22.85it/s, Materializing param=text_model.encoder.layers.5.self_attn.out_proj.bias][A
Loading weights:  18%|█▊        | 93/517 [00:03<00:18, 22.85it/s, Materializing param=text_model.encoder.layers.5.self_attn.out_proj.bias][A
Loading weights:  18%|█▊        | 94/517 [00:03<00:18, 22.85it/s, Materializing param=text_model.encoder.layers.5.self_attn.out_proj.weight][A
Loading weights:  18%|█▊        | 94/517 [00:03<00:18, 22.85it/s, Materializing param=text_model.encoder.layers.5.self_attn.out_proj.weight][A
Loading weights:  18%|█▊        | 95/517 [00:03<00:18, 22.85it/s, Materializing param=text_model.encoder.layers.5.self_attn.q_proj.bias]    [A
Loading weights:  18%|█▊        | 95/517 [00:03<00:18, 22.85it/s, Materializing param=text_model.encoder.layers.5.self_attn.q_proj.bias][A
Loading weights:  19%|█▊        | 96/517 [00:03<00:18, 22.85it/s, Materializing param=text_model.encoder.layers.5.self_attn.q_proj.weight][A
Loading weights:  19%|█▊        | 96/517 [00:03<00:18, 22.85it/s, Materializing param=text_model.encoder.layers.5.self_attn.q_proj.weight][A
Loading weights:  19%|█▉        | 97/517 [00:03<00:18, 22.85it/s, Materializing param=text_model.encoder.layers.5.self_attn.v_proj.bias]  [A
Loading weights:  19%|█▉        | 97/517 [00:03<00:18, 22.85it/s, Materializing param=text_model.encoder.layers.5.self_attn.v_proj.bias][A
Loading weights:  19%|█▉        | 98/517 [00:03<00:18, 22.85it/s, Materializing param=text_model.encoder.layers.5.self_attn.v_proj.weight][A
Loading weights:  19%|█▉        | 98/517 [00:03<00:18, 22.85it/s, Materializing param=text_model.encoder.layers.5.self_attn.v_proj.weight][A
Loading weights:  19%|█▉        | 99/517 [00:03<00:18, 22.85it/s, Materializing param=text_model.encoder.layers.6.layer_norm1.bias]       [A
Loading weights:  19%|█▉        | 99/517 [00:03<00:18, 22.85it/s, Materializing param=text_model.encoder.layers.6.layer_norm1.bias][A
Loading weights:  19%|█▉        | 100/517 [00:03<00:18, 22.85it/s, Materializing param=text_model.encoder.layers.6.layer_norm1.weight][A
Loading weights:  19%|█▉        | 100/517 [00:03<00:18, 22.85it/s, Materializing param=text_model.encoder.layers.6.layer_norm1.weight][A
Loading weights:  20%|█▉        | 101/517 [00:03<00:18, 22.85it/s, Materializing param=text_model.encoder.layers.6.layer_norm2.bias]  [A
Loading weights:  20%|█▉        | 101/517 [00:03<00:18, 22.85it/s, Materializing param=text_model.encoder.layers.6.layer_norm2.bias][A
Loading weights:  20%|█▉        | 102/517 [00:03<00:18, 22.85it/s, Materializing param=text_model.encoder.layers.6.layer_norm2.weight][A
Loading weights:  20%|█▉        | 102/517 [00:03<00:18, 22.85it/s, Materializing param=text_model.encoder.layers.6.layer_norm2.weight][A
Loading weights:  20%|█▉        | 103/517 [00:03<00:18, 22.85it/s, Materializing param=text_model.encoder.layers.6.mlp.fc1.bias]      [A
Loading weights:  20%|█▉        | 103/517 [00:03<00:18, 22.85it/s, Materializing param=text_model.encoder.layers.6.mlp.fc1.bias][A
Loading weights:  20%|██        | 104/517 [00:03<00:18, 22.85it/s, Materializing param=text_model.encoder.layers.6.mlp.fc1.weight][A
Loading weights:  20%|██        | 104/517 [00:03<00:18, 22.85it/s, Materializing param=text_model.encoder.layers.6.mlp.fc1.weight][A
Loading weights:  20%|██        | 105/517 [00:03<00:18, 22.85it/s, Materializing param=text_model.encoder.layers.6.mlp.fc2.bias]  [A
Loading weights:  20%|██        | 105/517 [00:03<00:18, 22.85it/s, Materializing param=text_model.encoder.layers.6.mlp.fc2.bias][A
Loading weights:  21%|██        | 106/517 [00:03<00:17, 22.85it/s, Materializing param=text_model.encoder.layers.6.mlp.fc2.weight][A
Loading weights:  21%|██        | 106/517 [00:03<00:17, 22.85it/s, Materializing param=text_model.encoder.layers.6.mlp.fc2.weight][A
Loading weights:  21%|██        | 107/517 [00:03<00:17, 22.85it/s, Materializing param=text_model.encoder.layers.6.self_attn.k_proj.bias][A
Loading weights:  21%|██        | 107/517 [00:03<00:17, 22.85it/s, Materializing param=text_model.encoder.layers.6.self_attn.k_proj.bias][A
Loading weights:  21%|██        | 108/517 [00:03<00:17, 22.85it/s, Materializing param=text_model.encoder.layers.6.self_attn.k_proj.weight][A
Loading weights:  21%|██        | 108/517 [00:03<00:17, 22.85it/s, Materializing param=text_model.encoder.layers.6.self_attn.k_proj.weight][A
Loading weights:  21%|██        | 109/517 [00:03<00:17, 22.85it/s, Materializing param=text_model.encoder.layers.6.self_attn.out_proj.bias][A
Loading weights:  21%|██        | 109/517 [00:03<00:17, 22.85it/s, Materializing param=text_model.encoder.layers.6.self_attn.out_proj.bias][A
Loading weights:  21%|██▏       | 110/517 [00:03<00:17, 22.85it/s, Materializing param=text_model.encoder.layers.6.self_attn.out_proj.weight][A
Loading weights:  21%|██▏       | 110/517 [00:03<00:17, 22.85it/s, Materializing param=text_model.encoder.layers.6.self_attn.out_proj.weight][A
Loading weights:  21%|██▏       | 111/517 [00:03<00:17, 22.85it/s, Materializing param=text_model.encoder.layers.6.self_attn.q_proj.bias]    [A
Loading weights:  21%|██▏       | 111/517 [00:03<00:17, 22.85it/s, Materializing param=text_model.encoder.layers.6.self_attn.q_proj.bias][A
Loading weights:  22%|██▏       | 112/517 [00:03<00:17, 22.85it/s, Materializing param=text_model.encoder.layers.6.self_attn.q_proj.weight][A
Loading weights:  22%|██▏       | 112/517 [00:03<00:17, 22.85it/s, Materializing param=text_model.encoder.layers.6.self_attn.q_proj.weight][A
Loading weights:  22%|██▏       | 113/517 [00:03<00:17, 22.85it/s, Materializing param=text_model.encoder.layers.6.self_attn.v_proj.bias]  [A
Loading weights:  22%|██▏       | 113/517 [00:03<00:17, 22.85it/s, Materializing param=text_model.encoder.layers.6.self_attn.v_proj.bias][A
Loading weights:  22%|██▏       | 114/517 [00:03<00:17, 22.85it/s, Materializing param=text_model.encoder.layers.6.self_attn.v_proj.weight][A
Loading weights:  22%|██▏       | 114/517 [00:03<00:17, 22.85it/s, Materializing param=text_model.encoder.layers.6.self_attn.v_proj.weight][A
Loading weights:  22%|██▏       | 115/517 [00:03<00:17, 22.85it/s, Materializing param=text_model.encoder.layers.7.layer_norm1.bias]       [A
Loading weights:  22%|██▏       | 115/517 [00:03<00:17, 22.85it/s, Materializing param=text_model.encoder.layers.7.layer_norm1.bias][A
Loading weights:  22%|██▏       | 116/517 [00:03<00:17, 22.85it/s, Materializing param=text_model.encoder.layers.7.layer_norm1.weight][A
Loading weights:  22%|██▏       | 116/517 [00:03<00:17, 22.85it/s, Materializing param=text_model.encoder.layers.7.layer_norm1.weight][A
Loading weights:  23%|██▎       | 117/517 [00:03<00:17, 22.85it/s, Materializing param=text_model.encoder.layers.7.layer_norm2.bias]  [A
Loading weights:  23%|██▎       | 117/517 [00:03<00:17, 22.85it/s, Materializing param=text_model.encoder.layers.7.layer_norm2.bias][A
Loading weights:  23%|██▎       | 118/517 [00:03<00:17, 22.85it/s, Materializing param=text_model.encoder.layers.7.layer_norm2.weight][A
Loading weights:  23%|██▎       | 118/517 [00:03<00:17, 22.85it/s, Materializing param=text_model.encoder.layers.7.layer_norm2.weight][A
Loading weights:  23%|██▎       | 119/517 [00:03<00:17, 22.85it/s, Materializing param=text_model.encoder.layers.7.mlp.fc1.bias]      [A
Loading weights:  23%|██▎       | 119/517 [00:03<00:17, 22.85it/s, Materializing param=text_model.encoder.layers.7.mlp.fc1.bias][A
Loading weights:  23%|██▎       | 120/517 [00:03<00:17, 22.85it/s, Materializing param=text_model.encoder.layers.7.mlp.fc1.weight][A
Loading weights:  23%|██▎       | 120/517 [00:03<00:17, 22.85it/s, Materializing param=text_model.encoder.layers.7.mlp.fc1.weight][A
Loading weights:  23%|██▎       | 121/517 [00:03<00:17, 22.85it/s, Materializing param=text_model.encoder.layers.7.mlp.fc2.bias]  [A
Loading weights:  23%|██▎       | 121/517 [00:03<00:17, 22.85it/s, Materializing param=text_model.encoder.layers.7.mlp.fc2.bias][A
Loading weights:  24%|██▎       | 122/517 [00:03<00:17, 22.85it/s, Materializing param=text_model.encoder.layers.7.mlp.fc2.weight][A
Loading weights:  24%|██▎       | 122/517 [00:03<00:17, 22.85it/s, Materializing param=text_model.encoder.layers.7.mlp.fc2.weight][A
Loading weights:  24%|██▍       | 123/517 [00:03<00:17, 22.85it/s, Materializing param=text_model.encoder.layers.7.self_attn.k_proj.bias][A
Loading weights:  24%|██▍       | 123/517 [00:03<00:17, 22.85it/s, Materializing param=text_model.encoder.layers.7.self_attn.k_proj.bias][A
Loading weights:  24%|██▍       | 124/517 [00:03<00:17, 22.85it/s, Materializing param=text_model.encoder.layers.7.self_attn.k_proj.weight][A
Loading weights:  24%|██▍       | 124/517 [00:03<00:17, 22.85it/s, Materializing param=text_model.encoder.layers.7.self_attn.k_proj.weight][A
Loading weights:  24%|██▍       | 125/517 [00:03<00:17, 22.85it/s, Materializing param=text_model.encoder.layers.7.self_attn.out_proj.bias][A
Loading weights:  24%|██▍       | 125/517 [00:03<00:17, 22.85it/s, Materializing param=text_model.encoder.layers.7.self_attn.out_proj.bias][A
Loading weights:  24%|██▍       | 126/517 [00:03<00:17, 22.85it/s, Materializing param=text_model.encoder.layers.7.self_attn.out_proj.weight][A
Loading weights:  24%|██▍       | 126/517 [00:03<00:17, 22.85it/s, Materializing param=text_model.encoder.layers.7.self_attn.out_proj.weight][A
Loading weights:  25%|██▍       | 127/517 [00:03<00:17, 22.85it/s, Materializing param=text_model.encoder.layers.7.self_attn.q_proj.bias]    [A
Loading weights:  25%|██▍       | 127/517 [00:03<00:17, 22.85it/s, Materializing param=text_model.encoder.layers.7.self_attn.q_proj.bias][A
Loading weights:  25%|██▍       | 128/517 [00:03<00:17, 22.85it/s, Materializing param=text_model.encoder.layers.7.self_attn.q_proj.weight][A
Loading weights:  25%|██▍       | 128/517 [00:03<00:17, 22.85it/s, Materializing param=text_model.encoder.layers.7.self_attn.q_proj.weight][A
Loading weights:  25%|██▍       | 129/517 [00:03<00:16, 22.85it/s, Materializing param=text_model.encoder.layers.7.self_attn.v_proj.bias]  [A
Loading weights:  25%|██▍       | 129/517 [00:03<00:16, 22.85it/s, Materializing param=text_model.encoder.layers.7.self_attn.v_proj.bias][A
Loading weights:  25%|██▌       | 130/517 [00:03<00:16, 22.85it/s, Materializing param=text_model.encoder.layers.7.self_attn.v_proj.weight][A
Loading weights:  25%|██▌       | 130/517 [00:03<00:16, 22.85it/s, Materializing param=text_model.encoder.layers.7.self_attn.v_proj.weight][A
Loading weights:  25%|██▌       | 131/517 [00:03<00:16, 22.85it/s, Materializing param=text_model.encoder.layers.8.layer_norm1.bias]       [A
Loading weights:  25%|██▌       | 131/517 [00:03<00:16, 22.85it/s, Materializing param=text_model.encoder.layers.8.layer_norm1.bias][A
Loading weights:  26%|██▌       | 132/517 [00:03<00:16, 22.85it/s, Materializing param=text_model.encoder.layers.8.layer_norm1.weight][A
Loading weights:  26%|██▌       | 132/517 [00:03<00:16, 22.85it/s, Materializing param=text_model.encoder.layers.8.layer_norm1.weight][A
Loading weights:  26%|██▌       | 133/517 [00:03<00:16, 22.85it/s, Materializing param=text_model.encoder.layers.8.layer_norm2.bias]  [A
Loading weights:  26%|██▌       | 133/517 [00:03<00:16, 22.85it/s, Materializing param=text_model.encoder.layers.8.layer_norm2.bias][A
Loading weights:  26%|██▌       | 134/517 [00:03<00:16, 22.85it/s, Materializing param=text_model.encoder.layers.8.layer_norm2.weight][A
Loading weights:  26%|██▌       | 134/517 [00:03<00:16, 22.85it/s, Materializing param=text_model.encoder.layers.8.layer_norm2.weight][A
Loading weights:  26%|██▌       | 135/517 [00:03<00:16, 22.85it/s, Materializing param=text_model.encoder.layers.8.mlp.fc1.bias]      [A
Loading weights:  26%|██▌       | 135/517 [00:03<00:16, 22.85it/s, Materializing param=text_model.encoder.layers.8.mlp.fc1.bias][A
Loading weights:  26%|██▋       | 136/517 [00:03<00:16, 22.85it/s, Materializing param=text_model.encoder.layers.8.mlp.fc1.weight][A
Loading weights:  26%|██▋       | 136/517 [00:03<00:16, 22.85it/s, Materializing param=text_model.encoder.layers.8.mlp.fc1.weight][A
Loading weights:  26%|██▋       | 137/517 [00:03<00:16, 22.85it/s, Materializing param=text_model.encoder.layers.8.mlp.fc2.bias]  [A
Loading weights:  26%|██▋       | 137/517 [00:03<00:16, 22.85it/s, Materializing param=text_model.encoder.layers.8.mlp.fc2.bias][A
Loading weights:  27%|██▋       | 138/517 [00:03<00:16, 22.85it/s, Materializing param=text_model.encoder.layers.8.mlp.fc2.weight][A
Loading weights:  27%|██▋       | 138/517 [00:03<00:16, 22.85it/s, Materializing param=text_model.encoder.layers.8.mlp.fc2.weight][A
Loading weights:  27%|██▋       | 139/517 [00:03<00:16, 22.85it/s, Materializing param=text_model.encoder.layers.8.self_attn.k_proj.bias][A
Loading weights:  27%|██▋       | 139/517 [00:03<00:16, 22.85it/s, Materializing param=text_model.encoder.layers.8.self_attn.k_proj.bias][A
Loading weights:  27%|██▋       | 140/517 [00:03<00:16, 22.85it/s, Materializing param=text_model.encoder.layers.8.self_attn.k_proj.weight][A
Loading weights:  27%|██▋       | 140/517 [00:03<00:16, 22.85it/s, Materializing param=text_model.encoder.layers.8.self_attn.k_proj.weight][A
Loading weights:  27%|██▋       | 141/517 [00:03<00:16, 22.85it/s, Materializing param=text_model.encoder.layers.8.self_attn.out_proj.bias][A
Loading weights:  27%|██▋       | 141/517 [00:03<00:16, 22.85it/s, Materializing param=text_model.encoder.layers.8.self_attn.out_proj.bias][A
Loading weights:  27%|██▋       | 142/517 [00:03<00:16, 22.85it/s, Materializing param=text_model.encoder.layers.8.self_attn.out_proj.weight][A
Loading weights:  27%|██▋       | 142/517 [00:03<00:16, 22.85it/s, Materializing param=text_model.encoder.layers.8.self_attn.out_proj.weight][A
Loading weights:  28%|██▊       | 143/517 [00:03<00:16, 22.85it/s, Materializing param=text_model.encoder.layers.8.self_attn.q_proj.bias]    [A
Loading weights:  28%|██▊       | 143/517 [00:03<00:16, 22.85it/s, Materializing param=text_model.encoder.layers.8.self_attn.q_proj.bias][A
Loading weights:  28%|██▊       | 144/517 [00:03<00:16, 22.85it/s, Materializing param=text_model.encoder.layers.8.self_attn.q_proj.weight][A
Loading weights:  28%|██▊       | 144/517 [00:03<00:16, 22.85it/s, Materializing param=text_model.encoder.layers.8.self_attn.q_proj.weight][A
Loading weights:  28%|██▊       | 145/517 [00:03<00:16, 22.85it/s, Materializing param=text_model.encoder.layers.8.self_attn.v_proj.bias]  [A
Loading weights:  28%|██▊       | 145/517 [00:03<00:16, 22.85it/s, Materializing param=text_model.encoder.layers.8.self_attn.v_proj.bias][A
Loading weights:  28%|██▊       | 146/517 [00:03<00:16, 22.85it/s, Materializing param=text_model.encoder.layers.8.self_attn.v_proj.weight][A
Loading weights:  28%|██▊       | 146/517 [00:03<00:16, 22.85it/s, Materializing param=text_model.encoder.layers.8.self_attn.v_proj.weight][A
Loading weights:  28%|██▊       | 147/517 [00:03<00:16, 22.85it/s, Materializing param=text_model.encoder.layers.9.layer_norm1.bias]       [A
Loading weights:  28%|██▊       | 147/517 [00:03<00:16, 22.85it/s, Materializing param=text_model.encoder.layers.9.layer_norm1.bias][A
Loading weights:  29%|██▊       | 148/517 [00:03<00:16, 22.85it/s, Materializing param=text_model.encoder.layers.9.layer_norm1.weight][A
Loading weights:  29%|██▊       | 148/517 [00:03<00:16, 22.85it/s, Materializing param=text_model.encoder.layers.9.layer_norm1.weight][A
Loading weights:  29%|██▉       | 149/517 [00:03<00:16, 22.85it/s, Materializing param=text_model.encoder.layers.9.layer_norm2.bias]  [A
Loading weights:  29%|██▉       | 149/517 [00:03<00:16, 22.85it/s, Materializing param=text_model.encoder.layers.9.layer_norm2.bias][A
Loading weights:  29%|██▉       | 150/517 [00:03<00:16, 22.85it/s, Materializing param=text_model.encoder.layers.9.layer_norm2.weight][A
Loading weights:  29%|██▉       | 150/517 [00:03<00:16, 22.85it/s, Materializing param=text_model.encoder.layers.9.layer_norm2.weight][A
Loading weights:  29%|██▉       | 151/517 [00:03<00:16, 22.85it/s, Materializing param=text_model.encoder.layers.9.mlp.fc1.bias]      [A
Loading weights:  29%|██▉       | 151/517 [00:03<00:16, 22.85it/s, Materializing param=text_model.encoder.layers.9.mlp.fc1.bias][A
Loading weights:  29%|██▉       | 152/517 [00:03<00:15, 22.85it/s, Materializing param=text_model.encoder.layers.9.mlp.fc1.weight][A
Loading weights:  29%|██▉       | 152/517 [00:03<00:15, 22.85it/s, Materializing param=text_model.encoder.layers.9.mlp.fc1.weight][A
Loading weights:  30%|██▉       | 153/517 [00:03<00:15, 22.85it/s, Materializing param=text_model.encoder.layers.9.mlp.fc2.bias]  [A
Loading weights:  30%|██▉       | 153/517 [00:03<00:15, 22.85it/s, Materializing param=text_model.encoder.layers.9.mlp.fc2.bias][A
Loading weights:  30%|██▉       | 154/517 [00:03<00:15, 22.85it/s, Materializing param=text_model.encoder.layers.9.mlp.fc2.weight][A
Loading weights:  30%|██▉       | 154/517 [00:03<00:15, 22.85it/s, Materializing param=text_model.encoder.layers.9.mlp.fc2.weight][A
Loading weights:  30%|██▉       | 155/517 [00:03<00:15, 22.85it/s, Materializing param=text_model.encoder.layers.9.self_attn.k_proj.bias][A
Loading weights:  30%|██▉       | 155/517 [00:03<00:15, 22.85it/s, Materializing param=text_model.encoder.layers.9.self_attn.k_proj.bias][A
Loading weights:  30%|███       | 156/517 [00:03<00:15, 22.85it/s, Materializing param=text_model.encoder.layers.9.self_attn.k_proj.weight][A
Loading weights:  30%|███       | 156/517 [00:03<00:15, 22.85it/s, Materializing param=text_model.encoder.layers.9.self_attn.k_proj.weight][A
Loading weights:  30%|███       | 157/517 [00:03<00:15, 22.85it/s, Materializing param=text_model.encoder.layers.9.self_attn.out_proj.bias][A
Loading weights:  30%|███       | 157/517 [00:03<00:15, 22.85it/s, Materializing param=text_model.encoder.layers.9.self_attn.out_proj.bias][A
Loading weights:  31%|███       | 158/517 [00:03<00:15, 22.85it/s, Materializing param=text_model.encoder.layers.9.self_attn.out_proj.weight][A
Loading weights:  31%|███       | 158/517 [00:03<00:15, 22.85it/s, Materializing param=text_model.encoder.layers.9.self_attn.out_proj.weight][A
Loading weights:  31%|███       | 159/517 [00:03<00:15, 22.85it/s, Materializing param=text_model.encoder.layers.9.self_attn.q_proj.bias]    [A
Loading weights:  31%|███       | 159/517 [00:03<00:15, 22.85it/s, Materializing param=text_model.encoder.layers.9.self_attn.q_proj.bias][A
Loading weights:  31%|███       | 160/517 [00:03<00:15, 22.85it/s, Materializing param=text_model.encoder.layers.9.self_attn.q_proj.weight][A
Loading weights:  31%|███       | 160/517 [00:03<00:15, 22.85it/s, Materializing param=text_model.encoder.layers.9.self_attn.q_proj.weight][A
Loading weights:  31%|███       | 161/517 [00:03<00:15, 22.85it/s, Materializing param=text_model.encoder.layers.9.self_attn.v_proj.bias]  [A
Loading weights:  31%|███       | 161/517 [00:03<00:15, 22.85it/s, Materializing param=text_model.encoder.layers.9.self_attn.v_proj.bias][A
Loading weights:  31%|███▏      | 162/517 [00:03<00:15, 22.85it/s, Materializing param=text_model.encoder.layers.9.self_attn.v_proj.weight][A
Loading weights:  31%|███▏      | 162/517 [00:03<00:15, 22.85it/s, Materializing param=text_model.encoder.layers.9.self_attn.v_proj.weight][A
Loading weights:  32%|███▏      | 163/517 [00:03<00:15, 22.85it/s, Materializing param=text_model.encoder.layers.10.layer_norm1.bias]      [A
Loading weights:  32%|███▏      | 163/517 [00:03<00:15, 22.85it/s, Materializing param=text_model.encoder.layers.10.layer_norm1.bias][A
Loading weights:  32%|███▏      | 164/517 [00:03<00:15, 22.85it/s, Materializing param=text_model.encoder.layers.10.layer_norm1.weight][A
Loading weights:  32%|███▏      | 164/517 [00:03<00:15, 22.85it/s, Materializing param=text_model.encoder.layers.10.layer_norm1.weight][A
Loading weights:  32%|███▏      | 165/517 [00:03<00:15, 22.85it/s, Materializing param=text_model.encoder.layers.10.layer_norm2.bias]  [A
Loading weights:  32%|███▏      | 165/517 [00:03<00:15, 22.85it/s, Materializing param=text_model.encoder.layers.10.layer_norm2.bias][A
Loading weights:  32%|███▏      | 166/517 [00:03<00:15, 22.85it/s, Materializing param=text_model.encoder.layers.10.layer_norm2.weight][A
Loading weights:  32%|███▏      | 166/517 [00:03<00:15, 22.85it/s, Materializing param=text_model.encoder.layers.10.layer_norm2.weight][A
Loading weights:  32%|███▏      | 167/517 [00:03<00:15, 22.85it/s, Materializing param=text_model.encoder.layers.10.mlp.fc1.bias]      [A
Loading weights:  32%|███▏      | 167/517 [00:03<00:15, 22.85it/s, Materializing param=text_model.encoder.layers.10.mlp.fc1.bias][A
Loading weights:  32%|███▏      | 168/517 [00:03<00:15, 22.85it/s, Materializing param=text_model.encoder.layers.10.mlp.fc1.weight][A
Loading weights:  32%|███▏      | 168/517 [00:03<00:15, 22.85it/s, Materializing param=text_model.encoder.layers.10.mlp.fc1.weight][A
Loading weights:  33%|███▎      | 169/517 [00:03<00:15, 22.85it/s, Materializing param=text_model.encoder.layers.10.mlp.fc2.bias]  [A
Loading weights:  33%|███▎      | 169/517 [00:03<00:15, 22.85it/s, Materializing param=text_model.encoder.layers.10.mlp.fc2.bias][A
Loading weights:  33%|███▎      | 170/517 [00:03<00:15, 22.85it/s, Materializing param=text_model.encoder.layers.10.mlp.fc2.weight][A
Loading weights:  33%|███▎      | 170/517 [00:03<00:15, 22.85it/s, Materializing param=text_model.encoder.layers.10.mlp.fc2.weight][A
Loading weights:  33%|███▎      | 171/517 [00:03<00:15, 22.85it/s, Materializing param=text_model.encoder.layers.10.self_attn.k_proj.bias][A
Loading weights:  33%|███▎      | 171/517 [00:03<00:15, 22.85it/s, Materializing param=text_model.encoder.layers.10.self_attn.k_proj.bias][A
Loading weights:  33%|███▎      | 172/517 [00:03<00:15, 22.85it/s, Materializing param=text_model.encoder.layers.10.self_attn.k_proj.weight][A
Loading weights:  33%|███▎      | 172/517 [00:03<00:15, 22.85it/s, Materializing param=text_model.encoder.layers.10.self_attn.k_proj.weight][A
Loading weights:  33%|███▎      | 173/517 [00:03<00:15, 22.85it/s, Materializing param=text_model.encoder.layers.10.self_attn.out_proj.bias][A
Loading weights:  33%|███▎      | 173/517 [00:03<00:15, 22.85it/s, Materializing param=text_model.encoder.layers.10.self_attn.out_proj.bias][A
Loading weights:  34%|███▎      | 174/517 [00:03<00:15, 22.85it/s, Materializing param=text_model.encoder.layers.10.self_attn.out_proj.weight][A
Loading weights:  34%|███▎      | 174/517 [00:03<00:15, 22.85it/s, Materializing param=text_model.encoder.layers.10.self_attn.out_proj.weight][A
Loading weights:  34%|███▍      | 175/517 [00:03<00:14, 22.85it/s, Materializing param=text_model.encoder.layers.10.self_attn.q_proj.bias]    [A
Loading weights:  34%|███▍      | 175/517 [00:03<00:14, 22.85it/s, Materializing param=text_model.encoder.layers.10.self_attn.q_proj.bias][A
Loading weights:  34%|███▍      | 176/517 [00:03<00:14, 22.85it/s, Materializing param=text_model.encoder.layers.10.self_attn.q_proj.weight][A
Loading weights:  34%|███▍      | 176/517 [00:03<00:14, 22.85it/s, Materializing param=text_model.encoder.layers.10.self_attn.q_proj.weight][A
Loading weights:  34%|███▍      | 177/517 [00:03<00:14, 22.85it/s, Materializing param=text_model.encoder.layers.10.self_attn.v_proj.bias]  [A
Loading weights:  34%|███▍      | 177/517 [00:03<00:14, 22.85it/s, Materializing param=text_model.encoder.layers.10.self_attn.v_proj.bias][A
Loading weights:  34%|███▍      | 178/517 [00:03<00:14, 22.85it/s, Materializing param=text_model.encoder.layers.10.self_attn.v_proj.weight][A
Loading weights:  34%|███▍      | 178/517 [00:03<00:14, 22.85it/s, Materializing param=text_model.encoder.layers.10.self_attn.v_proj.weight][A
Loading weights:  35%|███▍      | 179/517 [00:03<00:14, 22.85it/s, Materializing param=text_model.encoder.layers.11.layer_norm1.bias]       [A
Loading weights:  35%|███▍      | 179/517 [00:03<00:14, 22.85it/s, Materializing param=text_model.encoder.layers.11.layer_norm1.bias][A
Loading weights:  35%|███▍      | 180/517 [00:03<00:14, 22.85it/s, Materializing param=text_model.encoder.layers.11.layer_norm1.weight][A
Loading weights:  35%|███▍      | 180/517 [00:03<00:14, 22.85it/s, Materializing param=text_model.encoder.layers.11.layer_norm1.weight][A
Loading weights:  35%|███▌      | 181/517 [00:03<00:14, 22.85it/s, Materializing param=text_model.encoder.layers.11.layer_norm2.bias]  [A
Loading weights:  35%|███▌      | 181/517 [00:03<00:14, 22.85it/s, Materializing param=text_model.encoder.layers.11.layer_norm2.bias][A
Loading weights:  35%|███▌      | 182/517 [00:03<00:14, 22.85it/s, Materializing param=text_model.encoder.layers.11.layer_norm2.weight][A
Loading weights:  35%|███▌      | 182/517 [00:03<00:14, 22.85it/s, Materializing param=text_model.encoder.layers.11.layer_norm2.weight][A
Loading weights:  35%|███▌      | 183/517 [00:03<00:14, 22.85it/s, Materializing param=text_model.encoder.layers.11.mlp.fc1.bias]      [A
Loading weights:  35%|███▌      | 183/517 [00:03<00:14, 22.85it/s, Materializing param=text_model.encoder.layers.11.mlp.fc1.bias][A
Loading weights:  36%|███▌      | 184/517 [00:03<00:14, 22.85it/s, Materializing param=text_model.encoder.layers.11.mlp.fc1.weight][A
Loading weights:  36%|███▌      | 184/517 [00:03<00:14, 22.85it/s, Materializing param=text_model.encoder.layers.11.mlp.fc1.weight][A
Loading weights:  36%|███▌      | 185/517 [00:03<00:14, 22.85it/s, Materializing param=text_model.encoder.layers.11.mlp.fc2.bias]  [A
Loading weights:  36%|███▌      | 185/517 [00:03<00:14, 22.85it/s, Materializing param=text_model.encoder.layers.11.mlp.fc2.bias][A
Loading weights:  36%|███▌      | 186/517 [00:03<00:14, 22.85it/s, Materializing param=text_model.encoder.layers.11.mlp.fc2.weight][A
Loading weights:  36%|███▌      | 186/517 [00:03<00:14, 22.85it/s, Materializing param=text_model.encoder.layers.11.mlp.fc2.weight][A
Loading weights:  36%|███▌      | 187/517 [00:03<00:14, 22.85it/s, Materializing param=text_model.encoder.layers.11.self_attn.k_proj.bias][A
Loading weights:  36%|███▌      | 187/517 [00:03<00:14, 22.85it/s, Materializing param=text_model.encoder.layers.11.self_attn.k_proj.bias][A
Loading weights:  36%|███▋      | 188/517 [00:03<00:14, 22.85it/s, Materializing param=text_model.encoder.layers.11.self_attn.k_proj.weight][A
Loading weights:  36%|███▋      | 188/517 [00:03<00:14, 22.85it/s, Materializing param=text_model.encoder.layers.11.self_attn.k_proj.weight][A
Loading weights:  37%|███▋      | 189/517 [00:03<00:14, 22.85it/s, Materializing param=text_model.encoder.layers.11.self_attn.out_proj.bias][A
Loading weights:  37%|███▋      | 189/517 [00:03<00:14, 22.85it/s, Materializing param=text_model.encoder.layers.11.self_attn.out_proj.bias][A
Loading weights:  37%|███▋      | 190/517 [00:03<00:14, 22.85it/s, Materializing param=text_model.encoder.layers.11.self_attn.out_proj.weight][A
Loading weights:  37%|███▋      | 190/517 [00:03<00:14, 22.85it/s, Materializing param=text_model.encoder.layers.11.self_attn.out_proj.weight][A
Loading weights:  37%|███▋      | 191/517 [00:03<00:14, 22.85it/s, Materializing param=text_model.encoder.layers.11.self_attn.q_proj.bias]    [A
Loading weights:  37%|███▋      | 191/517 [00:03<00:14, 22.85it/s, Materializing param=text_model.encoder.layers.11.self_attn.q_proj.bias][A
Loading weights:  37%|███▋      | 192/517 [00:03<00:14, 22.85it/s, Materializing param=text_model.encoder.layers.11.self_attn.q_proj.weight][A
Loading weights:  37%|███▋      | 192/517 [00:03<00:14, 22.85it/s, Materializing param=text_model.encoder.layers.11.self_attn.q_proj.weight][A
Loading weights:  37%|███▋      | 193/517 [00:03<00:14, 22.85it/s, Materializing param=text_model.encoder.layers.11.self_attn.v_proj.bias]  [A
Loading weights:  37%|███▋      | 193/517 [00:03<00:14, 22.85it/s, Materializing param=text_model.encoder.layers.11.self_attn.v_proj.bias][A
Loading weights:  38%|███▊      | 194/517 [00:03<00:14, 22.85it/s, Materializing param=text_model.encoder.layers.11.self_attn.v_proj.weight][A
Loading weights:  38%|███▊      | 194/517 [00:03<00:14, 22.85it/s, Materializing param=text_model.encoder.layers.11.self_attn.v_proj.weight][A
Loading weights:  38%|███▊      | 195/517 [00:03<00:14, 22.85it/s, Materializing param=text_model.encoder.layers.12.layer_norm1.bias]       [A
Loading weights:  38%|███▊      | 195/517 [00:03<00:14, 22.85it/s, Materializing param=text_model.encoder.layers.12.layer_norm1.bias][A
Loading weights:  38%|███▊      | 196/517 [00:03<00:14, 22.85it/s, Materializing param=text_model.encoder.layers.12.layer_norm1.weight][A
Loading weights:  38%|███▊      | 196/517 [00:03<00:14, 22.85it/s, Materializing param=text_model.encoder.layers.12.layer_norm1.weight][A
Loading weights:  38%|███▊      | 197/517 [00:03<00:14, 22.85it/s, Materializing param=text_model.encoder.layers.12.layer_norm2.bias]  [A
Loading weights:  38%|███▊      | 197/517 [00:03<00:14, 22.85it/s, Materializing param=text_model.encoder.layers.12.layer_norm2.bias][A
Loading weights:  38%|███▊      | 198/517 [00:03<00:13, 22.85it/s, Materializing param=text_model.encoder.layers.12.layer_norm2.weight][A
Loading weights:  38%|███▊      | 198/517 [00:03<00:13, 22.85it/s, Materializing param=text_model.encoder.layers.12.layer_norm2.weight][A
Loading weights:  38%|███▊      | 199/517 [00:03<00:13, 22.85it/s, Materializing param=text_model.encoder.layers.12.mlp.fc1.bias]      [A
Loading weights:  38%|███▊      | 199/517 [00:03<00:13, 22.85it/s, Materializing param=text_model.encoder.layers.12.mlp.fc1.bias][A
Loading weights:  39%|███▊      | 200/517 [00:03<00:13, 22.85it/s, Materializing param=text_model.encoder.layers.12.mlp.fc1.weight][A
Loading weights:  39%|███▊      | 200/517 [00:03<00:13, 22.85it/s, Materializing param=text_model.encoder.layers.12.mlp.fc1.weight][A
Loading weights:  39%|███▉      | 201/517 [00:03<00:13, 22.85it/s, Materializing param=text_model.encoder.layers.12.mlp.fc2.bias]  [A
Loading weights:  39%|███▉      | 201/517 [00:03<00:13, 22.85it/s, Materializing param=text_model.encoder.layers.12.mlp.fc2.bias][A
Loading weights:  39%|███▉      | 202/517 [00:03<00:13, 22.85it/s, Materializing param=text_model.encoder.layers.12.mlp.fc2.weight][A
Loading weights:  39%|███▉      | 202/517 [00:03<00:13, 22.85it/s, Materializing param=text_model.encoder.layers.12.mlp.fc2.weight][A
Loading weights:  39%|███▉      | 203/517 [00:03<00:13, 22.85it/s, Materializing param=text_model.encoder.layers.12.self_attn.k_proj.bias][A
Loading weights:  39%|███▉      | 203/517 [00:03<00:13, 22.85it/s, Materializing param=text_model.encoder.layers.12.self_attn.k_proj.bias][A
Loading weights:  39%|███▉      | 204/517 [00:03<00:13, 22.85it/s, Materializing param=text_model.encoder.layers.12.self_attn.k_proj.weight][A
Loading weights:  39%|███▉      | 204/517 [00:03<00:13, 22.85it/s, Materializing param=text_model.encoder.layers.12.self_attn.k_proj.weight][A
Loading weights:  40%|███▉      | 205/517 [00:03<00:13, 22.85it/s, Materializing param=text_model.encoder.layers.12.self_attn.out_proj.bias][A
Loading weights:  40%|███▉      | 205/517 [00:03<00:13, 22.85it/s, Materializing param=text_model.encoder.layers.12.self_attn.out_proj.bias][A
Loading weights:  40%|███▉      | 206/517 [00:03<00:13, 22.85it/s, Materializing param=text_model.encoder.layers.12.self_attn.out_proj.weight][A
Loading weights:  40%|███▉      | 206/517 [00:03<00:13, 22.85it/s, Materializing param=text_model.encoder.layers.12.self_attn.out_proj.weight][A
Loading weights:  40%|████      | 207/517 [00:03<00:13, 22.85it/s, Materializing param=text_model.encoder.layers.12.self_attn.q_proj.bias]    [A
Loading weights:  40%|████      | 207/517 [00:03<00:13, 22.85it/s, Materializing param=text_model.encoder.layers.12.self_attn.q_proj.bias][A
Loading weights:  40%|████      | 208/517 [00:03<00:13, 22.85it/s, Materializing param=text_model.encoder.layers.12.self_attn.q_proj.weight][A
Loading weights:  40%|████      | 208/517 [00:03<00:13, 22.85it/s, Materializing param=text_model.encoder.layers.12.self_attn.q_proj.weight][A
Loading weights:  40%|████      | 209/517 [00:03<00:13, 22.85it/s, Materializing param=text_model.encoder.layers.12.self_attn.v_proj.bias]  [A
Loading weights:  40%|████      | 209/517 [00:03<00:13, 22.85it/s, Materializing param=text_model.encoder.layers.12.self_attn.v_proj.bias][A
Loading weights:  41%|████      | 210/517 [00:03<00:13, 22.85it/s, Materializing param=text_model.encoder.layers.12.self_attn.v_proj.weight][A
Loading weights:  41%|████      | 210/517 [00:03<00:13, 22.85it/s, Materializing param=text_model.encoder.layers.12.self_attn.v_proj.weight][A
Loading weights:  41%|████      | 211/517 [00:03<00:13, 22.85it/s, Materializing param=text_model.encoder.layers.13.layer_norm1.bias]       [A
Loading weights:  41%|████      | 211/517 [00:03<00:13, 22.85it/s, Materializing param=text_model.encoder.layers.13.layer_norm1.bias][A
Loading weights:  41%|████      | 212/517 [00:03<00:13, 22.85it/s, Materializing param=text_model.encoder.layers.13.layer_norm1.weight][A
Loading weights:  41%|████      | 212/517 [00:03<00:13, 22.85it/s, Materializing param=text_model.encoder.layers.13.layer_norm1.weight][A
Loading weights:  41%|████      | 213/517 [00:03<00:13, 22.85it/s, Materializing param=text_model.encoder.layers.13.layer_norm2.bias]  [A
Loading weights:  41%|████      | 213/517 [00:03<00:13, 22.85it/s, Materializing param=text_model.encoder.layers.13.layer_norm2.bias][A
Loading weights:  41%|████▏     | 214/517 [00:03<00:13, 22.85it/s, Materializing param=text_model.encoder.layers.13.layer_norm2.weight][A
Loading weights:  41%|████▏     | 214/517 [00:03<00:13, 22.85it/s, Materializing param=text_model.encoder.layers.13.layer_norm2.weight][A
Loading weights:  42%|████▏     | 215/517 [00:03<00:13, 22.85it/s, Materializing param=text_model.encoder.layers.13.mlp.fc1.bias]      [A
Loading weights:  42%|████▏     | 215/517 [00:03<00:13, 22.85it/s, Materializing param=text_model.encoder.layers.13.mlp.fc1.bias][A
Loading weights:  42%|████▏     | 216/517 [00:03<00:13, 22.85it/s, Materializing param=text_model.encoder.layers.13.mlp.fc1.weight][A
Loading weights:  42%|████▏     | 216/517 [00:03<00:13, 22.85it/s, Materializing param=text_model.encoder.layers.13.mlp.fc1.weight][A
Loading weights:  42%|████▏     | 217/517 [00:03<00:13, 22.85it/s, Materializing param=text_model.encoder.layers.13.mlp.fc2.bias]  [A
Loading weights:  42%|████▏     | 217/517 [00:03<00:13, 22.85it/s, Materializing param=text_model.encoder.layers.13.mlp.fc2.bias][A
Loading weights:  42%|████▏     | 218/517 [00:03<00:13, 22.85it/s, Materializing param=text_model.encoder.layers.13.mlp.fc2.weight][A
Loading weights:  42%|████▏     | 218/517 [00:03<00:13, 22.85it/s, Materializing param=text_model.encoder.layers.13.mlp.fc2.weight][A
Loading weights:  42%|████▏     | 219/517 [00:03<00:13, 22.85it/s, Materializing param=text_model.encoder.layers.13.self_attn.k_proj.bias][A
Loading weights:  42%|████▏     | 219/517 [00:03<00:13, 22.85it/s, Materializing param=text_model.encoder.layers.13.self_attn.k_proj.bias][A
Loading weights:  43%|████▎     | 220/517 [00:03<00:12, 22.85it/s, Materializing param=text_model.encoder.layers.13.self_attn.k_proj.weight][A
Loading weights:  43%|████▎     | 220/517 [00:03<00:12, 22.85it/s, Materializing param=text_model.encoder.layers.13.self_attn.k_proj.weight][A
Loading weights:  43%|████▎     | 221/517 [00:03<00:12, 22.85it/s, Materializing param=text_model.encoder.layers.13.self_attn.out_proj.bias][A
Loading weights:  43%|████▎     | 221/517 [00:03<00:12, 22.85it/s, Materializing param=text_model.encoder.layers.13.self_attn.out_proj.bias][A
Loading weights:  43%|████▎     | 222/517 [00:03<00:12, 22.85it/s, Materializing param=text_model.encoder.layers.13.self_attn.out_proj.weight][A
Loading weights:  43%|████▎     | 222/517 [00:03<00:12, 22.85it/s, Materializing param=text_model.encoder.layers.13.self_attn.out_proj.weight][A
Loading weights:  43%|████▎     | 223/517 [00:03<00:12, 22.85it/s, Materializing param=text_model.encoder.layers.13.self_attn.q_proj.bias]    [A
Loading weights:  43%|████▎     | 223/517 [00:03<00:12, 22.85it/s, Materializing param=text_model.encoder.layers.13.self_attn.q_proj.bias][A
Loading weights:  43%|████▎     | 224/517 [00:03<00:12, 22.85it/s, Materializing param=text_model.encoder.layers.13.self_attn.q_proj.weight][A
Loading weights:  43%|████▎     | 224/517 [00:03<00:12, 22.85it/s, Materializing param=text_model.encoder.layers.13.self_attn.q_proj.weight][A
Loading weights:  44%|████▎     | 225/517 [00:03<00:12, 22.85it/s, Materializing param=text_model.encoder.layers.13.self_attn.v_proj.bias]  [A
Loading weights:  44%|████▎     | 225/517 [00:03<00:12, 22.85it/s, Materializing param=text_model.encoder.layers.13.self_attn.v_proj.bias][A
Loading weights:  44%|████▎     | 226/517 [00:03<00:12, 22.85it/s, Materializing param=text_model.encoder.layers.13.self_attn.v_proj.weight][A
Loading weights:  44%|████▎     | 226/517 [00:03<00:12, 22.85it/s, Materializing param=text_model.encoder.layers.13.self_attn.v_proj.weight][A
Loading weights:  44%|████▍     | 227/517 [00:03<00:12, 22.85it/s, Materializing param=text_model.encoder.layers.14.layer_norm1.bias]       [A
Loading weights:  44%|████▍     | 227/517 [00:03<00:12, 22.85it/s, Materializing param=text_model.encoder.layers.14.layer_norm1.bias][A
Loading weights:  44%|████▍     | 228/517 [00:03<00:12, 22.85it/s, Materializing param=text_model.encoder.layers.14.layer_norm1.weight][A
Loading weights:  44%|████▍     | 228/517 [00:03<00:12, 22.85it/s, Materializing param=text_model.encoder.layers.14.layer_norm1.weight][A
Loading weights:  44%|████▍     | 229/517 [00:03<00:12, 22.85it/s, Materializing param=text_model.encoder.layers.14.layer_norm2.bias]  [A
Loading weights:  44%|████▍     | 229/517 [00:03<00:12, 22.85it/s, Materializing param=text_model.encoder.layers.14.layer_norm2.bias][A
Loading weights:  44%|████▍     | 230/517 [00:03<00:12, 22.85it/s, Materializing param=text_model.encoder.layers.14.layer_norm2.weight][A
Loading weights:  44%|████▍     | 230/517 [00:03<00:12, 22.85it/s, Materializing param=text_model.encoder.layers.14.layer_norm2.weight][A
Loading weights:  45%|████▍     | 231/517 [00:03<00:12, 22.85it/s, Materializing param=text_model.encoder.layers.14.mlp.fc1.bias]      [A
Loading weights:  45%|████▍     | 231/517 [00:03<00:12, 22.85it/s, Materializing param=text_model.encoder.layers.14.mlp.fc1.bias][A
Loading weights:  45%|████▍     | 232/517 [00:03<00:12, 22.85it/s, Materializing param=text_model.encoder.layers.14.mlp.fc1.weight][A
Loading weights:  45%|████▍     | 232/517 [00:03<00:12, 22.85it/s, Materializing param=text_model.encoder.layers.14.mlp.fc1.weight][A
Loading weights:  45%|████▌     | 233/517 [00:03<00:12, 22.85it/s, Materializing param=text_model.encoder.layers.14.mlp.fc2.bias]  [A
Loading weights:  45%|████▌     | 233/517 [00:03<00:12, 22.85it/s, Materializing param=text_model.encoder.layers.14.mlp.fc2.bias][A
Loading weights:  45%|████▌     | 234/517 [00:03<00:12, 22.85it/s, Materializing param=text_model.encoder.layers.14.mlp.fc2.weight][A
Loading weights:  45%|████▌     | 234/517 [00:03<00:12, 22.85it/s, Materializing param=text_model.encoder.layers.14.mlp.fc2.weight][A
Loading weights:  45%|████▌     | 235/517 [00:03<00:12, 22.85it/s, Materializing param=text_model.encoder.layers.14.self_attn.k_proj.bias][A
Loading weights:  45%|████▌     | 235/517 [00:03<00:12, 22.85it/s, Materializing param=text_model.encoder.layers.14.self_attn.k_proj.bias][A
Loading weights:  46%|████▌     | 236/517 [00:03<00:12, 22.85it/s, Materializing param=text_model.encoder.layers.14.self_attn.k_proj.weight][A
Loading weights:  46%|████▌     | 236/517 [00:03<00:12, 22.85it/s, Materializing param=text_model.encoder.layers.14.self_attn.k_proj.weight][A
Loading weights:  46%|████▌     | 237/517 [00:03<00:12, 22.85it/s, Materializing param=text_model.encoder.layers.14.self_attn.out_proj.bias][A
Loading weights:  46%|████▌     | 237/517 [00:03<00:12, 22.85it/s, Materializing param=text_model.encoder.layers.14.self_attn.out_proj.bias][A
Loading weights:  46%|████▌     | 238/517 [00:03<00:12, 22.85it/s, Materializing param=text_model.encoder.layers.14.self_attn.out_proj.weight][A
Loading weights:  46%|████▌     | 238/517 [00:03<00:12, 22.85it/s, Materializing param=text_model.encoder.layers.14.self_attn.out_proj.weight][A
Loading weights:  46%|████▌     | 239/517 [00:03<00:12, 22.85it/s, Materializing param=text_model.encoder.layers.14.self_attn.q_proj.bias]    [A
Loading weights:  46%|████▌     | 239/517 [00:03<00:12, 22.85it/s, Materializing param=text_model.encoder.layers.14.self_attn.q_proj.bias][A
Loading weights:  46%|████▋     | 240/517 [00:03<00:12, 22.85it/s, Materializing param=text_model.encoder.layers.14.self_attn.q_proj.weight][A
Loading weights:  46%|████▋     | 240/517 [00:03<00:12, 22.85it/s, Materializing param=text_model.encoder.layers.14.self_attn.q_proj.weight][A
Loading weights:  47%|████▋     | 241/517 [00:03<00:12, 22.85it/s, Materializing param=text_model.encoder.layers.14.self_attn.v_proj.bias]  [A
Loading weights:  47%|████▋     | 241/517 [00:03<00:12, 22.85it/s, Materializing param=text_model.encoder.layers.14.self_attn.v_proj.bias][A
Loading weights:  47%|████▋     | 242/517 [00:03<00:12, 22.85it/s, Materializing param=text_model.encoder.layers.14.self_attn.v_proj.weight][A
Loading weights:  47%|████▋     | 242/517 [00:03<00:12, 22.85it/s, Materializing param=text_model.encoder.layers.14.self_attn.v_proj.weight][A
Loading weights:  47%|████▋     | 243/517 [00:03<00:11, 22.85it/s, Materializing param=text_model.encoder.layers.15.layer_norm1.bias]       [A
Loading weights:  47%|████▋     | 243/517 [00:03<00:11, 22.85it/s, Materializing param=text_model.encoder.layers.15.layer_norm1.bias][A
Loading weights:  47%|████▋     | 244/517 [00:03<00:11, 22.85it/s, Materializing param=text_model.encoder.layers.15.layer_norm1.weight][A
Loading weights:  47%|████▋     | 244/517 [00:03<00:11, 22.85it/s, Materializing param=text_model.encoder.layers.15.layer_norm1.weight][A
Loading weights:  47%|████▋     | 245/517 [00:03<00:11, 22.85it/s, Materializing param=text_model.encoder.layers.15.layer_norm2.bias]  [A
Loading weights:  47%|████▋     | 245/517 [00:03<00:11, 22.85it/s, Materializing param=text_model.encoder.layers.15.layer_norm2.bias][A
Loading weights:  48%|████▊     | 246/517 [00:03<00:11, 22.85it/s, Materializing param=text_model.encoder.layers.15.layer_norm2.weight][A
Loading weights:  48%|████▊     | 246/517 [00:03<00:11, 22.85it/s, Materializing param=text_model.encoder.layers.15.layer_norm2.weight][A
Loading weights:  48%|████▊     | 247/517 [00:03<00:11, 22.85it/s, Materializing param=text_model.encoder.layers.15.mlp.fc1.bias]      [A
Loading weights:  48%|████▊     | 247/517 [00:03<00:11, 22.85it/s, Materializing param=text_model.encoder.layers.15.mlp.fc1.bias][A
Loading weights:  48%|████▊     | 248/517 [00:03<00:11, 22.85it/s, Materializing param=text_model.encoder.layers.15.mlp.fc1.weight][A
Loading weights:  48%|████▊     | 248/517 [00:03<00:11, 22.85it/s, Materializing param=text_model.encoder.layers.15.mlp.fc1.weight][A
Loading weights:  48%|████▊     | 249/517 [00:03<00:11, 22.85it/s, Materializing param=text_model.encoder.layers.15.mlp.fc2.bias]  [A
Loading weights:  48%|████▊     | 249/517 [00:03<00:11, 22.85it/s, Materializing param=text_model.encoder.layers.15.mlp.fc2.bias][A
Loading weights:  48%|████▊     | 250/517 [00:03<00:11, 22.85it/s, Materializing param=text_model.encoder.layers.15.mlp.fc2.weight][A
Loading weights:  48%|████▊     | 250/517 [00:03<00:11, 22.85it/s, Materializing param=text_model.encoder.layers.15.mlp.fc2.weight][A
Loading weights:  49%|████▊     | 251/517 [00:03<00:11, 22.85it/s, Materializing param=text_model.encoder.layers.15.self_attn.k_proj.bias][A
Loading weights:  49%|████▊     | 251/517 [00:03<00:11, 22.85it/s, Materializing param=text_model.encoder.layers.15.self_attn.k_proj.bias][A
Loading weights:  49%|████▊     | 252/517 [00:03<00:11, 22.85it/s, Materializing param=text_model.encoder.layers.15.self_attn.k_proj.weight][A
Loading weights:  49%|████▊     | 252/517 [00:03<00:11, 22.85it/s, Materializing param=text_model.encoder.layers.15.self_attn.k_proj.weight][A
Loading weights:  49%|████▉     | 253/517 [00:03<00:11, 22.85it/s, Materializing param=text_model.encoder.layers.15.self_attn.out_proj.bias][A
Loading weights:  49%|████▉     | 253/517 [00:03<00:11, 22.85it/s, Materializing param=text_model.encoder.layers.15.self_attn.out_proj.bias][A
Loading weights:  49%|████▉     | 254/517 [00:03<00:11, 22.85it/s, Materializing param=text_model.encoder.layers.15.self_attn.out_proj.weight][A
Loading weights:  49%|████▉     | 254/517 [00:03<00:11, 22.85it/s, Materializing param=text_model.encoder.layers.15.self_attn.out_proj.weight][A
Loading weights:  49%|████▉     | 255/517 [00:03<00:11, 22.85it/s, Materializing param=text_model.encoder.layers.15.self_attn.q_proj.bias]    [A
Loading weights:  49%|████▉     | 255/517 [00:03<00:11, 22.85it/s, Materializing param=text_model.encoder.layers.15.self_attn.q_proj.bias][A
Loading weights:  50%|████▉     | 256/517 [00:03<00:11, 22.85it/s, Materializing param=text_model.encoder.layers.15.self_attn.q_proj.weight][A
Loading weights:  50%|████▉     | 256/517 [00:03<00:11, 22.85it/s, Materializing param=text_model.encoder.layers.15.self_attn.q_proj.weight][A
Loading weights:  50%|████▉     | 257/517 [00:03<00:11, 22.85it/s, Materializing param=text_model.encoder.layers.15.self_attn.v_proj.bias]  [A
Loading weights:  50%|████▉     | 257/517 [00:03<00:11, 22.85it/s, Materializing param=text_model.encoder.layers.15.self_attn.v_proj.bias][A
Loading weights:  50%|████▉     | 258/517 [00:03<00:11, 22.85it/s, Materializing param=text_model.encoder.layers.15.self_attn.v_proj.weight][A
Loading weights:  50%|████▉     | 258/517 [00:03<00:11, 22.85it/s, Materializing param=text_model.encoder.layers.15.self_attn.v_proj.weight][A
Loading weights:  50%|█████     | 259/517 [00:03<00:11, 22.85it/s, Materializing param=text_model.encoder.layers.16.layer_norm1.bias]       [A
Loading weights:  50%|█████     | 259/517 [00:03<00:11, 22.85it/s, Materializing param=text_model.encoder.layers.16.layer_norm1.bias][A
Loading weights:  50%|█████     | 260/517 [00:03<00:11, 22.85it/s, Materializing param=text_model.encoder.layers.16.layer_norm1.weight][A
Loading weights:  50%|█████     | 260/517 [00:03<00:11, 22.85it/s, Materializing param=text_model.encoder.layers.16.layer_norm1.weight][A
Loading weights:  50%|█████     | 261/517 [00:03<00:11, 22.85it/s, Materializing param=text_model.encoder.layers.16.layer_norm2.bias]  [A
Loading weights:  50%|█████     | 261/517 [00:03<00:11, 22.85it/s, Materializing param=text_model.encoder.layers.16.layer_norm2.bias][A
Loading weights:  51%|█████     | 262/517 [00:03<00:11, 22.85it/s, Materializing param=text_model.encoder.layers.16.layer_norm2.weight][A
Loading weights:  51%|█████     | 262/517 [00:03<00:11, 22.85it/s, Materializing param=text_model.encoder.layers.16.layer_norm2.weight][A
Loading weights:  51%|█████     | 263/517 [00:03<00:11, 22.85it/s, Materializing param=text_model.encoder.layers.16.mlp.fc1.bias]      [A
Loading weights:  51%|█████     | 263/517 [00:03<00:11, 22.85it/s, Materializing param=text_model.encoder.layers.16.mlp.fc1.bias][A
Loading weights:  51%|█████     | 264/517 [00:03<00:11, 22.85it/s, Materializing param=text_model.encoder.layers.16.mlp.fc1.weight][A
Loading weights:  51%|█████     | 264/517 [00:03<00:11, 22.85it/s, Materializing param=text_model.encoder.layers.16.mlp.fc1.weight][A
Loading weights:  51%|█████▏    | 265/517 [00:03<00:11, 22.85it/s, Materializing param=text_model.encoder.layers.16.mlp.fc2.bias]  [A
Loading weights:  51%|█████▏    | 265/517 [00:03<00:11, 22.85it/s, Materializing param=text_model.encoder.layers.16.mlp.fc2.bias][A
Loading weights:  51%|█████▏    | 266/517 [00:03<00:10, 22.85it/s, Materializing param=text_model.encoder.layers.16.mlp.fc2.weight][A
Loading weights:  51%|█████▏    | 266/517 [00:03<00:10, 22.85it/s, Materializing param=text_model.encoder.layers.16.mlp.fc2.weight][A
Loading weights:  52%|█████▏    | 267/517 [00:03<00:10, 22.85it/s, Materializing param=text_model.encoder.layers.16.self_attn.k_proj.bias][A
Loading weights:  52%|█████▏    | 267/517 [00:03<00:10, 22.85it/s, Materializing param=text_model.encoder.layers.16.self_attn.k_proj.bias][A
Loading weights:  52%|█████▏    | 268/517 [00:03<00:10, 22.85it/s, Materializing param=text_model.encoder.layers.16.self_attn.k_proj.weight][A
Loading weights:  52%|█████▏    | 268/517 [00:03<00:10, 22.85it/s, Materializing param=text_model.encoder.layers.16.self_attn.k_proj.weight][A
Loading weights:  52%|█████▏    | 269/517 [00:03<00:10, 22.85it/s, Materializing param=text_model.encoder.layers.16.self_attn.out_proj.bias][A
Loading weights:  52%|█████▏    | 269/517 [00:03<00:10, 22.85it/s, Materializing param=text_model.encoder.layers.16.self_attn.out_proj.bias][A
Loading weights:  52%|█████▏    | 270/517 [00:03<00:10, 22.85it/s, Materializing param=text_model.encoder.layers.16.self_attn.out_proj.weight][A
Loading weights:  52%|█████▏    | 270/517 [00:03<00:10, 22.85it/s, Materializing param=text_model.encoder.layers.16.self_attn.out_proj.weight][A
Loading weights:  52%|█████▏    | 271/517 [00:03<00:10, 22.85it/s, Materializing param=text_model.encoder.layers.16.self_attn.q_proj.bias]    [A
Loading weights:  52%|█████▏    | 271/517 [00:03<00:10, 22.85it/s, Materializing param=text_model.encoder.layers.16.self_attn.q_proj.bias][A
Loading weights:  53%|█████▎    | 272/517 [00:03<00:10, 22.85it/s, Materializing param=text_model.encoder.layers.16.self_attn.q_proj.weight][A
Loading weights:  53%|█████▎    | 272/517 [00:03<00:10, 22.85it/s, Materializing param=text_model.encoder.layers.16.self_attn.q_proj.weight][A
Loading weights:  53%|█████▎    | 273/517 [00:03<00:10, 22.85it/s, Materializing param=text_model.encoder.layers.16.self_attn.v_proj.bias]  [A
Loading weights:  53%|█████▎    | 273/517 [00:03<00:10, 22.85it/s, Materializing param=text_model.encoder.layers.16.self_attn.v_proj.bias][A
Loading weights:  53%|█████▎    | 274/517 [00:03<00:10, 22.85it/s, Materializing param=text_model.encoder.layers.16.self_attn.v_proj.weight][A
Loading weights:  53%|█████▎    | 274/517 [00:03<00:10, 22.85it/s, Materializing param=text_model.encoder.layers.16.self_attn.v_proj.weight][A
Loading weights:  53%|█████▎    | 275/517 [00:03<00:10, 22.85it/s, Materializing param=text_model.encoder.layers.17.layer_norm1.bias]       [A
Loading weights:  53%|█████▎    | 275/517 [00:03<00:10, 22.85it/s, Materializing param=text_model.encoder.layers.17.layer_norm1.bias][A
Loading weights:  53%|█████▎    | 276/517 [00:03<00:10, 22.85it/s, Materializing param=text_model.encoder.layers.17.layer_norm1.weight][A
Loading weights:  53%|█████▎    | 276/517 [00:03<00:10, 22.85it/s, Materializing param=text_model.encoder.layers.17.layer_norm1.weight][A
Loading weights:  54%|█████▎    | 277/517 [00:03<00:10, 22.85it/s, Materializing param=text_model.encoder.layers.17.layer_norm2.bias]  [A
Loading weights:  54%|█████▎    | 277/517 [00:03<00:10, 22.85it/s, Materializing param=text_model.encoder.layers.17.layer_norm2.bias][A
Loading weights:  54%|█████▍    | 278/517 [00:03<00:10, 22.85it/s, Materializing param=text_model.encoder.layers.17.layer_norm2.weight][A
Loading weights:  54%|█████▍    | 278/517 [00:03<00:10, 22.85it/s, Materializing param=text_model.encoder.layers.17.layer_norm2.weight][A
Loading weights:  54%|█████▍    | 279/517 [00:03<00:10, 22.85it/s, Materializing param=text_model.encoder.layers.17.mlp.fc1.bias]      [A
Loading weights:  54%|█████▍    | 279/517 [00:03<00:10, 22.85it/s, Materializing param=text_model.encoder.layers.17.mlp.fc1.bias][A
Loading weights:  54%|█████▍    | 280/517 [00:03<00:10, 22.85it/s, Materializing param=text_model.encoder.layers.17.mlp.fc1.weight][A
Loading weights:  54%|█████▍    | 280/517 [00:03<00:10, 22.85it/s, Materializing param=text_model.encoder.layers.17.mlp.fc1.weight][A
Loading weights:  54%|█████▍    | 281/517 [00:03<00:10, 22.85it/s, Materializing param=text_model.encoder.layers.17.mlp.fc2.bias]  [A
Loading weights:  54%|█████▍    | 281/517 [00:03<00:10, 22.85it/s, Materializing param=text_model.encoder.layers.17.mlp.fc2.bias][A
Loading weights:  55%|█████▍    | 282/517 [00:03<00:10, 22.85it/s, Materializing param=text_model.encoder.layers.17.mlp.fc2.weight][A
Loading weights:  55%|█████▍    | 282/517 [00:03<00:10, 22.85it/s, Materializing param=text_model.encoder.layers.17.mlp.fc2.weight][A
Loading weights:  55%|█████▍    | 283/517 [00:03<00:10, 22.85it/s, Materializing param=text_model.encoder.layers.17.self_attn.k_proj.bias][A
Loading weights:  55%|█████▍    | 283/517 [00:03<00:10, 22.85it/s, Materializing param=text_model.encoder.layers.17.self_attn.k_proj.bias][A
Loading weights:  55%|█████▍    | 284/517 [00:03<00:10, 22.85it/s, Materializing param=text_model.encoder.layers.17.self_attn.k_proj.weight][A
Loading weights:  55%|█████▍    | 284/517 [00:03<00:10, 22.85it/s, Materializing param=text_model.encoder.layers.17.self_attn.k_proj.weight][A
Loading weights:  55%|█████▌    | 285/517 [00:03<00:10, 22.85it/s, Materializing param=text_model.encoder.layers.17.self_attn.out_proj.bias][A
Loading weights:  55%|█████▌    | 285/517 [00:03<00:10, 22.85it/s, Materializing param=text_model.encoder.layers.17.self_attn.out_proj.bias][A
Loading weights:  55%|█████▌    | 286/517 [00:03<00:10, 22.85it/s, Materializing param=text_model.encoder.layers.17.self_attn.out_proj.weight][A
Loading weights:  55%|█████▌    | 286/517 [00:03<00:10, 22.85it/s, Materializing param=text_model.encoder.layers.17.self_attn.out_proj.weight][A
Loading weights:  56%|█████▌    | 287/517 [00:03<00:10, 22.85it/s, Materializing param=text_model.encoder.layers.17.self_attn.q_proj.bias]    [A
Loading weights:  56%|█████▌    | 287/517 [00:03<00:10, 22.85it/s, Materializing param=text_model.encoder.layers.17.self_attn.q_proj.bias][A
Loading weights:  56%|█████▌    | 288/517 [00:03<00:10, 22.85it/s, Materializing param=text_model.encoder.layers.17.self_attn.q_proj.weight][A
Loading weights:  56%|█████▌    | 288/517 [00:03<00:10, 22.85it/s, Materializing param=text_model.encoder.layers.17.self_attn.q_proj.weight][A
Loading weights:  56%|█████▌    | 289/517 [00:03<00:09, 22.85it/s, Materializing param=text_model.encoder.layers.17.self_attn.v_proj.bias]  [A
Loading weights:  56%|█████▌    | 289/517 [00:03<00:09, 22.85it/s, Materializing param=text_model.encoder.layers.17.self_attn.v_proj.bias][A
Loading weights:  56%|█████▌    | 290/517 [00:03<00:09, 22.85it/s, Materializing param=text_model.encoder.layers.17.self_attn.v_proj.weight][A
Loading weights:  56%|█████▌    | 290/517 [00:03<00:09, 22.85it/s, Materializing param=text_model.encoder.layers.17.self_attn.v_proj.weight][A
Loading weights:  56%|█████▋    | 291/517 [00:03<00:09, 22.85it/s, Materializing param=text_model.encoder.layers.18.layer_norm1.bias]       [A
Loading weights:  56%|█████▋    | 291/517 [00:03<00:09, 22.85it/s, Materializing param=text_model.encoder.layers.18.layer_norm1.bias][A
Loading weights:  56%|█████▋    | 292/517 [00:03<00:09, 22.85it/s, Materializing param=text_model.encoder.layers.18.layer_norm1.weight][A
Loading weights:  56%|█████▋    | 292/517 [00:03<00:09, 22.85it/s, Materializing param=text_model.encoder.layers.18.layer_norm1.weight][A
Loading weights:  57%|█████▋    | 293/517 [00:03<00:09, 22.85it/s, Materializing param=text_model.encoder.layers.18.layer_norm2.bias]  [A
Loading weights:  57%|█████▋    | 293/517 [00:03<00:09, 22.85it/s, Materializing param=text_model.encoder.layers.18.layer_norm2.bias][A
Loading weights:  57%|█████▋    | 294/517 [00:03<00:09, 22.85it/s, Materializing param=text_model.encoder.layers.18.layer_norm2.weight][A
Loading weights:  57%|█████▋    | 294/517 [00:03<00:09, 22.85it/s, Materializing param=text_model.encoder.layers.18.layer_norm2.weight][A
Loading weights:  57%|█████▋    | 295/517 [00:03<00:09, 22.85it/s, Materializing param=text_model.encoder.layers.18.mlp.fc1.bias]      [A
Loading weights:  57%|█████▋    | 295/517 [00:03<00:09, 22.85it/s, Materializing param=text_model.encoder.layers.18.mlp.fc1.bias][A
Loading weights:  57%|█████▋    | 296/517 [00:03<00:09, 22.85it/s, Materializing param=text_model.encoder.layers.18.mlp.fc1.weight][A
Loading weights:  57%|█████▋    | 296/517 [00:03<00:09, 22.85it/s, Materializing param=text_model.encoder.layers.18.mlp.fc1.weight][A
Loading weights:  57%|█████▋    | 297/517 [00:03<00:09, 22.85it/s, Materializing param=text_model.encoder.layers.18.mlp.fc2.bias]  [A
Loading weights:  57%|█████▋    | 297/517 [00:03<00:09, 22.85it/s, Materializing param=text_model.encoder.layers.18.mlp.fc2.bias][A
Loading weights:  58%|█████▊    | 298/517 [00:03<00:09, 22.85it/s, Materializing param=text_model.encoder.layers.18.mlp.fc2.weight][A
Loading weights:  58%|█████▊    | 298/517 [00:03<00:09, 22.85it/s, Materializing param=text_model.encoder.layers.18.mlp.fc2.weight][A
Loading weights:  58%|█████▊    | 299/517 [00:03<00:09, 22.85it/s, Materializing param=text_model.encoder.layers.18.self_attn.k_proj.bias][A
Loading weights:  58%|█████▊    | 299/517 [00:03<00:09, 22.85it/s, Materializing param=text_model.encoder.layers.18.self_attn.k_proj.bias][A
Loading weights:  58%|█████▊    | 300/517 [00:03<00:09, 22.85it/s, Materializing param=text_model.encoder.layers.18.self_attn.k_proj.weight][A
Loading weights:  58%|█████▊    | 300/517 [00:03<00:09, 22.85it/s, Materializing param=text_model.encoder.layers.18.self_attn.k_proj.weight][A
Loading weights:  58%|█████▊    | 301/517 [00:03<00:09, 22.85it/s, Materializing param=text_model.encoder.layers.18.self_attn.out_proj.bias][A
Loading weights:  58%|█████▊    | 301/517 [00:03<00:09, 22.85it/s, Materializing param=text_model.encoder.layers.18.self_attn.out_proj.bias][A
Loading weights:  58%|█████▊    | 302/517 [00:03<00:09, 22.85it/s, Materializing param=text_model.encoder.layers.18.self_attn.out_proj.weight][A
Loading weights:  58%|█████▊    | 302/517 [00:03<00:09, 22.85it/s, Materializing param=text_model.encoder.layers.18.self_attn.out_proj.weight][A
Loading weights:  59%|█████▊    | 303/517 [00:03<00:09, 22.85it/s, Materializing param=text_model.encoder.layers.18.self_attn.q_proj.bias]    [A
Loading weights:  59%|█████▊    | 303/517 [00:03<00:09, 22.85it/s, Materializing param=text_model.encoder.layers.18.self_attn.q_proj.bias][A
Loading weights:  59%|█████▉    | 304/517 [00:03<00:09, 22.85it/s, Materializing param=text_model.encoder.layers.18.self_attn.q_proj.weight][A
Loading weights:  59%|█████▉    | 304/517 [00:03<00:09, 22.85it/s, Materializing param=text_model.encoder.layers.18.self_attn.q_proj.weight][A
Loading weights:  59%|█████▉    | 305/517 [00:03<00:09, 22.85it/s, Materializing param=text_model.encoder.layers.18.self_attn.v_proj.bias]  [A
Loading weights:  59%|█████▉    | 305/517 [00:03<00:09, 22.85it/s, Materializing param=text_model.encoder.layers.18.self_attn.v_proj.bias][A
Loading weights:  59%|█████▉    | 306/517 [00:03<00:09, 22.85it/s, Materializing param=text_model.encoder.layers.18.self_attn.v_proj.weight][A
Loading weights:  59%|█████▉    | 306/517 [00:03<00:09, 22.85it/s, Materializing param=text_model.encoder.layers.18.self_attn.v_proj.weight][A
Loading weights:  59%|█████▉    | 307/517 [00:03<00:09, 22.85it/s, Materializing param=text_model.encoder.layers.19.layer_norm1.bias]       [A
Loading weights:  59%|█████▉    | 307/517 [00:03<00:09, 22.85it/s, Materializing param=text_model.encoder.layers.19.layer_norm1.bias][A
Loading weights:  60%|█████▉    | 308/517 [00:03<00:09, 22.85it/s, Materializing param=text_model.encoder.layers.19.layer_norm1.weight][A
Loading weights:  60%|█████▉    | 308/517 [00:03<00:09, 22.85it/s, Materializing param=text_model.encoder.layers.19.layer_norm1.weight][A
Loading weights:  60%|█████▉    | 309/517 [00:03<00:09, 22.85it/s, Materializing param=text_model.encoder.layers.19.layer_norm2.bias]  [A
Loading weights:  60%|█████▉    | 309/517 [00:03<00:09, 22.85it/s, Materializing param=text_model.encoder.layers.19.layer_norm2.bias][A
Loading weights:  60%|█████▉    | 310/517 [00:03<00:09, 22.85it/s, Materializing param=text_model.encoder.layers.19.layer_norm2.weight][A
Loading weights:  60%|█████▉    | 310/517 [00:03<00:09, 22.85it/s, Materializing param=text_model.encoder.layers.19.layer_norm2.weight][A
Loading weights:  60%|██████    | 311/517 [00:03<00:09, 22.85it/s, Materializing param=text_model.encoder.layers.19.mlp.fc1.bias]      [A
Loading weights:  60%|██████    | 311/517 [00:03<00:09, 22.85it/s, Materializing param=text_model.encoder.layers.19.mlp.fc1.bias][A
Loading weights:  60%|██████    | 312/517 [00:03<00:08, 22.85it/s, Materializing param=text_model.encoder.layers.19.mlp.fc1.weight][A
Loading weights:  60%|██████    | 312/517 [00:03<00:08, 22.85it/s, Materializing param=text_model.encoder.layers.19.mlp.fc1.weight][A
Loading weights:  61%|██████    | 313/517 [00:03<00:08, 22.85it/s, Materializing param=text_model.encoder.layers.19.mlp.fc2.bias]  [A
Loading weights:  61%|██████    | 313/517 [00:03<00:08, 22.85it/s, Materializing param=text_model.encoder.layers.19.mlp.fc2.bias][A
Loading weights:  61%|██████    | 314/517 [00:03<00:08, 22.85it/s, Materializing param=text_model.encoder.layers.19.mlp.fc2.weight][A
Loading weights:  61%|██████    | 314/517 [00:03<00:08, 22.85it/s, Materializing param=text_model.encoder.layers.19.mlp.fc2.weight][A
Loading weights:  61%|██████    | 315/517 [00:03<00:08, 22.85it/s, Materializing param=text_model.encoder.layers.19.self_attn.k_proj.bias][A
Loading weights:  61%|██████    | 315/517 [00:03<00:08, 22.85it/s, Materializing param=text_model.encoder.layers.19.self_attn.k_proj.bias][A
Loading weights:  61%|██████    | 316/517 [00:03<00:08, 22.85it/s, Materializing param=text_model.encoder.layers.19.self_attn.k_proj.weight][A
Loading weights:  61%|██████    | 316/517 [00:03<00:08, 22.85it/s, Materializing param=text_model.encoder.layers.19.self_attn.k_proj.weight][A
Loading weights:  61%|██████▏   | 317/517 [00:03<00:08, 22.85it/s, Materializing param=text_model.encoder.layers.19.self_attn.out_proj.bias][A
Loading weights:  61%|██████▏   | 317/517 [00:03<00:08, 22.85it/s, Materializing param=text_model.encoder.layers.19.self_attn.out_proj.bias][A
Loading weights:  62%|██████▏   | 318/517 [00:03<00:08, 22.85it/s, Materializing param=text_model.encoder.layers.19.self_attn.out_proj.weight][A
Loading weights:  62%|██████▏   | 318/517 [00:03<00:08, 22.85it/s, Materializing param=text_model.encoder.layers.19.self_attn.out_proj.weight][A
Loading weights:  62%|██████▏   | 319/517 [00:03<00:08, 22.85it/s, Materializing param=text_model.encoder.layers.19.self_attn.q_proj.bias]    [A
Loading weights:  62%|██████▏   | 319/517 [00:03<00:08, 22.85it/s, Materializing param=text_model.encoder.layers.19.self_attn.q_proj.bias][A
Loading weights:  62%|██████▏   | 320/517 [00:03<00:08, 22.85it/s, Materializing param=text_model.encoder.layers.19.self_attn.q_proj.weight][A
Loading weights:  62%|██████▏   | 320/517 [00:03<00:08, 22.85it/s, Materializing param=text_model.encoder.layers.19.self_attn.q_proj.weight][A
Loading weights:  62%|██████▏   | 321/517 [00:03<00:08, 22.85it/s, Materializing param=text_model.encoder.layers.19.self_attn.v_proj.bias]  [A
Loading weights:  62%|██████▏   | 321/517 [00:03<00:08, 22.85it/s, Materializing param=text_model.encoder.layers.19.self_attn.v_proj.bias][A
Loading weights:  62%|██████▏   | 322/517 [00:03<00:08, 22.85it/s, Materializing param=text_model.encoder.layers.19.self_attn.v_proj.weight][A
Loading weights:  62%|██████▏   | 322/517 [00:03<00:08, 22.85it/s, Materializing param=text_model.encoder.layers.19.self_attn.v_proj.weight][A
Loading weights:  62%|██████▏   | 323/517 [00:03<00:08, 22.85it/s, Materializing param=text_model.encoder.layers.20.layer_norm1.bias]       [A
Loading weights:  62%|██████▏   | 323/517 [00:03<00:08, 22.85it/s, Materializing param=text_model.encoder.layers.20.layer_norm1.bias][A
Loading weights:  63%|██████▎   | 324/517 [00:03<00:08, 22.85it/s, Materializing param=text_model.encoder.layers.20.layer_norm1.weight][A
Loading weights:  63%|██████▎   | 324/517 [00:03<00:08, 22.85it/s, Materializing param=text_model.encoder.layers.20.layer_norm1.weight][A
Loading weights:  63%|██████▎   | 325/517 [00:03<00:08, 22.85it/s, Materializing param=text_model.encoder.layers.20.layer_norm2.bias]  [A
Loading weights:  63%|██████▎   | 325/517 [00:03<00:08, 22.85it/s, Materializing param=text_model.encoder.layers.20.layer_norm2.bias][A
Loading weights:  63%|██████▎   | 326/517 [00:03<00:08, 22.85it/s, Materializing param=text_model.encoder.layers.20.layer_norm2.weight][A
Loading weights:  63%|██████▎   | 326/517 [00:03<00:08, 22.85it/s, Materializing param=text_model.encoder.layers.20.layer_norm2.weight][A
Loading weights:  63%|██████▎   | 327/517 [00:03<00:08, 22.85it/s, Materializing param=text_model.encoder.layers.20.mlp.fc1.bias]      [A
Loading weights:  63%|██████▎   | 327/517 [00:03<00:08, 22.85it/s, Materializing param=text_model.encoder.layers.20.mlp.fc1.bias][A
Loading weights:  63%|██████▎   | 328/517 [00:03<00:08, 22.85it/s, Materializing param=text_model.encoder.layers.20.mlp.fc1.weight][A
Loading weights:  63%|██████▎   | 328/517 [00:03<00:08, 22.85it/s, Materializing param=text_model.encoder.layers.20.mlp.fc1.weight][A
Loading weights:  64%|██████▎   | 329/517 [00:03<00:08, 22.85it/s, Materializing param=text_model.encoder.layers.20.mlp.fc2.bias]  [A
Loading weights:  64%|██████▎   | 329/517 [00:03<00:08, 22.85it/s, Materializing param=text_model.encoder.layers.20.mlp.fc2.bias][A
Loading weights:  64%|██████▍   | 330/517 [00:03<00:08, 22.85it/s, Materializing param=text_model.encoder.layers.20.mlp.fc2.weight][A
Loading weights:  64%|██████▍   | 330/517 [00:03<00:08, 22.85it/s, Materializing param=text_model.encoder.layers.20.mlp.fc2.weight][A
Loading weights:  64%|██████▍   | 331/517 [00:03<00:08, 22.85it/s, Materializing param=text_model.encoder.layers.20.self_attn.k_proj.bias][A
Loading weights:  64%|██████▍   | 331/517 [00:03<00:08, 22.85it/s, Materializing param=text_model.encoder.layers.20.self_attn.k_proj.bias][A
Loading weights:  64%|██████▍   | 332/517 [00:03<00:08, 22.85it/s, Materializing param=text_model.encoder.layers.20.self_attn.k_proj.weight][A
Loading weights:  64%|██████▍   | 332/517 [00:03<00:08, 22.85it/s, Materializing param=text_model.encoder.layers.20.self_attn.k_proj.weight][A
Loading weights:  64%|██████▍   | 333/517 [00:03<00:08, 22.85it/s, Materializing param=text_model.encoder.layers.20.self_attn.out_proj.bias][A
Loading weights:  64%|██████▍   | 333/517 [00:03<00:08, 22.85it/s, Materializing param=text_model.encoder.layers.20.self_attn.out_proj.bias][A
Loading weights:  65%|██████▍   | 334/517 [00:03<00:08, 22.85it/s, Materializing param=text_model.encoder.layers.20.self_attn.out_proj.weight][A
Loading weights:  65%|██████▍   | 334/517 [00:03<00:08, 22.85it/s, Materializing param=text_model.encoder.layers.20.self_attn.out_proj.weight][A
Loading weights:  65%|██████▍   | 335/517 [00:03<00:07, 22.85it/s, Materializing param=text_model.encoder.layers.20.self_attn.q_proj.bias]    [A
Loading weights:  65%|██████▍   | 335/517 [00:03<00:07, 22.85it/s, Materializing param=text_model.encoder.layers.20.self_attn.q_proj.bias][A
Loading weights:  65%|██████▍   | 336/517 [00:03<00:07, 22.85it/s, Materializing param=text_model.encoder.layers.20.self_attn.q_proj.weight][A
Loading weights:  65%|██████▍   | 336/517 [00:03<00:07, 22.85it/s, Materializing param=text_model.encoder.layers.20.self_attn.q_proj.weight][A
Loading weights:  65%|██████▌   | 337/517 [00:03<00:07, 22.85it/s, Materializing param=text_model.encoder.layers.20.self_attn.v_proj.bias]  [A
Loading weights:  65%|██████▌   | 337/517 [00:03<00:07, 22.85it/s, Materializing param=text_model.encoder.layers.20.self_attn.v_proj.bias][A
Loading weights:  65%|██████▌   | 338/517 [00:03<00:07, 22.85it/s, Materializing param=text_model.encoder.layers.20.self_attn.v_proj.weight][A
Loading weights:  65%|██████▌   | 338/517 [00:03<00:07, 22.85it/s, Materializing param=text_model.encoder.layers.20.self_attn.v_proj.weight][A
Loading weights:  66%|██████▌   | 339/517 [00:03<00:07, 22.85it/s, Materializing param=text_model.encoder.layers.21.layer_norm1.bias]       [A
Loading weights:  66%|██████▌   | 339/517 [00:03<00:07, 22.85it/s, Materializing param=text_model.encoder.layers.21.layer_norm1.bias][A
Loading weights:  66%|██████▌   | 340/517 [00:03<00:07, 22.85it/s, Materializing param=text_model.encoder.layers.21.layer_norm1.weight][A
Loading weights:  66%|██████▌   | 340/517 [00:03<00:07, 22.85it/s, Materializing param=text_model.encoder.layers.21.layer_norm1.weight][A
Loading weights:  66%|██████▌   | 341/517 [00:03<00:07, 22.85it/s, Materializing param=text_model.encoder.layers.21.layer_norm2.bias]  [A
Loading weights:  66%|██████▌   | 341/517 [00:03<00:07, 22.85it/s, Materializing param=text_model.encoder.layers.21.layer_norm2.bias][A
Loading weights:  66%|██████▌   | 342/517 [00:03<00:07, 22.85it/s, Materializing param=text_model.encoder.layers.21.layer_norm2.weight][A
Loading weights:  66%|██████▌   | 342/517 [00:03<00:07, 22.85it/s, Materializing param=text_model.encoder.layers.21.layer_norm2.weight][A
Loading weights:  66%|██████▋   | 343/517 [00:03<00:07, 22.85it/s, Materializing param=text_model.encoder.layers.21.mlp.fc1.bias]      [A
Loading weights:  66%|██████▋   | 343/517 [00:03<00:07, 22.85it/s, Materializing param=text_model.encoder.layers.21.mlp.fc1.bias][A
Loading weights:  67%|██████▋   | 344/517 [00:03<00:07, 22.85it/s, Materializing param=text_model.encoder.layers.21.mlp.fc1.weight][A
Loading weights:  67%|██████▋   | 344/517 [00:03<00:07, 22.85it/s, Materializing param=text_model.encoder.layers.21.mlp.fc1.weight][A
Loading weights:  67%|██████▋   | 345/517 [00:03<00:07, 22.85it/s, Materializing param=text_model.encoder.layers.21.mlp.fc2.bias]  [A
Loading weights:  67%|██████▋   | 345/517 [00:03<00:07, 22.85it/s, Materializing param=text_model.encoder.layers.21.mlp.fc2.bias][A
Loading weights:  67%|██████▋   | 346/517 [00:03<00:07, 22.85it/s, Materializing param=text_model.encoder.layers.21.mlp.fc2.weight][A
Loading weights:  67%|██████▋   | 346/517 [00:03<00:07, 22.85it/s, Materializing param=text_model.encoder.layers.21.mlp.fc2.weight][A
Loading weights:  67%|██████▋   | 347/517 [00:03<00:07, 22.85it/s, Materializing param=text_model.encoder.layers.21.self_attn.k_proj.bias][A
Loading weights:  67%|██████▋   | 347/517 [00:03<00:07, 22.85it/s, Materializing param=text_model.encoder.layers.21.self_attn.k_proj.bias][A
Loading weights:  67%|██████▋   | 348/517 [00:03<00:07, 22.85it/s, Materializing param=text_model.encoder.layers.21.self_attn.k_proj.weight][A
Loading weights:  67%|██████▋   | 348/517 [00:03<00:07, 22.85it/s, Materializing param=text_model.encoder.layers.21.self_attn.k_proj.weight][A
Loading weights:  68%|██████▊   | 349/517 [00:03<00:07, 22.85it/s, Materializing param=text_model.encoder.layers.21.self_attn.out_proj.bias][A
Loading weights:  68%|██████▊   | 349/517 [00:03<00:07, 22.85it/s, Materializing param=text_model.encoder.layers.21.self_attn.out_proj.bias][A
Loading weights:  68%|██████▊   | 350/517 [00:03<00:07, 22.85it/s, Materializing param=text_model.encoder.layers.21.self_attn.out_proj.weight][A
Loading weights:  68%|██████▊   | 350/517 [00:03<00:07, 22.85it/s, Materializing param=text_model.encoder.layers.21.self_attn.out_proj.weight][A
Loading weights:  68%|██████▊   | 351/517 [00:03<00:07, 22.85it/s, Materializing param=text_model.encoder.layers.21.self_attn.q_proj.bias]    [A
Loading weights:  68%|██████▊   | 351/517 [00:03<00:07, 22.85it/s, Materializing param=text_model.encoder.layers.21.self_attn.q_proj.bias][A
Loading weights:  68%|██████▊   | 352/517 [00:03<00:07, 22.85it/s, Materializing param=text_model.encoder.layers.21.self_attn.q_proj.weight][A
Loading weights:  68%|██████▊   | 352/517 [00:03<00:07, 22.85it/s, Materializing param=text_model.encoder.layers.21.self_attn.q_proj.weight][A
Loading weights:  68%|██████▊   | 353/517 [00:03<00:07, 22.85it/s, Materializing param=text_model.encoder.layers.21.self_attn.v_proj.bias]  [A
Loading weights:  68%|██████▊   | 353/517 [00:03<00:07, 22.85it/s, Materializing param=text_model.encoder.layers.21.self_attn.v_proj.bias][A
Loading weights:  68%|██████▊   | 354/517 [00:03<00:07, 22.85it/s, Materializing param=text_model.encoder.layers.21.self_attn.v_proj.weight][A
Loading weights:  68%|██████▊   | 354/517 [00:03<00:07, 22.85it/s, Materializing param=text_model.encoder.layers.21.self_attn.v_proj.weight][A
Loading weights:  69%|██████▊   | 355/517 [00:03<00:07, 22.85it/s, Materializing param=text_model.encoder.layers.22.layer_norm1.bias]       [A
Loading weights:  69%|██████▊   | 355/517 [00:03<00:07, 22.85it/s, Materializing param=text_model.encoder.layers.22.layer_norm1.bias][A
Loading weights:  69%|██████▉   | 356/517 [00:03<00:07, 22.85it/s, Materializing param=text_model.encoder.layers.22.layer_norm1.weight][A
Loading weights:  69%|██████▉   | 356/517 [00:03<00:07, 22.85it/s, Materializing param=text_model.encoder.layers.22.layer_norm1.weight][A
Loading weights:  69%|██████▉   | 357/517 [00:03<00:07, 22.85it/s, Materializing param=text_model.encoder.layers.22.layer_norm2.bias]  [A
Loading weights:  69%|██████▉   | 357/517 [00:03<00:07, 22.85it/s, Materializing param=text_model.encoder.layers.22.layer_norm2.bias][A
Loading weights:  69%|██████▉   | 358/517 [00:03<00:06, 22.85it/s, Materializing param=text_model.encoder.layers.22.layer_norm2.weight][A
Loading weights:  69%|██████▉   | 358/517 [00:03<00:06, 22.85it/s, Materializing param=text_model.encoder.layers.22.layer_norm2.weight][A
Loading weights:  69%|██████▉   | 359/517 [00:03<00:06, 22.85it/s, Materializing param=text_model.encoder.layers.22.mlp.fc1.bias]      [A
Loading weights:  69%|██████▉   | 359/517 [00:03<00:06, 22.85it/s, Materializing param=text_model.encoder.layers.22.mlp.fc1.bias][A
Loading weights:  70%|██████▉   | 360/517 [00:03<00:06, 22.85it/s, Materializing param=text_model.encoder.layers.22.mlp.fc1.weight][A
Loading weights:  70%|██████▉   | 360/517 [00:03<00:06, 22.85it/s, Materializing param=text_model.encoder.layers.22.mlp.fc1.weight][A
Loading weights:  70%|██████▉   | 361/517 [00:03<00:06, 22.85it/s, Materializing param=text_model.encoder.layers.22.mlp.fc2.bias]  [A
Loading weights:  70%|██████▉   | 361/517 [00:03<00:06, 22.85it/s, Materializing param=text_model.encoder.layers.22.mlp.fc2.bias][A
Loading weights:  70%|███████   | 362/517 [00:03<00:06, 22.85it/s, Materializing param=text_model.encoder.layers.22.mlp.fc2.weight][A
Loading weights:  70%|███████   | 362/517 [00:03<00:06, 22.85it/s, Materializing param=text_model.encoder.layers.22.mlp.fc2.weight][A
Loading weights:  70%|███████   | 363/517 [00:03<00:06, 22.85it/s, Materializing param=text_model.encoder.layers.22.self_attn.k_proj.bias][A
Loading weights:  70%|███████   | 363/517 [00:03<00:06, 22.85it/s, Materializing param=text_model.encoder.layers.22.self_attn.k_proj.bias][A
Loading weights:  70%|███████   | 364/517 [00:03<00:06, 22.85it/s, Materializing param=text_model.encoder.layers.22.self_attn.k_proj.weight][A
Loading weights:  70%|███████   | 364/517 [00:03<00:06, 22.85it/s, Materializing param=text_model.encoder.layers.22.self_attn.k_proj.weight][A
Loading weights:  71%|███████   | 365/517 [00:03<00:06, 22.85it/s, Materializing param=text_model.encoder.layers.22.self_attn.out_proj.bias][A
Loading weights:  71%|███████   | 365/517 [00:03<00:06, 22.85it/s, Materializing param=text_model.encoder.layers.22.self_attn.out_proj.bias][A
Loading weights:  71%|███████   | 366/517 [00:03<00:06, 22.85it/s, Materializing param=text_model.encoder.layers.22.self_attn.out_proj.weight][A
Loading weights:  71%|███████   | 366/517 [00:03<00:06, 22.85it/s, Materializing param=text_model.encoder.layers.22.self_attn.out_proj.weight][A
Loading weights:  71%|███████   | 367/517 [00:03<00:06, 22.85it/s, Materializing param=text_model.encoder.layers.22.self_attn.q_proj.bias]    [A
Loading weights:  71%|███████   | 367/517 [00:03<00:06, 22.85it/s, Materializing param=text_model.encoder.layers.22.self_attn.q_proj.bias][A
Loading weights:  71%|███████   | 368/517 [00:03<00:06, 22.85it/s, Materializing param=text_model.encoder.layers.22.self_attn.q_proj.weight][A
Loading weights:  71%|███████   | 368/517 [00:03<00:06, 22.85it/s, Materializing param=text_model.encoder.layers.22.self_attn.q_proj.weight][A
Loading weights:  71%|███████▏  | 369/517 [00:03<00:06, 22.85it/s, Materializing param=text_model.encoder.layers.22.self_attn.v_proj.bias]  [A
Loading weights:  71%|███████▏  | 369/517 [00:03<00:06, 22.85it/s, Materializing param=text_model.encoder.layers.22.self_attn.v_proj.bias][A
Loading weights:  72%|███████▏  | 370/517 [00:03<00:06, 22.85it/s, Materializing param=text_model.encoder.layers.22.self_attn.v_proj.weight][A
Loading weights:  72%|███████▏  | 370/517 [00:03<00:06, 22.85it/s, Materializing param=text_model.encoder.layers.22.self_attn.v_proj.weight][A
Loading weights:  72%|███████▏  | 371/517 [00:03<00:06, 22.85it/s, Materializing param=text_model.encoder.layers.23.layer_norm1.bias]       [A
Loading weights:  72%|███████▏  | 371/517 [00:03<00:06, 22.85it/s, Materializing param=text_model.encoder.layers.23.layer_norm1.bias][A
Loading weights:  72%|███████▏  | 372/517 [00:03<00:06, 22.85it/s, Materializing param=text_model.encoder.layers.23.layer_norm1.weight][A
Loading weights:  72%|███████▏  | 372/517 [00:03<00:06, 22.85it/s, Materializing param=text_model.encoder.layers.23.layer_norm1.weight][A
Loading weights:  72%|███████▏  | 373/517 [00:03<00:06, 22.85it/s, Materializing param=text_model.encoder.layers.23.layer_norm2.bias]  [A
Loading weights:  72%|███████▏  | 373/517 [00:03<00:06, 22.85it/s, Materializing param=text_model.encoder.layers.23.layer_norm2.bias][A
Loading weights:  72%|███████▏  | 374/517 [00:03<00:06, 22.85it/s, Materializing param=text_model.encoder.layers.23.layer_norm2.weight][A
Loading weights:  72%|███████▏  | 374/517 [00:03<00:06, 22.85it/s, Materializing param=text_model.encoder.layers.23.layer_norm2.weight][A
Loading weights:  73%|███████▎  | 375/517 [00:03<00:06, 22.85it/s, Materializing param=text_model.encoder.layers.23.mlp.fc1.bias]      [A
Loading weights:  73%|███████▎  | 375/517 [00:03<00:06, 22.85it/s, Materializing param=text_model.encoder.layers.23.mlp.fc1.bias][A
Loading weights:  73%|███████▎  | 376/517 [00:03<00:06, 22.85it/s, Materializing param=text_model.encoder.layers.23.mlp.fc1.weight][A
Loading weights:  73%|███████▎  | 376/517 [00:03<00:06, 22.85it/s, Materializing param=text_model.encoder.layers.23.mlp.fc1.weight][A
Loading weights:  73%|███████▎  | 377/517 [00:03<00:06, 22.85it/s, Materializing param=text_model.encoder.layers.23.mlp.fc2.bias]  [A
Loading weights:  73%|███████▎  | 377/517 [00:03<00:06, 22.85it/s, Materializing param=text_model.encoder.layers.23.mlp.fc2.bias][A
Loading weights:  73%|███████▎  | 378/517 [00:03<00:06, 22.85it/s, Materializing param=text_model.encoder.layers.23.mlp.fc2.weight][A
Loading weights:  73%|███████▎  | 378/517 [00:03<00:06, 22.85it/s, Materializing param=text_model.encoder.layers.23.mlp.fc2.weight][A
Loading weights:  73%|███████▎  | 379/517 [00:03<00:06, 22.85it/s, Materializing param=text_model.encoder.layers.23.self_attn.k_proj.bias][A
Loading weights:  73%|███████▎  | 379/517 [00:03<00:06, 22.85it/s, Materializing param=text_model.encoder.layers.23.self_attn.k_proj.bias][A
Loading weights:  74%|███████▎  | 380/517 [00:03<00:05, 22.85it/s, Materializing param=text_model.encoder.layers.23.self_attn.k_proj.weight][A
Loading weights:  74%|███████▎  | 380/517 [00:03<00:05, 22.85it/s, Materializing param=text_model.encoder.layers.23.self_attn.k_proj.weight][A
Loading weights:  74%|███████▎  | 381/517 [00:03<00:05, 22.85it/s, Materializing param=text_model.encoder.layers.23.self_attn.out_proj.bias][A
Loading weights:  74%|███████▎  | 381/517 [00:03<00:05, 22.85it/s, Materializing param=text_model.encoder.layers.23.self_attn.out_proj.bias][A
Loading weights:  74%|███████▍  | 382/517 [00:03<00:05, 22.85it/s, Materializing param=text_model.encoder.layers.23.self_attn.out_proj.weight][A
Loading weights:  74%|███████▍  | 382/517 [00:03<00:05, 22.85it/s, Materializing param=text_model.encoder.layers.23.self_attn.out_proj.weight][A
Loading weights:  74%|███████▍  | 383/517 [00:03<00:05, 22.85it/s, Materializing param=text_model.encoder.layers.23.self_attn.q_proj.bias]    [A
Loading weights:  74%|███████▍  | 383/517 [00:03<00:05, 22.85it/s, Materializing param=text_model.encoder.layers.23.self_attn.q_proj.bias][A
Loading weights:  74%|███████▍  | 384/517 [00:03<00:05, 22.85it/s, Materializing param=text_model.encoder.layers.23.self_attn.q_proj.weight][A
Loading weights:  74%|███████▍  | 384/517 [00:03<00:05, 22.85it/s, Materializing param=text_model.encoder.layers.23.self_attn.q_proj.weight][A
Loading weights:  74%|███████▍  | 385/517 [00:03<00:05, 22.85it/s, Materializing param=text_model.encoder.layers.23.self_attn.v_proj.bias]  [A
Loading weights:  74%|███████▍  | 385/517 [00:03<00:05, 22.85it/s, Materializing param=text_model.encoder.layers.23.self_attn.v_proj.bias][A
Loading weights:  75%|███████▍  | 386/517 [00:03<00:05, 22.85it/s, Materializing param=text_model.encoder.layers.23.self_attn.v_proj.weight][A
Loading weights:  75%|███████▍  | 386/517 [00:03<00:05, 22.85it/s, Materializing param=text_model.encoder.layers.23.self_attn.v_proj.weight][A
Loading weights:  75%|███████▍  | 387/517 [00:03<00:05, 22.85it/s, Materializing param=text_model.encoder.layers.24.layer_norm1.bias]       [A
Loading weights:  75%|███████▍  | 387/517 [00:03<00:05, 22.85it/s, Materializing param=text_model.encoder.layers.24.layer_norm1.bias][A
Loading weights:  75%|███████▌  | 388/517 [00:03<00:05, 22.85it/s, Materializing param=text_model.encoder.layers.24.layer_norm1.weight][A
Loading weights:  75%|███████▌  | 388/517 [00:03<00:05, 22.85it/s, Materializing param=text_model.encoder.layers.24.layer_norm1.weight][A
Loading weights:  75%|███████▌  | 389/517 [00:03<00:05, 22.85it/s, Materializing param=text_model.encoder.layers.24.layer_norm2.bias]  [A
Loading weights:  75%|███████▌  | 389/517 [00:03<00:05, 22.85it/s, Materializing param=text_model.encoder.layers.24.layer_norm2.bias][A
Loading weights:  75%|███████▌  | 390/517 [00:03<00:05, 22.85it/s, Materializing param=text_model.encoder.layers.24.layer_norm2.weight][A
Loading weights:  75%|███████▌  | 390/517 [00:03<00:05, 22.85it/s, Materializing param=text_model.encoder.layers.24.layer_norm2.weight][A
Loading weights:  76%|███████▌  | 391/517 [00:03<00:05, 22.85it/s, Materializing param=text_model.encoder.layers.24.mlp.fc1.bias]      [A
Loading weights:  76%|███████▌  | 391/517 [00:03<00:05, 22.85it/s, Materializing param=text_model.encoder.layers.24.mlp.fc1.bias][A
Loading weights:  76%|███████▌  | 392/517 [00:03<00:05, 22.85it/s, Materializing param=text_model.encoder.layers.24.mlp.fc1.weight][A
Loading weights:  76%|███████▌  | 392/517 [00:03<00:05, 22.85it/s, Materializing param=text_model.encoder.layers.24.mlp.fc1.weight][A
Loading weights:  76%|███████▌  | 393/517 [00:03<00:05, 22.85it/s, Materializing param=text_model.encoder.layers.24.mlp.fc2.bias]  [A
Loading weights:  76%|███████▌  | 393/517 [00:03<00:05, 22.85it/s, Materializing param=text_model.encoder.layers.24.mlp.fc2.bias][A
Loading weights:  76%|███████▌  | 394/517 [00:03<00:05, 22.85it/s, Materializing param=text_model.encoder.layers.24.mlp.fc2.weight][A
Loading weights:  76%|███████▌  | 394/517 [00:03<00:05, 22.85it/s, Materializing param=text_model.encoder.layers.24.mlp.fc2.weight][A
Loading weights:  76%|███████▋  | 395/517 [00:03<00:05, 22.85it/s, Materializing param=text_model.encoder.layers.24.self_attn.k_proj.bias][A
Loading weights:  76%|███████▋  | 395/517 [00:03<00:05, 22.85it/s, Materializing param=text_model.encoder.layers.24.self_attn.k_proj.bias][A
Loading weights:  77%|███████▋  | 396/517 [00:03<00:05, 22.85it/s, Materializing param=text_model.encoder.layers.24.self_attn.k_proj.weight][A
Loading weights:  77%|███████▋  | 396/517 [00:03<00:05, 22.85it/s, Materializing param=text_model.encoder.layers.24.self_attn.k_proj.weight][A
Loading weights:  77%|███████▋  | 397/517 [00:03<00:05, 22.85it/s, Materializing param=text_model.encoder.layers.24.self_attn.out_proj.bias][A
Loading weights:  77%|███████▋  | 397/517 [00:03<00:05, 22.85it/s, Materializing param=text_model.encoder.layers.24.self_attn.out_proj.bias][A
Loading weights:  77%|███████▋  | 398/517 [00:03<00:05, 22.85it/s, Materializing param=text_model.encoder.layers.24.self_attn.out_proj.weight][A
Loading weights:  77%|███████▋  | 398/517 [00:03<00:05, 22.85it/s, Materializing param=text_model.encoder.layers.24.self_attn.out_proj.weight][A
Loading weights:  77%|███████▋  | 399/517 [00:03<00:05, 22.85it/s, Materializing param=text_model.encoder.layers.24.self_attn.q_proj.bias]    [A
Loading weights:  77%|███████▋  | 399/517 [00:03<00:05, 22.85it/s, Materializing param=text_model.encoder.layers.24.self_attn.q_proj.bias][A
Loading weights:  77%|███████▋  | 400/517 [00:03<00:05, 22.85it/s, Materializing param=text_model.encoder.layers.24.self_attn.q_proj.weight][A
Loading weights:  77%|███████▋  | 400/517 [00:03<00:05, 22.85it/s, Materializing param=text_model.encoder.layers.24.self_attn.q_proj.weight][A
Loading weights:  78%|███████▊  | 401/517 [00:03<00:05, 22.85it/s, Materializing param=text_model.encoder.layers.24.self_attn.v_proj.bias]  [A
Loading weights:  78%|███████▊  | 401/517 [00:03<00:05, 22.85it/s, Materializing param=text_model.encoder.layers.24.self_attn.v_proj.bias][A
Loading weights:  78%|███████▊  | 402/517 [00:03<00:05, 22.85it/s, Materializing param=text_model.encoder.layers.24.self_attn.v_proj.weight][A
Loading weights:  78%|███████▊  | 402/517 [00:03<00:05, 22.85it/s, Materializing param=text_model.encoder.layers.24.self_attn.v_proj.weight][A
Loading weights:  78%|███████▊  | 403/517 [00:03<00:04, 22.85it/s, Materializing param=text_model.encoder.layers.25.layer_norm1.bias]       [A
Loading weights:  78%|███████▊  | 403/517 [00:03<00:04, 22.85it/s, Materializing param=text_model.encoder.layers.25.layer_norm1.bias][A
Loading weights:  78%|███████▊  | 404/517 [00:03<00:04, 22.85it/s, Materializing param=text_model.encoder.layers.25.layer_norm1.weight][A
Loading weights:  78%|███████▊  | 404/517 [00:03<00:04, 22.85it/s, Materializing param=text_model.encoder.layers.25.layer_norm1.weight][A
Loading weights:  78%|███████▊  | 405/517 [00:03<00:04, 22.85it/s, Materializing param=text_model.encoder.layers.25.layer_norm2.bias]  [A
Loading weights:  78%|███████▊  | 405/517 [00:03<00:04, 22.85it/s, Materializing param=text_model.encoder.layers.25.layer_norm2.bias][A
Loading weights:  79%|███████▊  | 406/517 [00:03<00:04, 22.85it/s, Materializing param=text_model.encoder.layers.25.layer_norm2.weight][A
Loading weights:  79%|███████▊  | 406/517 [00:03<00:04, 22.85it/s, Materializing param=text_model.encoder.layers.25.layer_norm2.weight][A
Loading weights:  79%|███████▊  | 407/517 [00:03<00:04, 22.85it/s, Materializing param=text_model.encoder.layers.25.mlp.fc1.bias]      [A
Loading weights:  79%|███████▊  | 407/517 [00:03<00:04, 22.85it/s, Materializing param=text_model.encoder.layers.25.mlp.fc1.bias][A
Loading weights:  79%|███████▉  | 408/517 [00:03<00:04, 22.85it/s, Materializing param=text_model.encoder.layers.25.mlp.fc1.weight][A
Loading weights:  79%|███████▉  | 408/517 [00:03<00:04, 22.85it/s, Materializing param=text_model.encoder.layers.25.mlp.fc1.weight][A
Loading weights:  79%|███████▉  | 409/517 [00:03<00:04, 22.85it/s, Materializing param=text_model.encoder.layers.25.mlp.fc2.bias]  [A
Loading weights:  79%|███████▉  | 409/517 [00:03<00:04, 22.85it/s, Materializing param=text_model.encoder.layers.25.mlp.fc2.bias][A
Loading weights:  79%|███████▉  | 410/517 [00:03<00:04, 22.85it/s, Materializing param=text_model.encoder.layers.25.mlp.fc2.weight][A
Loading weights:  79%|███████▉  | 410/517 [00:03<00:04, 22.85it/s, Materializing param=text_model.encoder.layers.25.mlp.fc2.weight][A
Loading weights:  79%|███████▉  | 411/517 [00:03<00:04, 22.85it/s, Materializing param=text_model.encoder.layers.25.self_attn.k_proj.bias][A
Loading weights:  79%|███████▉  | 411/517 [00:03<00:04, 22.85it/s, Materializing param=text_model.encoder.layers.25.self_attn.k_proj.bias][A
Loading weights:  80%|███████▉  | 412/517 [00:03<00:04, 22.85it/s, Materializing param=text_model.encoder.layers.25.self_attn.k_proj.weight][A
Loading weights:  80%|███████▉  | 412/517 [00:03<00:04, 22.85it/s, Materializing param=text_model.encoder.layers.25.self_attn.k_proj.weight][A
Loading weights:  80%|███████▉  | 413/517 [00:03<00:04, 22.85it/s, Materializing param=text_model.encoder.layers.25.self_attn.out_proj.bias][A
Loading weights:  80%|███████▉  | 413/517 [00:03<00:04, 22.85it/s, Materializing param=text_model.encoder.layers.25.self_attn.out_proj.bias][A
Loading weights:  80%|████████  | 414/517 [00:03<00:04, 22.85it/s, Materializing param=text_model.encoder.layers.25.self_attn.out_proj.weight][A
Loading weights:  80%|████████  | 414/517 [00:03<00:04, 22.85it/s, Materializing param=text_model.encoder.layers.25.self_attn.out_proj.weight][A
Loading weights:  80%|████████  | 415/517 [00:03<00:04, 22.85it/s, Materializing param=text_model.encoder.layers.25.self_attn.q_proj.bias]    [A
Loading weights:  80%|████████  | 415/517 [00:03<00:04, 22.85it/s, Materializing param=text_model.encoder.layers.25.self_attn.q_proj.bias][A
Loading weights:  80%|████████  | 416/517 [00:03<00:04, 22.85it/s, Materializing param=text_model.encoder.layers.25.self_attn.q_proj.weight][A
Loading weights:  80%|████████  | 416/517 [00:03<00:04, 22.85it/s, Materializing param=text_model.encoder.layers.25.self_attn.q_proj.weight][A
Loading weights:  81%|████████  | 417/517 [00:03<00:04, 22.85it/s, Materializing param=text_model.encoder.layers.25.self_attn.v_proj.bias]  [A
Loading weights:  81%|████████  | 417/517 [00:03<00:04, 22.85it/s, Materializing param=text_model.encoder.layers.25.self_attn.v_proj.bias][A
Loading weights:  81%|████████  | 418/517 [00:03<00:04, 22.85it/s, Materializing param=text_model.encoder.layers.25.self_attn.v_proj.weight][A
Loading weights:  81%|████████  | 418/517 [00:03<00:04, 22.85it/s, Materializing param=text_model.encoder.layers.25.self_attn.v_proj.weight][A
Loading weights:  81%|████████  | 419/517 [00:03<00:04, 22.85it/s, Materializing param=text_model.encoder.layers.26.layer_norm1.bias]       [A
Loading weights:  81%|████████  | 419/517 [00:03<00:04, 22.85it/s, Materializing param=text_model.encoder.layers.26.layer_norm1.bias][A
Loading weights:  81%|████████  | 420/517 [00:03<00:04, 22.85it/s, Materializing param=text_model.encoder.layers.26.layer_norm1.weight][A
Loading weights:  81%|████████  | 420/517 [00:03<00:04, 22.85it/s, Materializing param=text_model.encoder.layers.26.layer_norm1.weight][A
Loading weights:  81%|████████▏ | 421/517 [00:03<00:04, 22.85it/s, Materializing param=text_model.encoder.layers.26.layer_norm2.bias]  [A
Loading weights:  81%|████████▏ | 421/517 [00:03<00:04, 22.85it/s, Materializing param=text_model.encoder.layers.26.layer_norm2.bias][A
Loading weights:  82%|████████▏ | 422/517 [00:03<00:04, 22.85it/s, Materializing param=text_model.encoder.layers.26.layer_norm2.weight][A
Loading weights:  82%|████████▏ | 422/517 [00:03<00:04, 22.85it/s, Materializing param=text_model.encoder.layers.26.layer_norm2.weight][A
Loading weights:  82%|████████▏ | 423/517 [00:03<00:04, 22.85it/s, Materializing param=text_model.encoder.layers.26.mlp.fc1.bias]      [A
Loading weights:  82%|████████▏ | 423/517 [00:03<00:04, 22.85it/s, Materializing param=text_model.encoder.layers.26.mlp.fc1.bias][A
Loading weights:  82%|████████▏ | 424/517 [00:03<00:04, 22.85it/s, Materializing param=text_model.encoder.layers.26.mlp.fc1.weight][A
Loading weights:  82%|████████▏ | 424/517 [00:03<00:04, 22.85it/s, Materializing param=text_model.encoder.layers.26.mlp.fc1.weight][A
Loading weights:  82%|████████▏ | 425/517 [00:03<00:04, 22.85it/s, Materializing param=text_model.encoder.layers.26.mlp.fc2.bias]  [A
Loading weights:  82%|████████▏ | 425/517 [00:03<00:04, 22.85it/s, Materializing param=text_model.encoder.layers.26.mlp.fc2.bias][A
Loading weights:  82%|████████▏ | 426/517 [00:03<00:03, 22.85it/s, Materializing param=text_model.encoder.layers.26.mlp.fc2.weight][A
Loading weights:  82%|████████▏ | 426/517 [00:03<00:03, 22.85it/s, Materializing param=text_model.encoder.layers.26.mlp.fc2.weight][A
Loading weights:  83%|████████▎ | 427/517 [00:03<00:03, 22.85it/s, Materializing param=text_model.encoder.layers.26.self_attn.k_proj.bias][A
Loading weights:  83%|████████▎ | 427/517 [00:03<00:03, 22.85it/s, Materializing param=text_model.encoder.layers.26.self_attn.k_proj.bias][A
Loading weights:  83%|████████▎ | 428/517 [00:03<00:03, 22.85it/s, Materializing param=text_model.encoder.layers.26.self_attn.k_proj.weight][A
Loading weights:  83%|████████▎ | 428/517 [00:03<00:03, 22.85it/s, Materializing param=text_model.encoder.layers.26.self_attn.k_proj.weight][A
Loading weights:  83%|████████▎ | 429/517 [00:03<00:03, 22.85it/s, Materializing param=text_model.encoder.layers.26.self_attn.out_proj.bias][A
Loading weights:  83%|████████▎ | 429/517 [00:03<00:03, 22.85it/s, Materializing param=text_model.encoder.layers.26.self_attn.out_proj.bias][A
Loading weights:  83%|████████▎ | 430/517 [00:03<00:03, 22.85it/s, Materializing param=text_model.encoder.layers.26.self_attn.out_proj.weight][A
Loading weights:  83%|████████▎ | 430/517 [00:03<00:03, 22.85it/s, Materializing param=text_model.encoder.layers.26.self_attn.out_proj.weight][A
Loading weights:  83%|████████▎ | 431/517 [00:03<00:03, 22.85it/s, Materializing param=text_model.encoder.layers.26.self_attn.q_proj.bias]    [A
Loading weights:  83%|████████▎ | 431/517 [00:03<00:03, 22.85it/s, Materializing param=text_model.encoder.layers.26.self_attn.q_proj.bias][A
Loading weights:  84%|████████▎ | 432/517 [00:03<00:03, 22.85it/s, Materializing param=text_model.encoder.layers.26.self_attn.q_proj.weight][A
Loading weights:  84%|████████▎ | 432/517 [00:03<00:03, 22.85it/s, Materializing param=text_model.encoder.layers.26.self_attn.q_proj.weight][A
Loading weights:  84%|████████▍ | 433/517 [00:03<00:03, 22.85it/s, Materializing param=text_model.encoder.layers.26.self_attn.v_proj.bias]  [A
Loading weights:  84%|████████▍ | 433/517 [00:03<00:03, 22.85it/s, Materializing param=text_model.encoder.layers.26.self_attn.v_proj.bias][A
Loading weights:  84%|████████▍ | 434/517 [00:03<00:03, 22.85it/s, Materializing param=text_model.encoder.layers.26.self_attn.v_proj.weight][A
Loading weights:  84%|████████▍ | 434/517 [00:03<00:03, 22.85it/s, Materializing param=text_model.encoder.layers.26.self_attn.v_proj.weight][A
Loading weights:  84%|████████▍ | 435/517 [00:03<00:03, 22.85it/s, Materializing param=text_model.encoder.layers.27.layer_norm1.bias]       [A
Loading weights:  84%|████████▍ | 435/517 [00:03<00:03, 22.85it/s, Materializing param=text_model.encoder.layers.27.layer_norm1.bias][A
Loading weights:  84%|████████▍ | 436/517 [00:03<00:03, 22.85it/s, Materializing param=text_model.encoder.layers.27.layer_norm1.weight][A
Loading weights:  84%|████████▍ | 436/517 [00:03<00:03, 22.85it/s, Materializing param=text_model.encoder.layers.27.layer_norm1.weight][A
Loading weights:  85%|████████▍ | 437/517 [00:03<00:03, 22.85it/s, Materializing param=text_model.encoder.layers.27.layer_norm2.bias]  [A
Loading weights:  85%|████████▍ | 437/517 [00:03<00:03, 22.85it/s, Materializing param=text_model.encoder.layers.27.layer_norm2.bias][A
Loading weights:  85%|████████▍ | 438/517 [00:03<00:03, 22.85it/s, Materializing param=text_model.encoder.layers.27.layer_norm2.weight][A
Loading weights:  85%|████████▍ | 438/517 [00:03<00:03, 22.85it/s, Materializing param=text_model.encoder.layers.27.layer_norm2.weight][A
Loading weights:  85%|████████▍ | 439/517 [00:03<00:03, 22.85it/s, Materializing param=text_model.encoder.layers.27.mlp.fc1.bias]      [A
Loading weights:  85%|████████▍ | 439/517 [00:03<00:03, 22.85it/s, Materializing param=text_model.encoder.layers.27.mlp.fc1.bias][A
Loading weights:  85%|████████▌ | 440/517 [00:03<00:03, 22.85it/s, Materializing param=text_model.encoder.layers.27.mlp.fc1.weight][A
Loading weights:  85%|████████▌ | 440/517 [00:03<00:03, 22.85it/s, Materializing param=text_model.encoder.layers.27.mlp.fc1.weight][A
Loading weights:  85%|████████▌ | 441/517 [00:03<00:03, 22.85it/s, Materializing param=text_model.encoder.layers.27.mlp.fc2.bias]  [A
Loading weights:  85%|████████▌ | 441/517 [00:03<00:03, 22.85it/s, Materializing param=text_model.encoder.layers.27.mlp.fc2.bias][A
Loading weights:  85%|████████▌ | 442/517 [00:03<00:03, 22.85it/s, Materializing param=text_model.encoder.layers.27.mlp.fc2.weight][A
Loading weights:  85%|████████▌ | 442/517 [00:03<00:03, 22.85it/s, Materializing param=text_model.encoder.layers.27.mlp.fc2.weight][A
Loading weights:  86%|████████▌ | 443/517 [00:03<00:03, 22.85it/s, Materializing param=text_model.encoder.layers.27.self_attn.k_proj.bias][A
Loading weights:  86%|████████▌ | 443/517 [00:03<00:03, 22.85it/s, Materializing param=text_model.encoder.layers.27.self_attn.k_proj.bias][A
Loading weights:  86%|████████▌ | 444/517 [00:03<00:03, 22.85it/s, Materializing param=text_model.encoder.layers.27.self_attn.k_proj.weight][A
Loading weights:  86%|████████▌ | 444/517 [00:03<00:03, 22.85it/s, Materializing param=text_model.encoder.layers.27.self_attn.k_proj.weight][A
Loading weights:  86%|████████▌ | 445/517 [00:03<00:03, 22.85it/s, Materializing param=text_model.encoder.layers.27.self_attn.out_proj.bias][A
Loading weights:  86%|████████▌ | 445/517 [00:03<00:03, 22.85it/s, Materializing param=text_model.encoder.layers.27.self_attn.out_proj.bias][A
Loading weights:  86%|████████▋ | 446/517 [00:03<00:03, 22.85it/s, Materializing param=text_model.encoder.layers.27.self_attn.out_proj.weight][A
Loading weights:  86%|████████▋ | 446/517 [00:03<00:03, 22.85it/s, Materializing param=text_model.encoder.layers.27.self_attn.out_proj.weight][A
Loading weights:  86%|████████▋ | 447/517 [00:03<00:03, 22.85it/s, Materializing param=text_model.encoder.layers.27.self_attn.q_proj.bias]    [A
Loading weights:  86%|████████▋ | 447/517 [00:03<00:03, 22.85it/s, Materializing param=text_model.encoder.layers.27.self_attn.q_proj.bias][A
Loading weights:  87%|████████▋ | 448/517 [00:03<00:03, 22.85it/s, Materializing param=text_model.encoder.layers.27.self_attn.q_proj.weight][A
Loading weights:  87%|████████▋ | 448/517 [00:03<00:03, 22.85it/s, Materializing param=text_model.encoder.layers.27.self_attn.q_proj.weight][A
Loading weights:  87%|████████▋ | 449/517 [00:03<00:02, 22.85it/s, Materializing param=text_model.encoder.layers.27.self_attn.v_proj.bias]  [A
Loading weights:  87%|████████▋ | 449/517 [00:03<00:02, 22.85it/s, Materializing param=text_model.encoder.layers.27.self_attn.v_proj.bias][A
Loading weights:  87%|████████▋ | 450/517 [00:03<00:02, 22.85it/s, Materializing param=text_model.encoder.layers.27.self_attn.v_proj.weight][A
Loading weights:  87%|████████▋ | 450/517 [00:03<00:02, 22.85it/s, Materializing param=text_model.encoder.layers.27.self_attn.v_proj.weight][A
Loading weights:  87%|████████▋ | 451/517 [00:03<00:02, 22.85it/s, Materializing param=text_model.encoder.layers.28.layer_norm1.bias]       [A
Loading weights:  87%|████████▋ | 451/517 [00:03<00:02, 22.85it/s, Materializing param=text_model.encoder.layers.28.layer_norm1.bias][A
Loading weights:  87%|████████▋ | 452/517 [00:03<00:02, 22.85it/s, Materializing param=text_model.encoder.layers.28.layer_norm1.weight][A
Loading weights:  87%|████████▋ | 452/517 [00:03<00:02, 22.85it/s, Materializing param=text_model.encoder.layers.28.layer_norm1.weight][A
Loading weights:  88%|████████▊ | 453/517 [00:03<00:02, 22.85it/s, Materializing param=text_model.encoder.layers.28.layer_norm2.bias]  [A
Loading weights:  88%|████████▊ | 453/517 [00:03<00:02, 22.85it/s, Materializing param=text_model.encoder.layers.28.layer_norm2.bias][A
Loading weights:  88%|████████▊ | 454/517 [00:03<00:02, 22.85it/s, Materializing param=text_model.encoder.layers.28.layer_norm2.weight][A
Loading weights:  88%|████████▊ | 454/517 [00:03<00:02, 22.85it/s, Materializing param=text_model.encoder.layers.28.layer_norm2.weight][A
Loading weights:  88%|████████▊ | 455/517 [00:03<00:02, 22.85it/s, Materializing param=text_model.encoder.layers.28.mlp.fc1.bias]      [A
Loading weights:  88%|████████▊ | 455/517 [00:03<00:02, 22.85it/s, Materializing param=text_model.encoder.layers.28.mlp.fc1.bias][A
Loading weights:  88%|████████▊ | 456/517 [00:03<00:02, 22.85it/s, Materializing param=text_model.encoder.layers.28.mlp.fc1.weight][A
Loading weights:  88%|████████▊ | 456/517 [00:03<00:02, 22.85it/s, Materializing param=text_model.encoder.layers.28.mlp.fc1.weight][A
Loading weights:  88%|████████▊ | 457/517 [00:03<00:02, 22.85it/s, Materializing param=text_model.encoder.layers.28.mlp.fc2.bias]  [A
Loading weights:  88%|████████▊ | 457/517 [00:03<00:02, 22.85it/s, Materializing param=text_model.encoder.layers.28.mlp.fc2.bias][A
Loading weights:  89%|████████▊ | 458/517 [00:03<00:02, 22.85it/s, Materializing param=text_model.encoder.layers.28.mlp.fc2.weight][A
Loading weights:  89%|████████▊ | 458/517 [00:03<00:02, 22.85it/s, Materializing param=text_model.encoder.layers.28.mlp.fc2.weight][A
Loading weights:  89%|████████▉ | 459/517 [00:03<00:02, 22.85it/s, Materializing param=text_model.encoder.layers.28.self_attn.k_proj.bias][A
Loading weights:  89%|████████▉ | 459/517 [00:03<00:02, 22.85it/s, Materializing param=text_model.encoder.layers.28.self_attn.k_proj.bias][A
Loading weights:  89%|████████▉ | 460/517 [00:03<00:02, 22.85it/s, Materializing param=text_model.encoder.layers.28.self_attn.k_proj.weight][A
Loading weights:  89%|████████▉ | 460/517 [00:03<00:02, 22.85it/s, Materializing param=text_model.encoder.layers.28.self_attn.k_proj.weight][A
Loading weights:  89%|████████▉ | 461/517 [00:03<00:02, 22.85it/s, Materializing param=text_model.encoder.layers.28.self_attn.out_proj.bias][A
Loading weights:  89%|████████▉ | 461/517 [00:03<00:02, 22.85it/s, Materializing param=text_model.encoder.layers.28.self_attn.out_proj.bias][A
Loading weights:  89%|████████▉ | 462/517 [00:03<00:02, 22.85it/s, Materializing param=text_model.encoder.layers.28.self_attn.out_proj.weight][A
Loading weights:  89%|████████▉ | 462/517 [00:03<00:02, 22.85it/s, Materializing param=text_model.encoder.layers.28.self_attn.out_proj.weight][A
Loading weights:  90%|████████▉ | 463/517 [00:03<00:02, 22.85it/s, Materializing param=text_model.encoder.layers.28.self_attn.q_proj.bias]    [A
Loading weights:  90%|████████▉ | 463/517 [00:03<00:02, 22.85it/s, Materializing param=text_model.encoder.layers.28.self_attn.q_proj.bias][A
Loading weights:  90%|████████▉ | 464/517 [00:03<00:02, 22.85it/s, Materializing param=text_model.encoder.layers.28.self_attn.q_proj.weight][A
Loading weights:  90%|████████▉ | 464/517 [00:03<00:02, 22.85it/s, Materializing param=text_model.encoder.layers.28.self_attn.q_proj.weight][A
Loading weights:  90%|████████▉ | 465/517 [00:03<00:02, 22.85it/s, Materializing param=text_model.encoder.layers.28.self_attn.v_proj.bias]  [A
Loading weights:  90%|████████▉ | 465/517 [00:03<00:02, 22.85it/s, Materializing param=text_model.encoder.layers.28.self_attn.v_proj.bias][A
Loading weights:  90%|█████████ | 466/517 [00:03<00:02, 22.85it/s, Materializing param=text_model.encoder.layers.28.self_attn.v_proj.weight][A
Loading weights:  90%|█████████ | 466/517 [00:03<00:02, 22.85it/s, Materializing param=text_model.encoder.layers.28.self_attn.v_proj.weight][A
Loading weights:  90%|█████████ | 467/517 [00:03<00:02, 22.85it/s, Materializing param=text_model.encoder.layers.29.layer_norm1.bias]       [A
Loading weights:  90%|█████████ | 467/517 [00:03<00:02, 22.85it/s, Materializing param=text_model.encoder.layers.29.layer_norm1.bias][A
Loading weights:  91%|█████████ | 468/517 [00:03<00:02, 22.85it/s, Materializing param=text_model.encoder.layers.29.layer_norm1.weight][A
Loading weights:  91%|█████████ | 468/517 [00:03<00:02, 22.85it/s, Materializing param=text_model.encoder.layers.29.layer_norm1.weight][A
Loading weights:  91%|█████████ | 469/517 [00:03<00:02, 22.85it/s, Materializing param=text_model.encoder.layers.29.layer_norm2.bias]  [A
Loading weights:  91%|█████████ | 469/517 [00:03<00:02, 22.85it/s, Materializing param=text_model.encoder.layers.29.layer_norm2.bias][A
Loading weights:  91%|█████████ | 470/517 [00:03<00:02, 22.85it/s, Materializing param=text_model.encoder.layers.29.layer_norm2.weight][A
Loading weights:  91%|█████████ | 470/517 [00:03<00:02, 22.85it/s, Materializing param=text_model.encoder.layers.29.layer_norm2.weight][A
Loading weights:  91%|█████████ | 471/517 [00:03<00:02, 22.85it/s, Materializing param=text_model.encoder.layers.29.mlp.fc1.bias]      [A
Loading weights:  91%|█████████ | 471/517 [00:03<00:02, 22.85it/s, Materializing param=text_model.encoder.layers.29.mlp.fc1.bias][A
Loading weights:  91%|█████████▏| 472/517 [00:03<00:01, 22.85it/s, Materializing param=text_model.encoder.layers.29.mlp.fc1.weight][A
Loading weights:  91%|█████████▏| 472/517 [00:03<00:01, 22.85it/s, Materializing param=text_model.encoder.layers.29.mlp.fc1.weight][A
Loading weights:  91%|█████████▏| 473/517 [00:03<00:01, 22.85it/s, Materializing param=text_model.encoder.layers.29.mlp.fc2.bias]  [A
Loading weights:  91%|█████████▏| 473/517 [00:03<00:01, 22.85it/s, Materializing param=text_model.encoder.layers.29.mlp.fc2.bias][A
Loading weights:  92%|█████████▏| 474/517 [00:03<00:01, 22.85it/s, Materializing param=text_model.encoder.layers.29.mlp.fc2.weight][A
Loading weights:  92%|█████████▏| 474/517 [00:03<00:01, 22.85it/s, Materializing param=text_model.encoder.layers.29.mlp.fc2.weight][A
Loading weights:  92%|█████████▏| 475/517 [00:03<00:01, 22.85it/s, Materializing param=text_model.encoder.layers.29.self_attn.k_proj.bias][A
Loading weights:  92%|█████████▏| 475/517 [00:03<00:01, 22.85it/s, Materializing param=text_model.encoder.layers.29.self_attn.k_proj.bias][A
Loading weights:  92%|█████████▏| 476/517 [00:03<00:01, 22.85it/s, Materializing param=text_model.encoder.layers.29.self_attn.k_proj.weight][A
Loading weights:  92%|█████████▏| 476/517 [00:03<00:01, 22.85it/s, Materializing param=text_model.encoder.layers.29.self_attn.k_proj.weight][A
Loading weights:  92%|█████████▏| 477/517 [00:03<00:01, 22.85it/s, Materializing param=text_model.encoder.layers.29.self_attn.out_proj.bias][A
Loading weights:  92%|█████████▏| 477/517 [00:03<00:01, 22.85it/s, Materializing param=text_model.encoder.layers.29.self_attn.out_proj.bias][A
Loading weights:  92%|█████████▏| 478/517 [00:03<00:01, 22.85it/s, Materializing param=text_model.encoder.layers.29.self_attn.out_proj.weight][A
Loading weights:  92%|█████████▏| 478/517 [00:03<00:01, 22.85it/s, Materializing param=text_model.encoder.layers.29.self_attn.out_proj.weight][A
Loading weights:  93%|█████████▎| 479/517 [00:03<00:01, 22.85it/s, Materializing param=text_model.encoder.layers.29.self_attn.q_proj.bias]    [A
Loading weights:  93%|█████████▎| 479/517 [00:03<00:01, 22.85it/s, Materializing param=text_model.encoder.layers.29.self_attn.q_proj.bias][A
Loading weights:  93%|█████████▎| 480/517 [00:03<00:01, 22.85it/s, Materializing param=text_model.encoder.layers.29.self_attn.q_proj.weight][A
Loading weights:  93%|█████████▎| 480/517 [00:03<00:01, 22.85it/s, Materializing param=text_model.encoder.layers.29.self_attn.q_proj.weight][A
Loading weights:  93%|█████████▎| 481/517 [00:03<00:01, 22.85it/s, Materializing param=text_model.encoder.layers.29.self_attn.v_proj.bias]  [A
Loading weights:  93%|█████████▎| 481/517 [00:03<00:01, 22.85it/s, Materializing param=text_model.encoder.layers.29.self_attn.v_proj.bias][A
Loading weights:  93%|█████████▎| 482/517 [00:03<00:01, 22.85it/s, Materializing param=text_model.encoder.layers.29.self_attn.v_proj.weight][A
Loading weights:  93%|█████████▎| 482/517 [00:03<00:01, 22.85it/s, Materializing param=text_model.encoder.layers.29.self_attn.v_proj.weight][A
Loading weights:  93%|█████████▎| 483/517 [00:03<00:01, 22.85it/s, Materializing param=text_model.encoder.layers.30.layer_norm1.bias]       [A
Loading weights:  93%|█████████▎| 483/517 [00:03<00:01, 22.85it/s, Materializing param=text_model.encoder.layers.30.layer_norm1.bias][A
Loading weights:  94%|█████████▎| 484/517 [00:03<00:01, 22.85it/s, Materializing param=text_model.encoder.layers.30.layer_norm1.weight][A
Loading weights:  94%|█████████▎| 484/517 [00:03<00:01, 22.85it/s, Materializing param=text_model.encoder.layers.30.layer_norm1.weight][A
Loading weights:  94%|█████████▍| 485/517 [00:03<00:01, 22.85it/s, Materializing param=text_model.encoder.layers.30.layer_norm2.bias]  [A
Loading weights:  94%|█████████▍| 485/517 [00:03<00:01, 22.85it/s, Materializing param=text_model.encoder.layers.30.layer_norm2.bias][A
Loading weights:  94%|█████████▍| 486/517 [00:03<00:01, 22.85it/s, Materializing param=text_model.encoder.layers.30.layer_norm2.weight][A
Loading weights:  94%|█████████▍| 486/517 [00:03<00:01, 22.85it/s, Materializing param=text_model.encoder.layers.30.layer_norm2.weight][A
Loading weights:  94%|█████████▍| 487/517 [00:03<00:00, 1055.81it/s, Materializing param=text_model.encoder.layers.30.layer_norm2.weight][A
Loading weights:  94%|█████████▍| 487/517 [00:03<00:00, 1055.81it/s, Materializing param=text_model.encoder.layers.30.mlp.fc1.bias]      [A
Loading weights:  94%|█████████▍| 487/517 [00:03<00:00, 1055.81it/s, Materializing param=text_model.encoder.layers.30.mlp.fc1.bias][A
Loading weights:  94%|█████████▍| 488/517 [00:03<00:00, 1055.81it/s, Materializing param=text_model.encoder.layers.30.mlp.fc1.weight][A
Loading weights:  94%|█████████▍| 488/517 [00:03<00:00, 1055.81it/s, Materializing param=text_model.encoder.layers.30.mlp.fc1.weight][A
Loading weights:  95%|█████████▍| 489/517 [00:03<00:00, 1055.81it/s, Materializing param=text_model.encoder.layers.30.mlp.fc2.bias]  [A
Loading weights:  95%|█████████▍| 489/517 [00:03<00:00, 1055.81it/s, Materializing param=text_model.encoder.layers.30.mlp.fc2.bias][A
Loading weights:  95%|█████████▍| 490/517 [00:03<00:00, 1055.81it/s, Materializing param=text_model.encoder.layers.30.mlp.fc2.weight][A
Loading weights:  95%|█████████▍| 490/517 [00:03<00:00, 1055.81it/s, Materializing param=text_model.encoder.layers.30.mlp.fc2.weight][A
Loading weights:  95%|█████████▍| 491/517 [00:03<00:00, 1055.81it/s, Materializing param=text_model.encoder.layers.30.self_attn.k_proj.bias][A
Loading weights:  95%|█████████▍| 491/517 [00:03<00:00, 1055.81it/s, Materializing param=text_model.encoder.layers.30.self_attn.k_proj.bias][A
Loading weights:  95%|█████████▌| 492/517 [00:03<00:00, 1055.81it/s, Materializing param=text_model.encoder.layers.30.self_attn.k_proj.weight][A
Loading weights:  95%|█████████▌| 492/517 [00:03<00:00, 1055.81it/s, Materializing param=text_model.encoder.layers.30.self_attn.k_proj.weight][A
Loading weights:  95%|█████████▌| 493/517 [00:03<00:00, 1055.81it/s, Materializing param=text_model.encoder.layers.30.self_attn.out_proj.bias][A
Loading weights:  95%|█████████▌| 493/517 [00:03<00:00, 1055.81it/s, Materializing param=text_model.encoder.layers.30.self_attn.out_proj.bias][A
Loading weights:  96%|█████████▌| 494/517 [00:03<00:00, 1055.81it/s, Materializing param=text_model.encoder.layers.30.self_attn.out_proj.weight][A
Loading weights:  96%|█████████▌| 494/517 [00:03<00:00, 1055.81it/s, Materializing param=text_model.encoder.layers.30.self_attn.out_proj.weight][A
Loading weights:  96%|█████████▌| 495/517 [00:03<00:00, 1055.81it/s, Materializing param=text_model.encoder.layers.30.self_attn.q_proj.bias]    [A
Loading weights:  96%|█████████▌| 495/517 [00:03<00:00, 1055.81it/s, Materializing param=text_model.encoder.layers.30.self_attn.q_proj.bias][A
Loading weights:  96%|█████████▌| 496/517 [00:03<00:00, 1055.81it/s, Materializing param=text_model.encoder.layers.30.self_attn.q_proj.weight][A
Loading weights:  96%|█████████▌| 496/517 [00:03<00:00, 1055.81it/s, Materializing param=text_model.encoder.layers.30.self_attn.q_proj.weight][A
Loading weights:  96%|█████████▌| 497/517 [00:03<00:00, 1055.81it/s, Materializing param=text_model.encoder.layers.30.self_attn.v_proj.bias]  [A
Loading weights:  96%|█████████▌| 497/517 [00:03<00:00, 1055.81it/s, Materializing param=text_model.encoder.layers.30.self_attn.v_proj.bias][A
Loading weights:  96%|█████████▋| 498/517 [00:03<00:00, 1055.81it/s, Materializing param=text_model.encoder.layers.30.self_attn.v_proj.weight][A
Loading weights:  96%|█████████▋| 498/517 [00:03<00:00, 1055.81it/s, Materializing param=text_model.encoder.layers.30.self_attn.v_proj.weight][A
Loading weights:  97%|█████████▋| 499/517 [00:03<00:00, 1055.81it/s, Materializing param=text_model.encoder.layers.31.layer_norm1.bias]       [A
Loading weights:  97%|█████████▋| 499/517 [00:03<00:00, 1055.81it/s, Materializing param=text_model.encoder.layers.31.layer_norm1.bias][A
Loading weights:  97%|█████████▋| 500/517 [00:03<00:00, 1055.81it/s, Materializing param=text_model.encoder.layers.31.layer_norm1.weight][A
Loading weights:  97%|█████████▋| 500/517 [00:03<00:00, 1055.81it/s, Materializing param=text_model.encoder.layers.31.layer_norm1.weight][A
Loading weights:  97%|█████████▋| 501/517 [00:03<00:00, 1055.81it/s, Materializing param=text_model.encoder.layers.31.layer_norm2.bias]  [A
Loading weights:  97%|█████████▋| 501/517 [00:03<00:00, 1055.81it/s, Materializing param=text_model.encoder.layers.31.layer_norm2.bias][A
Loading weights:  97%|█████████▋| 502/517 [00:03<00:00, 1055.81it/s, Materializing param=text_model.encoder.layers.31.layer_norm2.weight][A
Loading weights:  97%|█████████▋| 502/517 [00:03<00:00, 1055.81it/s, Materializing param=text_model.encoder.layers.31.layer_norm2.weight][A
Loading weights:  97%|█████████▋| 503/517 [00:03<00:00, 1055.81it/s, Materializing param=text_model.encoder.layers.31.mlp.fc1.bias]      [A
Loading weights:  97%|█████████▋| 503/517 [00:03<00:00, 1055.81it/s, Materializing param=text_model.encoder.layers.31.mlp.fc1.bias][A
Loading weights:  97%|█████████▋| 504/517 [00:03<00:00, 1055.81it/s, Materializing param=text_model.encoder.layers.31.mlp.fc1.weight][A
Loading weights:  97%|█████████▋| 504/517 [00:03<00:00, 1055.81it/s, Materializing param=text_model.encoder.layers.31.mlp.fc1.weight][A
Loading weights:  98%|█████████▊| 505/517 [00:03<00:00, 1055.81it/s, Materializing param=text_model.encoder.layers.31.mlp.fc2.bias]  [A
Loading weights:  98%|█████████▊| 505/517 [00:03<00:00, 1055.81it/s, Materializing param=text_model.encoder.layers.31.mlp.fc2.bias][A
Loading weights:  98%|█████████▊| 506/517 [00:03<00:00, 1055.81it/s, Materializing param=text_model.encoder.layers.31.mlp.fc2.weight][A
Loading weights:  98%|█████████▊| 506/517 [00:03<00:00, 1055.81it/s, Materializing param=text_model.encoder.layers.31.mlp.fc2.weight][A
Loading weights:  98%|█████████▊| 507/517 [00:03<00:00, 1055.81it/s, Materializing param=text_model.encoder.layers.31.self_attn.k_proj.bias][A
Loading weights:  98%|█████████▊| 507/517 [00:03<00:00, 1055.81it/s, Materializing param=text_model.encoder.layers.31.self_attn.k_proj.bias][A
Loading weights:  98%|█████████▊| 508/517 [00:03<00:00, 1055.81it/s, Materializing param=text_model.encoder.layers.31.self_attn.k_proj.weight][A
Loading weights:  98%|█████████▊| 508/517 [00:03<00:00, 1055.81it/s, Materializing param=text_model.encoder.layers.31.self_attn.k_proj.weight][A
Loading weights:  98%|█████████▊| 509/517 [00:03<00:00, 1055.81it/s, Materializing param=text_model.encoder.layers.31.self_attn.out_proj.bias][A
Loading weights:  98%|█████████▊| 509/517 [00:03<00:00, 1055.81it/s, Materializing param=text_model.encoder.layers.31.self_attn.out_proj.bias][A
Loading weights:  99%|█████████▊| 510/517 [00:03<00:00, 1055.81it/s, Materializing param=text_model.encoder.layers.31.self_attn.out_proj.weight][A
Loading weights:  99%|█████████▊| 510/517 [00:03<00:00, 1055.81it/s, Materializing param=text_model.encoder.layers.31.self_attn.out_proj.weight][A
Loading weights:  99%|█████████▉| 511/517 [00:03<00:00, 1055.81it/s, Materializing param=text_model.encoder.layers.31.self_attn.q_proj.bias]    [A
Loading weights:  99%|█████████▉| 511/517 [00:03<00:00, 1055.81it/s, Materializing param=text_model.encoder.layers.31.self_attn.q_proj.bias][A
Loading weights:  99%|█████████▉| 512/517 [00:03<00:00, 1055.81it/s, Materializing param=text_model.encoder.layers.31.self_attn.q_proj.weight][A
Loading weights:  99%|█████████▉| 512/517 [00:03<00:00, 1055.81it/s, Materializing param=text_model.encoder.layers.31.self_attn.q_proj.weight][A
Loading weights:  99%|█████████▉| 513/517 [00:03<00:00, 1055.81it/s, Materializing param=text_model.encoder.layers.31.self_attn.v_proj.bias]  [A
Loading weights:  99%|█████████▉| 513/517 [00:03<00:00, 1055.81it/s, Materializing param=text_model.encoder.layers.31.self_attn.v_proj.bias][A
Loading weights:  99%|█████████▉| 514/517 [00:03<00:00, 1055.81it/s, Materializing param=text_model.encoder.layers.31.self_attn.v_proj.weight][A
Loading weights:  99%|█████████▉| 514/517 [00:03<00:00, 1055.81it/s, Materializing param=text_model.encoder.layers.31.self_attn.v_proj.weight][A
Loading weights: 100%|█████████▉| 515/517 [00:03<00:00, 1055.81it/s, Materializing param=text_model.final_layer_norm.bias]                    [A
Loading weights: 100%|█████████▉| 515/517 [00:03<00:00, 1055.81it/s, Materializing param=text_model.final_layer_norm.bias][A
Loading weights: 100%|█████████▉| 516/517 [00:03<00:00, 1055.81it/s, Materializing param=text_model.final_layer_norm.weight][A
Loading weights: 100%|█████████▉| 516/517 [00:03<00:00, 1055.81it/s, Materializing param=text_model.final_layer_norm.weight][A
Loading weights: 100%|██████████| 517/517 [00:03<00:00, 1055.81it/s, Materializing param=text_projection.weight]            [A
Loading weights: 100%|██████████| 517/517 [00:03<00:00, 1055.81it/s, Materializing param=text_projection.weight][ALoading weights: 100%|██████████| 517/517 [00:03<00:00, 132.82it/s, Materializing param=text_projection.weight] 
Loading pipeline components...:  29%|██▊       | 2/7 [00:05<00:12,  2.52s/it]Loading pipeline components...:  57%|█████▋    | 4/7 [00:23<00:19,  6.42s/it]Loading pipeline components...:  86%|████████▌ | 6/7 [00:23<00:03,  3.53s/it]You are using a model of type clip_text_model to instantiate a model of type clip. This is not supported for all configurations of models and can yield errors.

Loading weights:   0%|          | 0/196 [00:00<?, ?it/s][A
Loading weights:   1%|          | 1/196 [00:00<00:00, 13530.01it/s, Materializing param=text_model.embeddings.position_embedding.weight][A
Loading weights:   1%|          | 1/196 [00:00<00:00, 6808.94it/s, Materializing param=text_model.embeddings.position_embedding.weight] [A
Loading weights:   1%|          | 2/196 [00:00<00:00, 3166.71it/s, Materializing param=text_model.embeddings.token_embedding.weight]   [A
Loading weights:   1%|          | 2/196 [00:00<00:00, 2847.46it/s, Materializing param=text_model.embeddings.token_embedding.weight][A
Loading weights:   2%|▏         | 3/196 [00:00<00:04, 46.28it/s, Materializing param=text_model.encoder.layers.0.layer_norm1.bias]  [A
Loading weights:   2%|▏         | 3/196 [00:00<00:04, 45.35it/s, Materializing param=text_model.encoder.layers.0.layer_norm1.bias][A
Loading weights:   2%|▏         | 4/196 [00:00<00:03, 59.18it/s, Materializing param=text_model.encoder.layers.0.layer_norm1.weight][A
Loading weights:   2%|▏         | 4/196 [00:00<00:03, 58.78it/s, Materializing param=text_model.encoder.layers.0.layer_norm1.weight][A
Loading weights:   3%|▎         | 5/196 [00:00<00:02, 72.94it/s, Materializing param=text_model.encoder.layers.0.layer_norm2.bias]  [A
Loading weights:   3%|▎         | 5/196 [00:00<00:02, 72.27it/s, Materializing param=text_model.encoder.layers.0.layer_norm2.bias][A
Loading weights:   3%|▎         | 6/196 [00:00<00:07, 26.43it/s, Materializing param=text_model.encoder.layers.0.layer_norm2.bias][A
Loading weights:   3%|▎         | 6/196 [00:00<00:07, 26.43it/s, Materializing param=text_model.encoder.layers.0.layer_norm2.weight][A
Loading weights:   3%|▎         | 6/196 [00:00<00:07, 26.43it/s, Materializing param=text_model.encoder.layers.0.layer_norm2.weight][A
Loading weights:   4%|▎         | 7/196 [00:00<00:07, 26.43it/s, Materializing param=text_model.encoder.layers.0.mlp.fc1.bias]      [A
Loading weights:   4%|▎         | 7/196 [00:00<00:07, 26.43it/s, Materializing param=text_model.encoder.layers.0.mlp.fc1.bias][A
Loading weights:   4%|▍         | 8/196 [00:00<00:07, 26.43it/s, Materializing param=text_model.encoder.layers.0.mlp.fc1.weight][A
Loading weights:   4%|▍         | 8/196 [00:00<00:07, 26.43it/s, Materializing param=text_model.encoder.layers.0.mlp.fc1.weight][A
Loading weights:   5%|▍         | 9/196 [00:00<00:08, 21.74it/s, Materializing param=text_model.encoder.layers.0.mlp.fc1.weight][A
Loading weights:   5%|▍         | 9/196 [00:00<00:08, 21.74it/s, Materializing param=text_model.encoder.layers.0.mlp.fc2.bias]  [A
Loading weights:   5%|▍         | 9/196 [00:00<00:08, 21.74it/s, Materializing param=text_model.encoder.layers.0.mlp.fc2.bias][A
Loading weights:   5%|▌         | 10/196 [00:00<00:08, 21.74it/s, Materializing param=text_model.encoder.layers.0.mlp.fc2.weight][A
Loading weights:   5%|▌         | 10/196 [00:00<00:08, 21.74it/s, Materializing param=text_model.encoder.layers.0.mlp.fc2.weight][A
Loading weights:   6%|▌         | 11/196 [00:00<00:08, 21.74it/s, Materializing param=text_model.encoder.layers.0.self_attn.k_proj.bias][A
Loading weights:   6%|▌         | 11/196 [00:00<00:08, 21.74it/s, Materializing param=text_model.encoder.layers.0.self_attn.k_proj.bias][A
Loading weights:   6%|▌         | 12/196 [00:00<00:08, 20.78it/s, Materializing param=text_model.encoder.layers.0.self_attn.k_proj.bias][A
Loading weights:   6%|▌         | 12/196 [00:00<00:08, 20.78it/s, Materializing param=text_model.encoder.layers.0.self_attn.k_proj.weight][A
Loading weights:   6%|▌         | 12/196 [00:00<00:08, 20.78it/s, Materializing param=text_model.encoder.layers.0.self_attn.k_proj.weight][A
Loading weights:   7%|▋         | 13/196 [00:00<00:08, 20.78it/s, Materializing param=text_model.encoder.layers.0.self_attn.out_proj.bias][A
Loading weights:   7%|▋         | 13/196 [00:00<00:08, 20.78it/s, Materializing param=text_model.encoder.layers.0.self_attn.out_proj.bias][A
Loading weights:   7%|▋         | 14/196 [00:00<00:08, 20.78it/s, Materializing param=text_model.encoder.layers.0.self_attn.out_proj.weight][A
Loading weights:   7%|▋         | 14/196 [00:00<00:08, 20.78it/s, Materializing param=text_model.encoder.layers.0.self_attn.out_proj.weight][A
Loading weights:   8%|▊         | 15/196 [00:00<00:08, 20.78it/s, Materializing param=text_model.encoder.layers.0.self_attn.q_proj.bias]    [A
Loading weights:   8%|▊         | 15/196 [00:00<00:08, 20.78it/s, Materializing param=text_model.encoder.layers.0.self_attn.q_proj.bias][A
Loading weights:   8%|▊         | 16/196 [00:00<00:08, 20.78it/s, Materializing param=text_model.encoder.layers.0.self_attn.q_proj.weight][A
Loading weights:   8%|▊         | 16/196 [00:00<00:08, 20.78it/s, Materializing param=text_model.encoder.layers.0.self_attn.q_proj.weight][A
Loading weights:   9%|▊         | 17/196 [00:00<00:08, 20.78it/s, Materializing param=text_model.encoder.layers.0.self_attn.v_proj.bias]  [A
Loading weights:   9%|▊         | 17/196 [00:00<00:08, 20.78it/s, Materializing param=text_model.encoder.layers.0.self_attn.v_proj.bias][A
Loading weights:   9%|▉         | 18/196 [00:00<00:08, 20.78it/s, Materializing param=text_model.encoder.layers.0.self_attn.v_proj.weight][A
Loading weights:   9%|▉         | 18/196 [00:00<00:08, 20.78it/s, Materializing param=text_model.encoder.layers.0.self_attn.v_proj.weight][A
Loading weights:  10%|▉         | 19/196 [00:00<00:08, 20.78it/s, Materializing param=text_model.encoder.layers.1.layer_norm1.bias]       [A
Loading weights:  10%|▉         | 19/196 [00:00<00:08, 20.78it/s, Materializing param=text_model.encoder.layers.1.layer_norm1.bias][A
Loading weights:  10%|█         | 20/196 [00:00<00:08, 20.78it/s, Materializing param=text_model.encoder.layers.1.layer_norm1.weight][A
Loading weights:  10%|█         | 20/196 [00:00<00:08, 20.78it/s, Materializing param=text_model.encoder.layers.1.layer_norm1.weight][A
Loading weights:  11%|█         | 21/196 [00:00<00:08, 20.78it/s, Materializing param=text_model.encoder.layers.1.layer_norm2.bias]  [A
Loading weights:  11%|█         | 21/196 [00:00<00:08, 20.78it/s, Materializing param=text_model.encoder.layers.1.layer_norm2.bias][A
Loading weights:  11%|█         | 22/196 [00:00<00:08, 20.78it/s, Materializing param=text_model.encoder.layers.1.layer_norm2.weight][A
Loading weights:  11%|█         | 22/196 [00:00<00:08, 20.78it/s, Materializing param=text_model.encoder.layers.1.layer_norm2.weight][A
Loading weights:  12%|█▏        | 23/196 [00:00<00:08, 20.78it/s, Materializing param=text_model.encoder.layers.1.mlp.fc1.bias]      [A
Loading weights:  12%|█▏        | 23/196 [00:00<00:08, 20.78it/s, Materializing param=text_model.encoder.layers.1.mlp.fc1.bias][A
Loading weights:  12%|█▏        | 24/196 [00:00<00:08, 20.78it/s, Materializing param=text_model.encoder.layers.1.mlp.fc1.weight][A
Loading weights:  12%|█▏        | 24/196 [00:00<00:08, 20.78it/s, Materializing param=text_model.encoder.layers.1.mlp.fc1.weight][A
Loading weights:  13%|█▎        | 25/196 [00:00<00:08, 20.78it/s, Materializing param=text_model.encoder.layers.1.mlp.fc2.bias]  [A
Loading weights:  13%|█▎        | 25/196 [00:00<00:08, 20.78it/s, Materializing param=text_model.encoder.layers.1.mlp.fc2.bias][A
Loading weights:  13%|█▎        | 26/196 [00:00<00:08, 20.78it/s, Materializing param=text_model.encoder.layers.1.mlp.fc2.weight][A
Loading weights:  13%|█▎        | 26/196 [00:00<00:08, 20.78it/s, Materializing param=text_model.encoder.layers.1.mlp.fc2.weight][A
Loading weights:  14%|█▍        | 27/196 [00:00<00:08, 20.78it/s, Materializing param=text_model.encoder.layers.1.self_attn.k_proj.bias][A
Loading weights:  14%|█▍        | 27/196 [00:00<00:08, 20.78it/s, Materializing param=text_model.encoder.layers.1.self_attn.k_proj.bias][A
Loading weights:  14%|█▍        | 28/196 [00:00<00:08, 20.78it/s, Materializing param=text_model.encoder.layers.1.self_attn.k_proj.weight][A
Loading weights:  14%|█▍        | 28/196 [00:00<00:08, 20.78it/s, Materializing param=text_model.encoder.layers.1.self_attn.k_proj.weight][A
Loading weights:  15%|█▍        | 29/196 [00:00<00:08, 20.78it/s, Materializing param=text_model.encoder.layers.1.self_attn.out_proj.bias][A
Loading weights:  15%|█▍        | 29/196 [00:00<00:08, 20.78it/s, Materializing param=text_model.encoder.layers.1.self_attn.out_proj.bias][A
Loading weights:  15%|█▌        | 30/196 [00:00<00:07, 20.78it/s, Materializing param=text_model.encoder.layers.1.self_attn.out_proj.weight][A
Loading weights:  15%|█▌        | 30/196 [00:00<00:07, 20.78it/s, Materializing param=text_model.encoder.layers.1.self_attn.out_proj.weight][A
Loading weights:  16%|█▌        | 31/196 [00:00<00:07, 20.78it/s, Materializing param=text_model.encoder.layers.1.self_attn.q_proj.bias]    [A
Loading weights:  16%|█▌        | 31/196 [00:00<00:07, 20.78it/s, Materializing param=text_model.encoder.layers.1.self_attn.q_proj.bias][A
Loading weights:  16%|█▋        | 32/196 [00:00<00:07, 20.78it/s, Materializing param=text_model.encoder.layers.1.self_attn.q_proj.weight][A
Loading weights:  16%|█▋        | 32/196 [00:00<00:07, 20.78it/s, Materializing param=text_model.encoder.layers.1.self_attn.q_proj.weight][A
Loading weights:  17%|█▋        | 33/196 [00:00<00:07, 20.78it/s, Materializing param=text_model.encoder.layers.1.self_attn.v_proj.bias]  [A
Loading weights:  17%|█▋        | 33/196 [00:00<00:07, 20.78it/s, Materializing param=text_model.encoder.layers.1.self_attn.v_proj.bias][A
Loading weights:  17%|█▋        | 34/196 [00:00<00:07, 20.78it/s, Materializing param=text_model.encoder.layers.1.self_attn.v_proj.weight][A
Loading weights:  17%|█▋        | 34/196 [00:00<00:07, 20.78it/s, Materializing param=text_model.encoder.layers.1.self_attn.v_proj.weight][A
Loading weights:  18%|█▊        | 35/196 [00:00<00:07, 20.78it/s, Materializing param=text_model.encoder.layers.2.layer_norm1.bias]       [A
Loading weights:  18%|█▊        | 35/196 [00:00<00:07, 20.78it/s, Materializing param=text_model.encoder.layers.2.layer_norm1.bias][A
Loading weights:  18%|█▊        | 36/196 [00:00<00:07, 20.78it/s, Materializing param=text_model.encoder.layers.2.layer_norm1.weight][A
Loading weights:  18%|█▊        | 36/196 [00:00<00:07, 20.78it/s, Materializing param=text_model.encoder.layers.2.layer_norm1.weight][A
Loading weights:  19%|█▉        | 37/196 [00:00<00:07, 20.78it/s, Materializing param=text_model.encoder.layers.2.layer_norm2.bias]  [A
Loading weights:  19%|█▉        | 37/196 [00:00<00:07, 20.78it/s, Materializing param=text_model.encoder.layers.2.layer_norm2.bias][A
Loading weights:  19%|█▉        | 38/196 [00:00<00:07, 20.78it/s, Materializing param=text_model.encoder.layers.2.layer_norm2.weight][A
Loading weights:  19%|█▉        | 38/196 [00:00<00:07, 20.78it/s, Materializing param=text_model.encoder.layers.2.layer_norm2.weight][A
Loading weights:  20%|█▉        | 39/196 [00:00<00:07, 20.78it/s, Materializing param=text_model.encoder.layers.2.mlp.fc1.bias]      [A
Loading weights:  20%|█▉        | 39/196 [00:00<00:07, 20.78it/s, Materializing param=text_model.encoder.layers.2.mlp.fc1.bias][A
Loading weights:  20%|██        | 40/196 [00:00<00:07, 20.78it/s, Materializing param=text_model.encoder.layers.2.mlp.fc1.weight][A
Loading weights:  20%|██        | 40/196 [00:00<00:07, 20.78it/s, Materializing param=text_model.encoder.layers.2.mlp.fc1.weight][A
Loading weights:  21%|██        | 41/196 [00:00<00:07, 20.78it/s, Materializing param=text_model.encoder.layers.2.mlp.fc2.bias]  [A
Loading weights:  21%|██        | 41/196 [00:00<00:07, 20.78it/s, Materializing param=text_model.encoder.layers.2.mlp.fc2.bias][A
Loading weights:  21%|██▏       | 42/196 [00:00<00:07, 20.78it/s, Materializing param=text_model.encoder.layers.2.mlp.fc2.weight][A
Loading weights:  21%|██▏       | 42/196 [00:00<00:07, 20.78it/s, Materializing param=text_model.encoder.layers.2.mlp.fc2.weight][A
Loading weights:  22%|██▏       | 43/196 [00:00<00:07, 20.78it/s, Materializing param=text_model.encoder.layers.2.self_attn.k_proj.bias][A
Loading weights:  22%|██▏       | 43/196 [00:00<00:07, 20.78it/s, Materializing param=text_model.encoder.layers.2.self_attn.k_proj.bias][A
Loading weights:  22%|██▏       | 44/196 [00:00<00:07, 20.78it/s, Materializing param=text_model.encoder.layers.2.self_attn.k_proj.weight][A
Loading weights:  22%|██▏       | 44/196 [00:00<00:07, 20.78it/s, Materializing param=text_model.encoder.layers.2.self_attn.k_proj.weight][A
Loading weights:  23%|██▎       | 45/196 [00:00<00:07, 20.78it/s, Materializing param=text_model.encoder.layers.2.self_attn.out_proj.bias][A
Loading weights:  23%|██▎       | 45/196 [00:00<00:07, 20.78it/s, Materializing param=text_model.encoder.layers.2.self_attn.out_proj.bias][A
Loading weights:  23%|██▎       | 46/196 [00:00<00:07, 20.78it/s, Materializing param=text_model.encoder.layers.2.self_attn.out_proj.weight][A
Loading weights:  23%|██▎       | 46/196 [00:00<00:07, 20.78it/s, Materializing param=text_model.encoder.layers.2.self_attn.out_proj.weight][A
Loading weights:  24%|██▍       | 47/196 [00:00<00:07, 20.78it/s, Materializing param=text_model.encoder.layers.2.self_attn.q_proj.bias]    [A
Loading weights:  24%|██▍       | 47/196 [00:00<00:07, 20.78it/s, Materializing param=text_model.encoder.layers.2.self_attn.q_proj.bias][A
Loading weights:  24%|██▍       | 48/196 [00:00<00:07, 20.78it/s, Materializing param=text_model.encoder.layers.2.self_attn.q_proj.weight][A
Loading weights:  24%|██▍       | 48/196 [00:00<00:07, 20.78it/s, Materializing param=text_model.encoder.layers.2.self_attn.q_proj.weight][A
Loading weights:  25%|██▌       | 49/196 [00:00<00:07, 20.78it/s, Materializing param=text_model.encoder.layers.2.self_attn.v_proj.bias]  [A
Loading weights:  25%|██▌       | 49/196 [00:00<00:07, 20.78it/s, Materializing param=text_model.encoder.layers.2.self_attn.v_proj.bias][A
Loading weights:  26%|██▌       | 50/196 [00:00<00:07, 20.78it/s, Materializing param=text_model.encoder.layers.2.self_attn.v_proj.weight][A
Loading weights:  26%|██▌       | 50/196 [00:00<00:07, 20.78it/s, Materializing param=text_model.encoder.layers.2.self_attn.v_proj.weight][A
Loading weights:  26%|██▌       | 51/196 [00:00<00:06, 20.78it/s, Materializing param=text_model.encoder.layers.3.layer_norm1.bias]       [A
Loading weights:  26%|██▌       | 51/196 [00:00<00:06, 20.78it/s, Materializing param=text_model.encoder.layers.3.layer_norm1.bias][A
Loading weights:  27%|██▋       | 52/196 [00:00<00:06, 20.78it/s, Materializing param=text_model.encoder.layers.3.layer_norm1.weight][A
Loading weights:  27%|██▋       | 52/196 [00:00<00:06, 20.78it/s, Materializing param=text_model.encoder.layers.3.layer_norm1.weight][A
Loading weights:  27%|██▋       | 53/196 [00:00<00:06, 20.78it/s, Materializing param=text_model.encoder.layers.3.layer_norm2.bias]  [A
Loading weights:  27%|██▋       | 53/196 [00:00<00:06, 20.78it/s, Materializing param=text_model.encoder.layers.3.layer_norm2.bias][A
Loading weights:  28%|██▊       | 54/196 [00:00<00:06, 20.78it/s, Materializing param=text_model.encoder.layers.3.layer_norm2.weight][A
Loading weights:  28%|██▊       | 54/196 [00:00<00:06, 20.78it/s, Materializing param=text_model.encoder.layers.3.layer_norm2.weight][A
Loading weights:  28%|██▊       | 55/196 [00:00<00:06, 20.78it/s, Materializing param=text_model.encoder.layers.3.mlp.fc1.bias]      [A
Loading weights:  28%|██▊       | 55/196 [00:00<00:06, 20.78it/s, Materializing param=text_model.encoder.layers.3.mlp.fc1.bias][A
Loading weights:  29%|██▊       | 56/196 [00:00<00:06, 20.78it/s, Materializing param=text_model.encoder.layers.3.mlp.fc1.weight][A
Loading weights:  29%|██▊       | 56/196 [00:00<00:06, 20.78it/s, Materializing param=text_model.encoder.layers.3.mlp.fc1.weight][A
Loading weights:  29%|██▉       | 57/196 [00:00<00:06, 20.78it/s, Materializing param=text_model.encoder.layers.3.mlp.fc2.bias]  [A
Loading weights:  29%|██▉       | 57/196 [00:00<00:06, 20.78it/s, Materializing param=text_model.encoder.layers.3.mlp.fc2.bias][A
Loading weights:  30%|██▉       | 58/196 [00:00<00:06, 20.78it/s, Materializing param=text_model.encoder.layers.3.mlp.fc2.weight][A
Loading weights:  30%|██▉       | 58/196 [00:00<00:06, 20.78it/s, Materializing param=text_model.encoder.layers.3.mlp.fc2.weight][A
Loading weights:  30%|███       | 59/196 [00:00<00:06, 20.78it/s, Materializing param=text_model.encoder.layers.3.self_attn.k_proj.bias][A
Loading weights:  30%|███       | 59/196 [00:00<00:06, 20.78it/s, Materializing param=text_model.encoder.layers.3.self_attn.k_proj.bias][A
Loading weights:  31%|███       | 60/196 [00:00<00:06, 20.78it/s, Materializing param=text_model.encoder.layers.3.self_attn.k_proj.weight][A
Loading weights:  31%|███       | 60/196 [00:00<00:06, 20.78it/s, Materializing param=text_model.encoder.layers.3.self_attn.k_proj.weight][A
Loading weights:  31%|███       | 61/196 [00:00<00:06, 20.78it/s, Materializing param=text_model.encoder.layers.3.self_attn.out_proj.bias][A
Loading weights:  31%|███       | 61/196 [00:00<00:06, 20.78it/s, Materializing param=text_model.encoder.layers.3.self_attn.out_proj.bias][A
Loading weights:  32%|███▏      | 62/196 [00:00<00:06, 20.78it/s, Materializing param=text_model.encoder.layers.3.self_attn.out_proj.weight][A
Loading weights:  32%|███▏      | 62/196 [00:00<00:06, 20.78it/s, Materializing param=text_model.encoder.layers.3.self_attn.out_proj.weight][A
Loading weights:  32%|███▏      | 63/196 [00:00<00:06, 20.78it/s, Materializing param=text_model.encoder.layers.3.self_attn.q_proj.bias]    [A
Loading weights:  32%|███▏      | 63/196 [00:00<00:06, 20.78it/s, Materializing param=text_model.encoder.layers.3.self_attn.q_proj.bias][A
Loading weights:  33%|███▎      | 64/196 [00:00<00:06, 20.78it/s, Materializing param=text_model.encoder.layers.3.self_attn.q_proj.weight][A
Loading weights:  33%|███▎      | 64/196 [00:00<00:06, 20.78it/s, Materializing param=text_model.encoder.layers.3.self_attn.q_proj.weight][A
Loading weights:  33%|███▎      | 65/196 [00:00<00:06, 20.78it/s, Materializing param=text_model.encoder.layers.3.self_attn.v_proj.bias]  [A
Loading weights:  33%|███▎      | 65/196 [00:00<00:06, 20.78it/s, Materializing param=text_model.encoder.layers.3.self_attn.v_proj.bias][A
Loading weights:  34%|███▎      | 66/196 [00:00<00:06, 20.78it/s, Materializing param=text_model.encoder.layers.3.self_attn.v_proj.weight][A
Loading weights:  34%|███▎      | 66/196 [00:00<00:06, 20.78it/s, Materializing param=text_model.encoder.layers.3.self_attn.v_proj.weight][A
Loading weights:  34%|███▍      | 67/196 [00:00<00:06, 20.78it/s, Materializing param=text_model.encoder.layers.4.layer_norm1.bias]       [A
Loading weights:  34%|███▍      | 67/196 [00:00<00:06, 20.78it/s, Materializing param=text_model.encoder.layers.4.layer_norm1.bias][A
Loading weights:  35%|███▍      | 68/196 [00:00<00:06, 20.78it/s, Materializing param=text_model.encoder.layers.4.layer_norm1.weight][A
Loading weights:  35%|███▍      | 68/196 [00:00<00:06, 20.78it/s, Materializing param=text_model.encoder.layers.4.layer_norm1.weight][A
Loading weights:  35%|███▌      | 69/196 [00:00<00:06, 20.78it/s, Materializing param=text_model.encoder.layers.4.layer_norm2.bias]  [A
Loading weights:  35%|███▌      | 69/196 [00:00<00:06, 20.78it/s, Materializing param=text_model.encoder.layers.4.layer_norm2.bias][A
Loading weights:  36%|███▌      | 70/196 [00:00<00:06, 20.78it/s, Materializing param=text_model.encoder.layers.4.layer_norm2.weight][A
Loading weights:  36%|███▌      | 70/196 [00:00<00:06, 20.78it/s, Materializing param=text_model.encoder.layers.4.layer_norm2.weight][A
Loading weights:  36%|███▌      | 71/196 [00:00<00:06, 20.78it/s, Materializing param=text_model.encoder.layers.4.mlp.fc1.bias]      [A
Loading weights:  36%|███▌      | 71/196 [00:00<00:06, 20.78it/s, Materializing param=text_model.encoder.layers.4.mlp.fc1.bias][A
Loading weights:  37%|███▋      | 72/196 [00:00<00:05, 20.78it/s, Materializing param=text_model.encoder.layers.4.mlp.fc1.weight][A
Loading weights:  37%|███▋      | 72/196 [00:00<00:05, 20.78it/s, Materializing param=text_model.encoder.layers.4.mlp.fc1.weight][A
Loading weights:  37%|███▋      | 73/196 [00:00<00:05, 20.78it/s, Materializing param=text_model.encoder.layers.4.mlp.fc2.bias]  [A
Loading weights:  37%|███▋      | 73/196 [00:00<00:05, 20.78it/s, Materializing param=text_model.encoder.layers.4.mlp.fc2.bias][A
Loading weights:  38%|███▊      | 74/196 [00:00<00:05, 20.78it/s, Materializing param=text_model.encoder.layers.4.mlp.fc2.weight][A
Loading weights:  38%|███▊      | 74/196 [00:00<00:05, 20.78it/s, Materializing param=text_model.encoder.layers.4.mlp.fc2.weight][A
Loading weights:  38%|███▊      | 75/196 [00:00<00:05, 20.78it/s, Materializing param=text_model.encoder.layers.4.self_attn.k_proj.bias][A
Loading weights:  38%|███▊      | 75/196 [00:00<00:05, 20.78it/s, Materializing param=text_model.encoder.layers.4.self_attn.k_proj.bias][A
Loading weights:  39%|███▉      | 76/196 [00:00<00:05, 20.78it/s, Materializing param=text_model.encoder.layers.4.self_attn.k_proj.weight][A
Loading weights:  39%|███▉      | 76/196 [00:00<00:05, 20.78it/s, Materializing param=text_model.encoder.layers.4.self_attn.k_proj.weight][A
Loading weights:  39%|███▉      | 77/196 [00:00<00:05, 20.78it/s, Materializing param=text_model.encoder.layers.4.self_attn.out_proj.bias][A
Loading weights:  39%|███▉      | 77/196 [00:00<00:05, 20.78it/s, Materializing param=text_model.encoder.layers.4.self_attn.out_proj.bias][A
Loading weights:  40%|███▉      | 78/196 [00:00<00:05, 20.78it/s, Materializing param=text_model.encoder.layers.4.self_attn.out_proj.weight][A
Loading weights:  40%|███▉      | 78/196 [00:00<00:05, 20.78it/s, Materializing param=text_model.encoder.layers.4.self_attn.out_proj.weight][A
Loading weights:  40%|████      | 79/196 [00:00<00:05, 20.78it/s, Materializing param=text_model.encoder.layers.4.self_attn.q_proj.bias]    [A
Loading weights:  40%|████      | 79/196 [00:00<00:05, 20.78it/s, Materializing param=text_model.encoder.layers.4.self_attn.q_proj.bias][A
Loading weights:  41%|████      | 80/196 [00:00<00:05, 20.78it/s, Materializing param=text_model.encoder.layers.4.self_attn.q_proj.weight][A
Loading weights:  41%|████      | 80/196 [00:00<00:05, 20.78it/s, Materializing param=text_model.encoder.layers.4.self_attn.q_proj.weight][A
Loading weights:  41%|████▏     | 81/196 [00:00<00:05, 20.78it/s, Materializing param=text_model.encoder.layers.4.self_attn.v_proj.bias]  [A
Loading weights:  41%|████▏     | 81/196 [00:00<00:05, 20.78it/s, Materializing param=text_model.encoder.layers.4.self_attn.v_proj.bias][A
Loading weights:  42%|████▏     | 82/196 [00:00<00:05, 20.78it/s, Materializing param=text_model.encoder.layers.4.self_attn.v_proj.weight][A
Loading weights:  42%|████▏     | 82/196 [00:00<00:05, 20.78it/s, Materializing param=text_model.encoder.layers.4.self_attn.v_proj.weight][A
Loading weights:  42%|████▏     | 83/196 [00:00<00:05, 20.78it/s, Materializing param=text_model.encoder.layers.5.layer_norm1.bias]       [A
Loading weights:  42%|████▏     | 83/196 [00:00<00:05, 20.78it/s, Materializing param=text_model.encoder.layers.5.layer_norm1.bias][A
Loading weights:  43%|████▎     | 84/196 [00:00<00:05, 20.78it/s, Materializing param=text_model.encoder.layers.5.layer_norm1.weight][A
Loading weights:  43%|████▎     | 84/196 [00:00<00:05, 20.78it/s, Materializing param=text_model.encoder.layers.5.layer_norm1.weight][A
Loading weights:  43%|████▎     | 85/196 [00:00<00:05, 20.78it/s, Materializing param=text_model.encoder.layers.5.layer_norm2.bias]  [A
Loading weights:  43%|████▎     | 85/196 [00:00<00:05, 20.78it/s, Materializing param=text_model.encoder.layers.5.layer_norm2.bias][A
Loading weights:  44%|████▍     | 86/196 [00:00<00:05, 20.78it/s, Materializing param=text_model.encoder.layers.5.layer_norm2.weight][A
Loading weights:  44%|████▍     | 86/196 [00:00<00:05, 20.78it/s, Materializing param=text_model.encoder.layers.5.layer_norm2.weight][A
Loading weights:  44%|████▍     | 87/196 [00:00<00:05, 20.78it/s, Materializing param=text_model.encoder.layers.5.mlp.fc1.bias]      [A
Loading weights:  44%|████▍     | 87/196 [00:00<00:05, 20.78it/s, Materializing param=text_model.encoder.layers.5.mlp.fc1.bias][A
Loading weights:  45%|████▍     | 88/196 [00:00<00:05, 20.78it/s, Materializing param=text_model.encoder.layers.5.mlp.fc1.weight][A
Loading weights:  45%|████▍     | 88/196 [00:00<00:05, 20.78it/s, Materializing param=text_model.encoder.layers.5.mlp.fc1.weight][A
Loading weights:  45%|████▌     | 89/196 [00:00<00:05, 20.78it/s, Materializing param=text_model.encoder.layers.5.mlp.fc2.bias]  [A
Loading weights:  45%|████▌     | 89/196 [00:00<00:05, 20.78it/s, Materializing param=text_model.encoder.layers.5.mlp.fc2.bias][A
Loading weights:  46%|████▌     | 90/196 [00:00<00:05, 20.78it/s, Materializing param=text_model.encoder.layers.5.mlp.fc2.weight][A
Loading weights:  46%|████▌     | 90/196 [00:00<00:05, 20.78it/s, Materializing param=text_model.encoder.layers.5.mlp.fc2.weight][A
Loading weights:  46%|████▋     | 91/196 [00:00<00:05, 20.78it/s, Materializing param=text_model.encoder.layers.5.self_attn.k_proj.bias][A
Loading weights:  46%|████▋     | 91/196 [00:00<00:05, 20.78it/s, Materializing param=text_model.encoder.layers.5.self_attn.k_proj.bias][A
Loading weights:  47%|████▋     | 92/196 [00:00<00:05, 20.78it/s, Materializing param=text_model.encoder.layers.5.self_attn.k_proj.weight][A
Loading weights:  47%|████▋     | 92/196 [00:00<00:05, 20.78it/s, Materializing param=text_model.encoder.layers.5.self_attn.k_proj.weight][A
Loading weights:  47%|████▋     | 93/196 [00:00<00:04, 20.78it/s, Materializing param=text_model.encoder.layers.5.self_attn.out_proj.bias][A
Loading weights:  47%|████▋     | 93/196 [00:00<00:04, 20.78it/s, Materializing param=text_model.encoder.layers.5.self_attn.out_proj.bias][A
Loading weights:  48%|████▊     | 94/196 [00:00<00:04, 20.78it/s, Materializing param=text_model.encoder.layers.5.self_attn.out_proj.weight][A
Loading weights:  48%|████▊     | 94/196 [00:00<00:04, 20.78it/s, Materializing param=text_model.encoder.layers.5.self_attn.out_proj.weight][A
Loading weights:  48%|████▊     | 95/196 [00:00<00:04, 20.78it/s, Materializing param=text_model.encoder.layers.5.self_attn.q_proj.bias]    [A
Loading weights:  48%|████▊     | 95/196 [00:00<00:04, 20.78it/s, Materializing param=text_model.encoder.layers.5.self_attn.q_proj.bias][A
Loading weights:  49%|████▉     | 96/196 [00:00<00:04, 20.78it/s, Materializing param=text_model.encoder.layers.5.self_attn.q_proj.weight][A
Loading weights:  49%|████▉     | 96/196 [00:00<00:04, 20.78it/s, Materializing param=text_model.encoder.layers.5.self_attn.q_proj.weight][A
Loading weights:  49%|████▉     | 97/196 [00:00<00:04, 20.78it/s, Materializing param=text_model.encoder.layers.5.self_attn.v_proj.bias]  [A
Loading weights:  49%|████▉     | 97/196 [00:00<00:04, 20.78it/s, Materializing param=text_model.encoder.layers.5.self_attn.v_proj.bias][A
Loading weights:  50%|█████     | 98/196 [00:00<00:04, 20.78it/s, Materializing param=text_model.encoder.layers.5.self_attn.v_proj.weight][A
Loading weights:  50%|█████     | 98/196 [00:00<00:04, 20.78it/s, Materializing param=text_model.encoder.layers.5.self_attn.v_proj.weight][A
Loading weights:  51%|█████     | 99/196 [00:00<00:04, 20.78it/s, Materializing param=text_model.encoder.layers.6.layer_norm1.bias]       [A
Loading weights:  51%|█████     | 99/196 [00:00<00:04, 20.78it/s, Materializing param=text_model.encoder.layers.6.layer_norm1.bias][A
Loading weights:  51%|█████     | 100/196 [00:00<00:04, 20.78it/s, Materializing param=text_model.encoder.layers.6.layer_norm1.weight][A
Loading weights:  51%|█████     | 100/196 [00:00<00:04, 20.78it/s, Materializing param=text_model.encoder.layers.6.layer_norm1.weight][A
Loading weights:  52%|█████▏    | 101/196 [00:00<00:04, 20.78it/s, Materializing param=text_model.encoder.layers.6.layer_norm2.bias]  [A
Loading weights:  52%|█████▏    | 101/196 [00:00<00:04, 20.78it/s, Materializing param=text_model.encoder.layers.6.layer_norm2.bias][A
Loading weights:  52%|█████▏    | 102/196 [00:00<00:04, 20.78it/s, Materializing param=text_model.encoder.layers.6.layer_norm2.weight][A
Loading weights:  52%|█████▏    | 102/196 [00:00<00:04, 20.78it/s, Materializing param=text_model.encoder.layers.6.layer_norm2.weight][A
Loading weights:  53%|█████▎    | 103/196 [00:00<00:04, 20.78it/s, Materializing param=text_model.encoder.layers.6.mlp.fc1.bias]      [A
Loading weights:  53%|█████▎    | 103/196 [00:00<00:04, 20.78it/s, Materializing param=text_model.encoder.layers.6.mlp.fc1.bias][A
Loading weights:  53%|█████▎    | 104/196 [00:00<00:04, 20.78it/s, Materializing param=text_model.encoder.layers.6.mlp.fc1.weight][A
Loading weights:  53%|█████▎    | 104/196 [00:00<00:04, 20.78it/s, Materializing param=text_model.encoder.layers.6.mlp.fc1.weight][A
Loading weights:  54%|█████▎    | 105/196 [00:00<00:04, 20.78it/s, Materializing param=text_model.encoder.layers.6.mlp.fc2.bias]  [A
Loading weights:  54%|█████▎    | 105/196 [00:00<00:04, 20.78it/s, Materializing param=text_model.encoder.layers.6.mlp.fc2.bias][A
Loading weights:  54%|█████▍    | 106/196 [00:00<00:04, 20.78it/s, Materializing param=text_model.encoder.layers.6.mlp.fc2.weight][A
Loading weights:  54%|█████▍    | 106/196 [00:00<00:04, 20.78it/s, Materializing param=text_model.encoder.layers.6.mlp.fc2.weight][A
Loading weights:  55%|█████▍    | 107/196 [00:00<00:04, 20.78it/s, Materializing param=text_model.encoder.layers.6.self_attn.k_proj.bias][A
Loading weights:  55%|█████▍    | 107/196 [00:00<00:04, 20.78it/s, Materializing param=text_model.encoder.layers.6.self_attn.k_proj.bias][A
Loading weights:  55%|█████▌    | 108/196 [00:00<00:04, 20.78it/s, Materializing param=text_model.encoder.layers.6.self_attn.k_proj.weight][A
Loading weights:  55%|█████▌    | 108/196 [00:00<00:04, 20.78it/s, Materializing param=text_model.encoder.layers.6.self_attn.k_proj.weight][A
Loading weights:  56%|█████▌    | 109/196 [00:00<00:04, 20.78it/s, Materializing param=text_model.encoder.layers.6.self_attn.out_proj.bias][A
Loading weights:  56%|█████▌    | 109/196 [00:00<00:04, 20.78it/s, Materializing param=text_model.encoder.layers.6.self_attn.out_proj.bias][A
Loading weights:  56%|█████▌    | 110/196 [00:00<00:04, 20.78it/s, Materializing param=text_model.encoder.layers.6.self_attn.out_proj.weight][A
Loading weights:  56%|█████▌    | 110/196 [00:00<00:04, 20.78it/s, Materializing param=text_model.encoder.layers.6.self_attn.out_proj.weight][A
Loading weights:  57%|█████▋    | 111/196 [00:00<00:04, 20.78it/s, Materializing param=text_model.encoder.layers.6.self_attn.q_proj.bias]    [A
Loading weights:  57%|█████▋    | 111/196 [00:00<00:04, 20.78it/s, Materializing param=text_model.encoder.layers.6.self_attn.q_proj.bias][A
Loading weights:  57%|█████▋    | 112/196 [00:00<00:04, 20.78it/s, Materializing param=text_model.encoder.layers.6.self_attn.q_proj.weight][A
Loading weights:  57%|█████▋    | 112/196 [00:00<00:04, 20.78it/s, Materializing param=text_model.encoder.layers.6.self_attn.q_proj.weight][A
Loading weights:  58%|█████▊    | 113/196 [00:00<00:03, 20.78it/s, Materializing param=text_model.encoder.layers.6.self_attn.v_proj.bias]  [A
Loading weights:  58%|█████▊    | 113/196 [00:00<00:03, 20.78it/s, Materializing param=text_model.encoder.layers.6.self_attn.v_proj.bias][A
Loading weights:  58%|█████▊    | 114/196 [00:00<00:03, 20.78it/s, Materializing param=text_model.encoder.layers.6.self_attn.v_proj.weight][A
Loading weights:  58%|█████▊    | 114/196 [00:00<00:03, 20.78it/s, Materializing param=text_model.encoder.layers.6.self_attn.v_proj.weight][A
Loading weights:  59%|█████▊    | 115/196 [00:00<00:03, 20.78it/s, Materializing param=text_model.encoder.layers.7.layer_norm1.bias]       [A
Loading weights:  59%|█████▊    | 115/196 [00:00<00:03, 20.78it/s, Materializing param=text_model.encoder.layers.7.layer_norm1.bias][A
Loading weights:  59%|█████▉    | 116/196 [00:00<00:03, 20.78it/s, Materializing param=text_model.encoder.layers.7.layer_norm1.weight][A
Loading weights:  59%|█████▉    | 116/196 [00:00<00:03, 20.78it/s, Materializing param=text_model.encoder.layers.7.layer_norm1.weight][A
Loading weights:  60%|█████▉    | 117/196 [00:00<00:03, 20.78it/s, Materializing param=text_model.encoder.layers.7.layer_norm2.bias]  [A
Loading weights:  60%|█████▉    | 117/196 [00:00<00:03, 20.78it/s, Materializing param=text_model.encoder.layers.7.layer_norm2.bias][A
Loading weights:  60%|██████    | 118/196 [00:00<00:03, 20.78it/s, Materializing param=text_model.encoder.layers.7.layer_norm2.weight][A
Loading weights:  60%|██████    | 118/196 [00:00<00:03, 20.78it/s, Materializing param=text_model.encoder.layers.7.layer_norm2.weight][A
Loading weights:  61%|██████    | 119/196 [00:00<00:03, 20.78it/s, Materializing param=text_model.encoder.layers.7.mlp.fc1.bias]      [A
Loading weights:  61%|██████    | 119/196 [00:00<00:03, 20.78it/s, Materializing param=text_model.encoder.layers.7.mlp.fc1.bias][A
Loading weights:  61%|██████    | 120/196 [00:00<00:03, 20.78it/s, Materializing param=text_model.encoder.layers.7.mlp.fc1.weight][A
Loading weights:  61%|██████    | 120/196 [00:00<00:03, 20.78it/s, Materializing param=text_model.encoder.layers.7.mlp.fc1.weight][A
Loading weights:  62%|██████▏   | 121/196 [00:00<00:03, 20.78it/s, Materializing param=text_model.encoder.layers.7.mlp.fc2.bias]  [A
Loading weights:  62%|██████▏   | 121/196 [00:00<00:03, 20.78it/s, Materializing param=text_model.encoder.layers.7.mlp.fc2.bias][A
Loading weights:  62%|██████▏   | 122/196 [00:00<00:03, 20.78it/s, Materializing param=text_model.encoder.layers.7.mlp.fc2.weight][A
Loading weights:  62%|██████▏   | 122/196 [00:00<00:03, 20.78it/s, Materializing param=text_model.encoder.layers.7.mlp.fc2.weight][A
Loading weights:  63%|██████▎   | 123/196 [00:00<00:03, 20.78it/s, Materializing param=text_model.encoder.layers.7.self_attn.k_proj.bias][A
Loading weights:  63%|██████▎   | 123/196 [00:00<00:03, 20.78it/s, Materializing param=text_model.encoder.layers.7.self_attn.k_proj.bias][A
Loading weights:  63%|██████▎   | 124/196 [00:00<00:03, 20.78it/s, Materializing param=text_model.encoder.layers.7.self_attn.k_proj.weight][A
Loading weights:  63%|██████▎   | 124/196 [00:00<00:03, 20.78it/s, Materializing param=text_model.encoder.layers.7.self_attn.k_proj.weight][A
Loading weights:  64%|██████▍   | 125/196 [00:00<00:03, 20.78it/s, Materializing param=text_model.encoder.layers.7.self_attn.out_proj.bias][A
Loading weights:  64%|██████▍   | 125/196 [00:00<00:03, 20.78it/s, Materializing param=text_model.encoder.layers.7.self_attn.out_proj.bias][A
Loading weights:  64%|██████▍   | 126/196 [00:00<00:03, 20.78it/s, Materializing param=text_model.encoder.layers.7.self_attn.out_proj.weight][A
Loading weights:  64%|██████▍   | 126/196 [00:00<00:03, 20.78it/s, Materializing param=text_model.encoder.layers.7.self_attn.out_proj.weight][A
Loading weights:  65%|██████▍   | 127/196 [00:00<00:03, 20.78it/s, Materializing param=text_model.encoder.layers.7.self_attn.q_proj.bias]    [A
Loading weights:  65%|██████▍   | 127/196 [00:00<00:03, 20.78it/s, Materializing param=text_model.encoder.layers.7.self_attn.q_proj.bias][A
Loading weights:  65%|██████▌   | 128/196 [00:00<00:03, 20.78it/s, Materializing param=text_model.encoder.layers.7.self_attn.q_proj.weight][A
Loading weights:  65%|██████▌   | 128/196 [00:00<00:03, 20.78it/s, Materializing param=text_model.encoder.layers.7.self_attn.q_proj.weight][A
Loading weights:  66%|██████▌   | 129/196 [00:00<00:03, 20.78it/s, Materializing param=text_model.encoder.layers.7.self_attn.v_proj.bias]  [A
Loading weights:  66%|██████▌   | 129/196 [00:00<00:03, 20.78it/s, Materializing param=text_model.encoder.layers.7.self_attn.v_proj.bias][A
Loading weights:  66%|██████▋   | 130/196 [00:00<00:03, 20.78it/s, Materializing param=text_model.encoder.layers.7.self_attn.v_proj.weight][A
Loading weights:  66%|██████▋   | 130/196 [00:00<00:03, 20.78it/s, Materializing param=text_model.encoder.layers.7.self_attn.v_proj.weight][A
Loading weights:  67%|██████▋   | 131/196 [00:00<00:03, 20.78it/s, Materializing param=text_model.encoder.layers.8.layer_norm1.bias]       [A
Loading weights:  67%|██████▋   | 131/196 [00:00<00:03, 20.78it/s, Materializing param=text_model.encoder.layers.8.layer_norm1.bias][A
Loading weights:  67%|██████▋   | 132/196 [00:00<00:03, 20.78it/s, Materializing param=text_model.encoder.layers.8.layer_norm1.weight][A
Loading weights:  67%|██████▋   | 132/196 [00:00<00:03, 20.78it/s, Materializing param=text_model.encoder.layers.8.layer_norm1.weight][A
Loading weights:  68%|██████▊   | 133/196 [00:00<00:03, 20.78it/s, Materializing param=text_model.encoder.layers.8.layer_norm2.bias]  [A
Loading weights:  68%|██████▊   | 133/196 [00:00<00:03, 20.78it/s, Materializing param=text_model.encoder.layers.8.layer_norm2.bias][A
Loading weights:  68%|██████▊   | 134/196 [00:00<00:02, 20.78it/s, Materializing param=text_model.encoder.layers.8.layer_norm2.weight][A
Loading weights:  68%|██████▊   | 134/196 [00:00<00:02, 20.78it/s, Materializing param=text_model.encoder.layers.8.layer_norm2.weight][A
Loading weights:  69%|██████▉   | 135/196 [00:00<00:02, 20.78it/s, Materializing param=text_model.encoder.layers.8.mlp.fc1.bias]      [A
Loading weights:  69%|██████▉   | 135/196 [00:00<00:02, 20.78it/s, Materializing param=text_model.encoder.layers.8.mlp.fc1.bias][A
Loading weights:  69%|██████▉   | 136/196 [00:00<00:02, 20.78it/s, Materializing param=text_model.encoder.layers.8.mlp.fc1.weight][A
Loading weights:  69%|██████▉   | 136/196 [00:00<00:02, 20.78it/s, Materializing param=text_model.encoder.layers.8.mlp.fc1.weight][A
Loading weights:  70%|██████▉   | 137/196 [00:00<00:02, 20.78it/s, Materializing param=text_model.encoder.layers.8.mlp.fc2.bias]  [A
Loading weights:  70%|██████▉   | 137/196 [00:00<00:02, 20.78it/s, Materializing param=text_model.encoder.layers.8.mlp.fc2.bias][A
Loading weights:  70%|███████   | 138/196 [00:00<00:02, 20.78it/s, Materializing param=text_model.encoder.layers.8.mlp.fc2.weight][A
Loading weights:  70%|███████   | 138/196 [00:00<00:02, 20.78it/s, Materializing param=text_model.encoder.layers.8.mlp.fc2.weight][A
Loading weights:  71%|███████   | 139/196 [00:00<00:02, 20.78it/s, Materializing param=text_model.encoder.layers.8.self_attn.k_proj.bias][A
Loading weights:  71%|███████   | 139/196 [00:00<00:02, 20.78it/s, Materializing param=text_model.encoder.layers.8.self_attn.k_proj.bias][A
Loading weights:  71%|███████▏  | 140/196 [00:00<00:02, 20.78it/s, Materializing param=text_model.encoder.layers.8.self_attn.k_proj.weight][A
Loading weights:  71%|███████▏  | 140/196 [00:00<00:02, 20.78it/s, Materializing param=text_model.encoder.layers.8.self_attn.k_proj.weight][A
Loading weights:  72%|███████▏  | 141/196 [00:00<00:02, 20.78it/s, Materializing param=text_model.encoder.layers.8.self_attn.out_proj.bias][A
Loading weights:  72%|███████▏  | 141/196 [00:00<00:02, 20.78it/s, Materializing param=text_model.encoder.layers.8.self_attn.out_proj.bias][A
Loading weights:  72%|███████▏  | 142/196 [00:00<00:02, 20.78it/s, Materializing param=text_model.encoder.layers.8.self_attn.out_proj.weight][A
Loading weights:  72%|███████▏  | 142/196 [00:00<00:02, 20.78it/s, Materializing param=text_model.encoder.layers.8.self_attn.out_proj.weight][A
Loading weights:  73%|███████▎  | 143/196 [00:00<00:02, 20.78it/s, Materializing param=text_model.encoder.layers.8.self_attn.q_proj.bias]    [A
Loading weights:  73%|███████▎  | 143/196 [00:00<00:02, 20.78it/s, Materializing param=text_model.encoder.layers.8.self_attn.q_proj.bias][A
Loading weights:  73%|███████▎  | 144/196 [00:00<00:02, 20.78it/s, Materializing param=text_model.encoder.layers.8.self_attn.q_proj.weight][A
Loading weights:  73%|███████▎  | 144/196 [00:00<00:02, 20.78it/s, Materializing param=text_model.encoder.layers.8.self_attn.q_proj.weight][A
Loading weights:  74%|███████▍  | 145/196 [00:00<00:02, 20.78it/s, Materializing param=text_model.encoder.layers.8.self_attn.v_proj.bias]  [A
Loading weights:  74%|███████▍  | 145/196 [00:00<00:02, 20.78it/s, Materializing param=text_model.encoder.layers.8.self_attn.v_proj.bias][A
Loading weights:  74%|███████▍  | 146/196 [00:00<00:02, 20.78it/s, Materializing param=text_model.encoder.layers.8.self_attn.v_proj.weight][A
Loading weights:  74%|███████▍  | 146/196 [00:00<00:02, 20.78it/s, Materializing param=text_model.encoder.layers.8.self_attn.v_proj.weight][A
Loading weights:  75%|███████▌  | 147/196 [00:00<00:02, 20.78it/s, Materializing param=text_model.encoder.layers.9.layer_norm1.bias]       [A
Loading weights:  75%|███████▌  | 147/196 [00:00<00:02, 20.78it/s, Materializing param=text_model.encoder.layers.9.layer_norm1.bias][A
Loading weights:  76%|███████▌  | 148/196 [00:00<00:02, 20.78it/s, Materializing param=text_model.encoder.layers.9.layer_norm1.weight][A
Loading weights:  76%|███████▌  | 148/196 [00:00<00:02, 20.78it/s, Materializing param=text_model.encoder.layers.9.layer_norm1.weight][A
Loading weights:  76%|███████▌  | 149/196 [00:00<00:02, 20.78it/s, Materializing param=text_model.encoder.layers.9.layer_norm2.bias]  [A
Loading weights:  76%|███████▌  | 149/196 [00:00<00:02, 20.78it/s, Materializing param=text_model.encoder.layers.9.layer_norm2.bias][A
Loading weights:  77%|███████▋  | 150/196 [00:00<00:02, 20.78it/s, Materializing param=text_model.encoder.layers.9.layer_norm2.weight][A
Loading weights:  77%|███████▋  | 150/196 [00:00<00:02, 20.78it/s, Materializing param=text_model.encoder.layers.9.layer_norm2.weight][A
Loading weights:  77%|███████▋  | 151/196 [00:00<00:02, 20.78it/s, Materializing param=text_model.encoder.layers.9.mlp.fc1.bias]      [A
Loading weights:  77%|███████▋  | 151/196 [00:00<00:02, 20.78it/s, Materializing param=text_model.encoder.layers.9.mlp.fc1.bias][A
Loading weights:  78%|███████▊  | 152/196 [00:00<00:02, 20.78it/s, Materializing param=text_model.encoder.layers.9.mlp.fc1.weight][A
Loading weights:  78%|███████▊  | 152/196 [00:00<00:02, 20.78it/s, Materializing param=text_model.encoder.layers.9.mlp.fc1.weight][A
Loading weights:  78%|███████▊  | 153/196 [00:00<00:02, 20.78it/s, Materializing param=text_model.encoder.layers.9.mlp.fc2.bias]  [A
Loading weights:  78%|███████▊  | 153/196 [00:00<00:02, 20.78it/s, Materializing param=text_model.encoder.layers.9.mlp.fc2.bias][A
Loading weights:  79%|███████▊  | 154/196 [00:00<00:02, 20.78it/s, Materializing param=text_model.encoder.layers.9.mlp.fc2.weight][A
Loading weights:  79%|███████▊  | 154/196 [00:00<00:02, 20.78it/s, Materializing param=text_model.encoder.layers.9.mlp.fc2.weight][A
Loading weights:  79%|███████▉  | 155/196 [00:00<00:01, 20.78it/s, Materializing param=text_model.encoder.layers.9.self_attn.k_proj.bias][A
Loading weights:  79%|███████▉  | 155/196 [00:00<00:01, 20.78it/s, Materializing param=text_model.encoder.layers.9.self_attn.k_proj.bias][A
Loading weights:  80%|███████▉  | 156/196 [00:00<00:01, 20.78it/s, Materializing param=text_model.encoder.layers.9.self_attn.k_proj.weight][A
Loading weights:  80%|███████▉  | 156/196 [00:00<00:01, 20.78it/s, Materializing param=text_model.encoder.layers.9.self_attn.k_proj.weight][A
Loading weights:  80%|████████  | 157/196 [00:00<00:01, 20.78it/s, Materializing param=text_model.encoder.layers.9.self_attn.out_proj.bias][A
Loading weights:  80%|████████  | 157/196 [00:00<00:01, 20.78it/s, Materializing param=text_model.encoder.layers.9.self_attn.out_proj.bias][A
Loading weights:  81%|████████  | 158/196 [00:00<00:01, 20.78it/s, Materializing param=text_model.encoder.layers.9.self_attn.out_proj.weight][A
Loading weights:  81%|████████  | 158/196 [00:00<00:01, 20.78it/s, Materializing param=text_model.encoder.layers.9.self_attn.out_proj.weight][A
Loading weights:  81%|████████  | 159/196 [00:00<00:01, 20.78it/s, Materializing param=text_model.encoder.layers.9.self_attn.q_proj.bias]    [A
Loading weights:  81%|████████  | 159/196 [00:00<00:01, 20.78it/s, Materializing param=text_model.encoder.layers.9.self_attn.q_proj.bias][A
Loading weights:  82%|████████▏ | 160/196 [00:00<00:01, 20.78it/s, Materializing param=text_model.encoder.layers.9.self_attn.q_proj.weight][A
Loading weights:  82%|████████▏ | 160/196 [00:00<00:01, 20.78it/s, Materializing param=text_model.encoder.layers.9.self_attn.q_proj.weight][A
Loading weights:  82%|████████▏ | 161/196 [00:00<00:01, 20.78it/s, Materializing param=text_model.encoder.layers.9.self_attn.v_proj.bias]  [A
Loading weights:  82%|████████▏ | 161/196 [00:00<00:01, 20.78it/s, Materializing param=text_model.encoder.layers.9.self_attn.v_proj.bias][A
Loading weights:  83%|████████▎ | 162/196 [00:00<00:01, 20.78it/s, Materializing param=text_model.encoder.layers.9.self_attn.v_proj.weight][A
Loading weights:  83%|████████▎ | 162/196 [00:00<00:01, 20.78it/s, Materializing param=text_model.encoder.layers.9.self_attn.v_proj.weight][A
Loading weights:  83%|████████▎ | 163/196 [00:00<00:01, 20.78it/s, Materializing param=text_model.encoder.layers.10.layer_norm1.bias]      [A
Loading weights:  83%|████████▎ | 163/196 [00:00<00:01, 20.78it/s, Materializing param=text_model.encoder.layers.10.layer_norm1.bias][A
Loading weights:  84%|████████▎ | 164/196 [00:00<00:01, 20.78it/s, Materializing param=text_model.encoder.layers.10.layer_norm1.weight][A
Loading weights:  84%|████████▎ | 164/196 [00:00<00:01, 20.78it/s, Materializing param=text_model.encoder.layers.10.layer_norm1.weight][A
Loading weights:  84%|████████▍ | 165/196 [00:00<00:01, 20.78it/s, Materializing param=text_model.encoder.layers.10.layer_norm2.bias]  [A
Loading weights:  84%|████████▍ | 165/196 [00:00<00:01, 20.78it/s, Materializing param=text_model.encoder.layers.10.layer_norm2.bias][A
Loading weights:  85%|████████▍ | 166/196 [00:00<00:01, 20.78it/s, Materializing param=text_model.encoder.layers.10.layer_norm2.weight][A
Loading weights:  85%|████████▍ | 166/196 [00:00<00:01, 20.78it/s, Materializing param=text_model.encoder.layers.10.layer_norm2.weight][A
Loading weights:  85%|████████▌ | 167/196 [00:00<00:01, 20.78it/s, Materializing param=text_model.encoder.layers.10.mlp.fc1.bias]      [A
Loading weights:  85%|████████▌ | 167/196 [00:00<00:01, 20.78it/s, Materializing param=text_model.encoder.layers.10.mlp.fc1.bias][A
Loading weights:  86%|████████▌ | 168/196 [00:00<00:01, 20.78it/s, Materializing param=text_model.encoder.layers.10.mlp.fc1.weight][A
Loading weights:  86%|████████▌ | 168/196 [00:00<00:01, 20.78it/s, Materializing param=text_model.encoder.layers.10.mlp.fc1.weight][A
Loading weights:  86%|████████▌ | 169/196 [00:00<00:01, 20.78it/s, Materializing param=text_model.encoder.layers.10.mlp.fc2.bias]  [A
Loading weights:  86%|████████▌ | 169/196 [00:00<00:01, 20.78it/s, Materializing param=text_model.encoder.layers.10.mlp.fc2.bias][A
Loading weights:  87%|████████▋ | 170/196 [00:00<00:01, 20.78it/s, Materializing param=text_model.encoder.layers.10.mlp.fc2.weight][A
Loading weights:  87%|████████▋ | 170/196 [00:00<00:01, 20.78it/s, Materializing param=text_model.encoder.layers.10.mlp.fc2.weight][A
Loading weights:  87%|████████▋ | 171/196 [00:00<00:01, 20.78it/s, Materializing param=text_model.encoder.layers.10.self_attn.k_proj.bias][A
Loading weights:  87%|████████▋ | 171/196 [00:00<00:01, 20.78it/s, Materializing param=text_model.encoder.layers.10.self_attn.k_proj.bias][A
Loading weights:  88%|████████▊ | 172/196 [00:00<00:01, 20.78it/s, Materializing param=text_model.encoder.layers.10.self_attn.k_proj.weight][A
Loading weights:  88%|████████▊ | 172/196 [00:00<00:01, 20.78it/s, Materializing param=text_model.encoder.layers.10.self_attn.k_proj.weight][A
Loading weights:  88%|████████▊ | 173/196 [00:00<00:01, 20.78it/s, Materializing param=text_model.encoder.layers.10.self_attn.out_proj.bias][A
Loading weights:  88%|████████▊ | 173/196 [00:00<00:01, 20.78it/s, Materializing param=text_model.encoder.layers.10.self_attn.out_proj.bias][A
Loading weights:  89%|████████▉ | 174/196 [00:00<00:01, 20.78it/s, Materializing param=text_model.encoder.layers.10.self_attn.out_proj.weight][A
Loading weights:  89%|████████▉ | 174/196 [00:00<00:01, 20.78it/s, Materializing param=text_model.encoder.layers.10.self_attn.out_proj.weight][A
Loading weights:  89%|████████▉ | 175/196 [00:00<00:01, 20.78it/s, Materializing param=text_model.encoder.layers.10.self_attn.q_proj.bias]    [A
Loading weights:  89%|████████▉ | 175/196 [00:00<00:01, 20.78it/s, Materializing param=text_model.encoder.layers.10.self_attn.q_proj.bias][A
Loading weights:  90%|████████▉ | 176/196 [00:00<00:00, 20.78it/s, Materializing param=text_model.encoder.layers.10.self_attn.q_proj.weight][A
Loading weights:  90%|████████▉ | 176/196 [00:00<00:00, 20.78it/s, Materializing param=text_model.encoder.layers.10.self_attn.q_proj.weight][A
Loading weights:  90%|█████████ | 177/196 [00:00<00:00, 20.78it/s, Materializing param=text_model.encoder.layers.10.self_attn.v_proj.bias]  [A
Loading weights:  90%|█████████ | 177/196 [00:00<00:00, 20.78it/s, Materializing param=text_model.encoder.layers.10.self_attn.v_proj.bias][A
Loading weights:  91%|█████████ | 178/196 [00:00<00:00, 20.78it/s, Materializing param=text_model.encoder.layers.10.self_attn.v_proj.weight][A
Loading weights:  91%|█████████ | 178/196 [00:00<00:00, 20.78it/s, Materializing param=text_model.encoder.layers.10.self_attn.v_proj.weight][A
Loading weights:  91%|█████████▏| 179/196 [00:00<00:00, 20.78it/s, Materializing param=text_model.encoder.layers.11.layer_norm1.bias]       [A
Loading weights:  91%|█████████▏| 179/196 [00:00<00:00, 20.78it/s, Materializing param=text_model.encoder.layers.11.layer_norm1.bias][A
Loading weights:  92%|█████████▏| 180/196 [00:00<00:00, 20.78it/s, Materializing param=text_model.encoder.layers.11.layer_norm1.weight][A
Loading weights:  92%|█████████▏| 180/196 [00:00<00:00, 20.78it/s, Materializing param=text_model.encoder.layers.11.layer_norm1.weight][A
Loading weights:  92%|█████████▏| 181/196 [00:00<00:00, 20.78it/s, Materializing param=text_model.encoder.layers.11.layer_norm2.bias]  [A
Loading weights:  92%|█████████▏| 181/196 [00:00<00:00, 20.78it/s, Materializing param=text_model.encoder.layers.11.layer_norm2.bias][A
Loading weights:  93%|█████████▎| 182/196 [00:00<00:00, 20.78it/s, Materializing param=text_model.encoder.layers.11.layer_norm2.weight][A
Loading weights:  93%|█████████▎| 182/196 [00:00<00:00, 20.78it/s, Materializing param=text_model.encoder.layers.11.layer_norm2.weight][A
Loading weights:  93%|█████████▎| 183/196 [00:00<00:00, 20.78it/s, Materializing param=text_model.encoder.layers.11.mlp.fc1.bias]      [A
Loading weights:  93%|█████████▎| 183/196 [00:00<00:00, 20.78it/s, Materializing param=text_model.encoder.layers.11.mlp.fc1.bias][A
Loading weights:  94%|█████████▍| 184/196 [00:00<00:00, 20.78it/s, Materializing param=text_model.encoder.layers.11.mlp.fc1.weight][A
Loading weights:  94%|█████████▍| 184/196 [00:00<00:00, 20.78it/s, Materializing param=text_model.encoder.layers.11.mlp.fc1.weight][A
Loading weights:  94%|█████████▍| 185/196 [00:00<00:00, 20.78it/s, Materializing param=text_model.encoder.layers.11.mlp.fc2.bias]  [A
Loading weights:  94%|█████████▍| 185/196 [00:00<00:00, 20.78it/s, Materializing param=text_model.encoder.layers.11.mlp.fc2.bias][A
Loading weights:  95%|█████████▍| 186/196 [00:00<00:00, 20.78it/s, Materializing param=text_model.encoder.layers.11.mlp.fc2.weight][A
Loading weights:  95%|█████████▍| 186/196 [00:00<00:00, 20.78it/s, Materializing param=text_model.encoder.layers.11.mlp.fc2.weight][A
Loading weights:  95%|█████████▌| 187/196 [00:00<00:00, 20.78it/s, Materializing param=text_model.encoder.layers.11.self_attn.k_proj.bias][A
Loading weights:  95%|█████████▌| 187/196 [00:00<00:00, 20.78it/s, Materializing param=text_model.encoder.layers.11.self_attn.k_proj.bias][A
Loading weights:  96%|█████████▌| 188/196 [00:00<00:00, 20.78it/s, Materializing param=text_model.encoder.layers.11.self_attn.k_proj.weight][A
Loading weights:  96%|█████████▌| 188/196 [00:00<00:00, 20.78it/s, Materializing param=text_model.encoder.layers.11.self_attn.k_proj.weight][A
Loading weights:  96%|█████████▋| 189/196 [00:00<00:00, 20.78it/s, Materializing param=text_model.encoder.layers.11.self_attn.out_proj.bias][A
Loading weights:  96%|█████████▋| 189/196 [00:00<00:00, 20.78it/s, Materializing param=text_model.encoder.layers.11.self_attn.out_proj.bias][A
Loading weights:  97%|█████████▋| 190/196 [00:00<00:00, 20.78it/s, Materializing param=text_model.encoder.layers.11.self_attn.out_proj.weight][A
Loading weights:  97%|█████████▋| 190/196 [00:00<00:00, 20.78it/s, Materializing param=text_model.encoder.layers.11.self_attn.out_proj.weight][A
Loading weights:  97%|█████████▋| 191/196 [00:00<00:00, 20.78it/s, Materializing param=text_model.encoder.layers.11.self_attn.q_proj.bias]    [A
Loading weights:  97%|█████████▋| 191/196 [00:00<00:00, 20.78it/s, Materializing param=text_model.encoder.layers.11.self_attn.q_proj.bias][A
Loading weights:  98%|█████████▊| 192/196 [00:00<00:00, 20.78it/s, Materializing param=text_model.encoder.layers.11.self_attn.q_proj.weight][A
Loading weights:  98%|█████████▊| 192/196 [00:00<00:00, 20.78it/s, Materializing param=text_model.encoder.layers.11.self_attn.q_proj.weight][A
Loading weights:  98%|█████████▊| 193/196 [00:00<00:00, 20.78it/s, Materializing param=text_model.encoder.layers.11.self_attn.v_proj.bias]  [A
Loading weights:  98%|█████████▊| 193/196 [00:00<00:00, 20.78it/s, Materializing param=text_model.encoder.layers.11.self_attn.v_proj.bias][A
Loading weights:  99%|█████████▉| 194/196 [00:00<00:00, 20.78it/s, Materializing param=text_model.encoder.layers.11.self_attn.v_proj.weight][A
Loading weights:  99%|█████████▉| 194/196 [00:00<00:00, 20.78it/s, Materializing param=text_model.encoder.layers.11.self_attn.v_proj.weight][A
Loading weights:  99%|█████████▉| 195/196 [00:00<00:00, 20.78it/s, Materializing param=text_model.final_layer_norm.bias]                    [A
Loading weights:  99%|█████████▉| 195/196 [00:00<00:00, 20.78it/s, Materializing param=text_model.final_layer_norm.bias][A
Loading weights: 100%|██████████| 196/196 [00:00<00:00, 20.78it/s, Materializing param=text_model.final_layer_norm.weight][A
Loading weights: 100%|██████████| 196/196 [00:00<00:00, 20.78it/s, Materializing param=text_model.final_layer_norm.weight][ALoading weights: 100%|██████████| 196/196 [00:00<00:00, 333.25it/s, Materializing param=text_model.final_layer_norm.weight]
Loading pipeline components...: 100%|██████████| 7/7 [00:24<00:00,  2.84s/it]Loading pipeline components...: 100%|██████████| 7/7 [00:24<00:00,  3.46s/it]
/home/ricoeri/Documents/smartgram-backend/venv/lib/python3.14/site-packages/diffusers/pipelines/pipeline_utils.py:2215: FutureWarning: `enable_vae_slicing` is deprecated and will be removed in version 0.40.0. Calling `enable_vae_slicing()` on a `StableDiffusionXLUnionPipeline` is deprecated and this method will be removed in a future version. Please use `pipe.vae.enable_slicing()`.
  deprecate(
Deprecation warning: passing multiple tokenizers/text encoders to Compel is deprecated and will be removed in v3.0. Use one of the CompelFor* classes in multi_model_wrappers instead
xFormers not available, using standard attention
Pipeline ready | Device: cuda | Maximum quality mode active
Pipeline type: <class 'posts.infrastructure.custom_pipeline.StableDiffusionXLUnionPipeline'>
✅ Pipeline class correct
ControlNet type: <class 'posts.infrastructure.custom_controlnet.UnionMultiControlNetModel'>
ControlNet MRO: (<class 'posts.infrastructure.custom_controlnet.UnionMultiControlNetModel'>, <class 'diffusers.models.controlnets.multicontrolnet.MultiControlNetModel'>, <class 'diffusers.models.modeling_utils.ModelMixin'>, <class 'torch.nn.modules.module.Module'>, <class 'diffusers.utils.hub_utils.PushToHubMixin'>, <class 'object'>)
Is instance of diffusers.models.MultiControlNetModel? True
Inner ControlNet type: <class 'diffusers.models.controlnets.controlnet.ControlNetModel'>

--- Test 2: Dry Run Generation (1 step) ---
Control Modes: [0, 4]
  0%|          | 0/1 [00:00<?, ?it/s]100%|██████████| 1/1 [00:03<00:00,  3.10s/it]100%|██████████| 1/1 [00:03<00:00,  3.10s/it]
DEBUG Union: sample shape: torch.Size([1, 4, 128, 128])
DEBUG Union: encoder_hidden_states shape: torch.Size([1, 77, 2048])
DEBUG Union: controlnet_cond list len: 2
DEBUG: Passing class_labels for net 0
DEBUG: Passing class_labels for net 1
✅ Generation call finished without error
Unloading AI pipeline...
Pipeline fully unloaded and memory cleared
Cleanup done
